# 2021. 11. 08. (월)

## mysql





```

Microsoft Windows [Version 10.0.18362.356]
(c) 2019 Microsoft Corporation. All rights reserved.

C:\Users\user>cd C:\Program Files\MySQL\MySQL Server 8.0\bin

C:\Program Files\MySQL\MySQL Server 8.0\bin>mysql -u thkim -p
Enter password:
Welcome to the MySQL monitor.  Commands end with ; or \g.
Your MySQL connection id is 19
Server version: 8.0.27 MySQL Community Server - GPL

Copyright (c) 2000, 2021, Oracle and/or its affiliates.

Oracle is a registered trademark of Oracle Corporation and/or its
affiliates. Other names may be trademarks of their respective
owners.

Type 'help;' or '\h' for help. Type '\c' to clear the current input statement.

mysql> use itbank
Database changed
mysql> show tables;
+------------------+
| Tables_in_itbank |
+------------------+
| customer         |
| items            |
| orders           |
+------------------+
3 rows in set (0.00 sec)

mysql> desc customer_auto;
ERROR 1146 (42S02): Table 'itbank.customer_auto' doesn't exist
mysql> use itbank
Database changed
mysql> desc customer_auto;
ERROR 1146 (42S02): Table 'itbank.customer_auto' doesn't exist
mysql>
mysql> CREATE TABLE `customer_auto` (
    ->   `num` int NOT NULL, auto_increment,
    ->   account   varchar(10) NOT NULL,
    ->   name      varchar(10) NOT NULL,
    ->   grade     varchar(6) NOT NULL DEFAULT 'New',
    ->   credit    int DEFAULT 0,
    ->   address   varchar(100),
    ->   PRIMARY KEY (`num`),
    ->   unique ( account )
    -> )charset='UTF8';
ERROR 1064 (42000): You have an error in your SQL syntax; check the manual that corresponds to your MySQL server version for the right syntax to use near ',
  account   varchar(10) NOT NULL,
  name      varchar(10) NOT NULL,
  grade   ' at line 2
mysql> source customer_auto;
ERROR:
Failed to open file 'customer_auto', error: 2
mysql> source customer_auto;
ERROR:
Failed to open file 'customer_auto', error: 2
mysql> CREATE TABLE customer_auto (
    ->   num int NOT NULL auto_increment,
    ->   account   varchar(10) NOT NULL,
    ->   name      varchar(10) NOT NULL,
    ->   grade     varchar(6) NOT NULL DEFAULT 'New',
    ->   credit    int DEFAULT 0,
    ->   address   varchar(100),
    ->   PRIMARY KEY ( num ),
    ->   unique ( account )
    -> )charset='UTF8';
Query OK, 0 rows affected, 1 warning (0.15 sec)

mysql> desc customer_auto;
+---------+--------------+------+-----+---------+----------------+
| Field   | Type         | Null | Key | Default | Extra          |
+---------+--------------+------+-----+---------+----------------+
| num     | int          | NO   | PRI | NULL    | auto_increment |
| account | varchar(10)  | NO   | UNI | NULL    |                |
| name    | varchar(10)  | NO   |     | NULL    |                |
| grade   | varchar(6)   | NO   |     | New     |                |
| credit  | int          | YES  |     | 0       |                |
| address | varchar(100) | YES  |     | NULL    |                |
+---------+--------------+------+-----+---------+----------------+
6 rows in set (0.01 sec)

mysql> insert into customer_auto (account, name, grade, redit, address )
    ->      values ('bank','홍길동','Gold', 30000,'서울 종로구');
ERROR 1054 (42S22): Unknown column 'redit' in 'field list'
mysql> insert into customer_auto (account, name, grade, redit, address )
    ->      values ('apple','이남이','VIP', 5000,'경기 용인시');
ERROR 1054 (42S22): Unknown column 'redit' in 'field list'
mysql> insert into customer_auto (account, name, grade, redit, address )
    ->      values ('pencil','김둘','Silver', 350,'경기 수원');
ERROR 1054 (42S22): Unknown column 'redit' in 'field list'
mysql> insert into customer_auto (account, name, grade, credit, address )
    -> values ('bank','홍길동','Gold',30000,'서울 종로구');
Query OK, 1 row affected (0.01 sec)

mysql> insert into customer_auto (account, name, grade, redit, address )
    ->      values ('apple','이남이','VIP',5000,'경기 용인시');
ERROR 1054 (42S22): Unknown column 'redit' in 'field list'
mysql> insert into customer_auto (account, name, grade, redit, address )
    ->      values ('pencil','김둘','Silver',350,'경기 수원');
ERROR 1054 (42S22): Unknown column 'redit' in 'field list'
mysql> insert into customer_auto (account, name, grade, redit, address )
    -> values ('apple','이남이','VIP',5000,'경기 용인시');
ERROR 1054 (42S22): Unknown column 'redit' in 'field list'
mysql> insert into customer_auto (account, name, grade, redit, address )
    -> values ('pencil','김둘','Silver',350,'경기 수원')
    -> ;
ERROR 1054 (42S22): Unknown column 'redit' in 'field list'
mysql> insert into customer_auto (account, name, grade, credit, address )
    -> values ('apple','이남이','VIP',5000,'경기 용인시');
Query OK, 1 row affected (0.01 sec)

mysql> insert into customer_auto (account, name, grade, credit, address )
    -> values ('pencil','김둘','Silver',350,'경기 수원');
Query OK, 1 row affected (0.02 sec)

mysql> select * from customer_auto;
+-----+---------+--------+--------+--------+-------------+
| num | account | name   | grade  | credit | address     |
+-----+---------+--------+--------+--------+-------------+
|   1 | bank    | 홍길동 | Gold   |  30000 | 서울 종로구 |
|   2 | apple   | 이남이 | VIP    |   5000 | 경기 용인시 |
|   3 | pencil  | 김둘   | Silver |    350 | 경기 수원   |
+-----+---------+--------+--------+--------+-------------+
3 rows in set (0.00 sec)

mysql> ALTER TABLE customer_auto AUTO_INCREMENT=100;
Query OK, 0 rows affected (0.08 sec)
Records: 0  Duplicates: 0  Warnings: 0

mysql> insert into customer_auto (account, name, grade, credit, address )
    -> values('eagle','박세째','Gold',2450,'부산 남구');
Query OK, 1 row affected (0.01 sec)

mysql> insert into customer_auto (account, name, grade, credit, address )
    -> values('bird','구선두','',0,'충남 천안시');
Query OK, 1 row affected (0.01 sec)

mysql> select * from customer_auto;
+-----+---------+--------+--------+--------+-------------+
| num | account | name   | grade  | credit | address     |
+-----+---------+--------+--------+--------+-------------+
|   1 | bank    | 홍길동 | Gold   |  30000 | 서울 종로구 |
|   2 | apple   | 이남이 | VIP    |   5000 | 경기 용인시 |
|   3 | pencil  | 김둘   | Silver |    350 | 경기 수원   |
| 100 | eagle   | 박세째 | Gold   |   2450 | 부산 남구   |
| 101 | bird    | 구선두 |        |      0 | 충남 천안시 |
+-----+---------+--------+--------+--------+-------------+
5 rows in set (0.00 sec)

mysql> insert into customer_auto values('king','오나라','Gold',15000,'서울 성북구');
ERROR 1136 (21S01): Column count doesn't match value count at row 1
mysql> insert into customer_auto values(NULL,'bank1','홍길서','Gold',10000,'서울 종로구');
Query OK, 1 row affected (0.01 sec)

mysql> select * from customer_auto;
+-----+---------+--------+--------+--------+-------------+
| num | account | name   | grade  | credit | address     |
+-----+---------+--------+--------+--------+-------------+
|   1 | bank    | 홍길동 | Gold   |  30000 | 서울 종로구 |
|   2 | apple   | 이남이 | VIP    |   5000 | 경기 용인시 |
|   3 | pencil  | 김둘   | Silver |    350 | 경기 수원   |
| 100 | eagle   | 박세째 | Gold   |   2450 | 부산 남구   |
| 101 | bird    | 구선두 |        |      0 | 충남 천안시 |
| 102 | bank1   | 홍길서 | Gold   |  10000 | 서울 종로구 |
+-----+---------+--------+--------+--------+-------------+
6 rows in set (0.00 sec)

mysql> insert into customer_auto values(200,'bank2','홍길동','Silver',2000,'서울 종로구');
Query OK, 1 row affected (0.01 sec)

mysql> select * from customer_auto;
+-----+---------+--------+--------+--------+-------------+
| num | account | name   | grade  | credit | address     |
+-----+---------+--------+--------+--------+-------------+
|   1 | bank    | 홍길동 | Gold   |  30000 | 서울 종로구 |
|   2 | apple   | 이남이 | VIP    |   5000 | 경기 용인시 |
|   3 | pencil  | 김둘   | Silver |    350 | 경기 수원   |
| 100 | eagle   | 박세째 | Gold   |   2450 | 부산 남구   |
| 101 | bird    | 구선두 |        |      0 | 충남 천안시 |
| 102 | bank1   | 홍길서 | Gold   |  10000 | 서울 종로구 |
| 200 | bank2   | 홍길동 | Silver |   2000 | 서울 종로구 |
+-----+---------+--------+--------+--------+-------------+
7 rows in set (0.00 sec)

mysql> desc items;
+--------+-------------+------+-----+---------+-------+
| Field  | Type        | Null | Key | Default | Extra |
+--------+-------------+------+-----+---------+-------+
| code   | char(3)     | NO   | PRI | NULL    |       |
| name   | varchar(20) | NO   |     | NULL    |       |
| stocks | int         | YES  |     | 0       |       |
| price  | int         | YES  |     | 0       |       |
+--------+-------------+------+-----+---------+-------+
4 rows in set (0.01 sec)

mysql> insert into items values('E01','김',30,1500);
Query OK, 1 row affected (0.03 sec)

mysql> insert into items values('E02','단무지',45,3250);
Query OK, 1 row affected (0.02 sec)

mysql> insert into items values('E03','햄',15,7000);
Query OK, 1 row affected (0.01 sec)

mysql> insert into items values('E04','우유',25,4560);
Query OK, 1 row affected (0.01 sec)

mysql> insert into items values('E05','주스',20,2300);
Query OK, 1 row affected (0.01 sec)

mysql> insert into items values('E06','라면',30,2560);
Query OK, 1 row affected (0.01 sec)

mysql> insert into items values('ZZZ','삭제상품',0,0);
Query OK, 1 row affected (0.01 sec)

mysql> select * from items;
+------+----------+--------+-------+
| code | name     | stocks | price |
+------+----------+--------+-------+
| E01  | 김       |     30 |  1500 |
| E02  | 단무지   |     45 |  3250 |
| E03  | 햄       |     15 |  7000 |
| E04  | 우유     |     25 |  4560 |
| E05  | 주스     |     20 |  2300 |
| E06  | 라면     |     30 |  2560 |
| ZZZ  | 삭제상품 |      0 |     0 |
+------+----------+--------+-------+
7 rows in set (0.00 sec)

mysql> desc orders;
+----------+--------------+------+-----+---------+-------+
| Field    | Type         | Null | Key | Default | Extra |
+----------+--------------+------+-----+---------+-------+
| num      | int          | NO   | PRI | NULL    |       |
| customer | varchar(10)  | NO   |     | NULL    |       |
| item     | char(3)      | YES  |     | NULL    |       |
| qty      | int          | NO   |     | 1       |       |
| date     | date         | YES  |     | NULL    |       |
| saddr    | varchar(100) | YES  |     | NULL    |       |
+----------+--------------+------+-----+---------+-------+
6 rows in set (0.01 sec)

mysql>

```