# 2021. 11. 07. (일)

## mysql





```

Microsoft Windows [Version 10.0.18362.356]
(c) 2019 Microsoft Corporation. All rights reserved.

C:\Users\user>cd C:\Program Files\MySQL\MySQL Server 8.0\bin

C:\Program Files\MySQL\MySQL Server 8.0\bin>mysql -u thkim -p
Enter password: *******
ERROR 1045 (28000): Access denied for user 'thkim'@'localhost' (using password: YES)

C:\Program Files\MySQL\MySQL Server 8.0\bin>mysql -u thkim -p
Enter password:
Welcome to the MySQL monitor.  Commands end with ; or \g.
Your MySQL connection id is 10
Server version: 8.0.27 MySQL Community Server - GPL

Copyright (c) 2000, 2021, Oracle and/or its affiliates.

Oracle is a registered trademark of Oracle Corporation and/or its
affiliates. Other names may be trademarks of their respective
owners.

Type 'help;' or '\h' for help. Type '\c' to clear the current input statement.

mysql> use mysql
Database changed
mysql> show create table customer;
ERROR 1146 (42S02): Table 'mysql.customer' doesn't exist
mysql> quit
Bye

C:\Program Files\MySQL\MySQL Server 8.0\bin>cd C:\Users\user\SQL

C:\Users\user\SQL>mysql -u thkim -p
Enter password:
Welcome to the MySQL monitor.  Commands end with ; or \g.
Your MySQL connection id is 11
Server version: 8.0.27 MySQL Community Server - GPL

Copyright (c) 2000, 2021, Oracle and/or its affiliates.

Oracle is a registered trademark of Oracle Corporation and/or its
affiliates. Other names may be trademarks of their respective
owners.

Type 'help;' or '\h' for help. Type '\c' to clear the current input statement.

mysql> use mysql
Database changed
mysql> show create table customer;
ERROR 1146 (42S02): Table 'mysql.customer' doesn't exist
mysql> use itbank
Database changed
mysql> show create table customer;
+----------+------------------------------------------------------------------------------------------------------------------------------------------------------------------------------------------------------------------------------------------------------------------------------+
| Table    | Create Table                                                                                                                                                                                                                                                                 |
+----------+------------------------------------------------------------------------------------------------------------------------------------------------------------------------------------------------------------------------------------------------------------------------------+
| customer | CREATE TABLE `customer` (
  `account` varchar(10) NOT NULL,
  `name` varchar(10) NOT NULL,
  `grade` varchar(6) NOT NULL DEFAULT 'New',
  `credit` int DEFAULT '0',
  `address` varchar(100) DEFAULT NULL,
  PRIMARY KEY (`account`)
) ENGINE=InnoDB DEFAULT CHARSET=utf8mb3 |
+----------+------------------------------------------------------------------------------------------------------------------------------------------------------------------------------------------------------------------------------------------------------------------------------+
1 row in set (0.02 sec)

mysql> desc customer;
+---------+--------------+------+-----+---------+-------+
| Field   | Type         | Null | Key | Default | Extra |
+---------+--------------+------+-----+---------+-------+
| account | varchar(10)  | NO   | PRI | NULL    |       |
| name    | varchar(10)  | NO   |     | NULL    |       |
| grade   | varchar(6)   | NO   |     | New     |       |
| credit  | int          | YES  |     | 0       |       |
| address | varchar(100) | YES  |     | NULL    |       |
+---------+--------------+------+-----+---------+-------+
5 rows in set (0.01 sec)

mysql> select * from customer;
Empty set (0.01 sec)

mysql> select * from customer;
Empty set (0.00 sec)

mysql> select * from customer;
Empty set (0.00 sec)

mysql> insert into customer values ('bank','홍길동','Gold',30000,'서울 종로구');
Query OK, 1 row affected (0.02 sec)

mysql> select * from customer;
+---------+--------+-------+--------+-------------+
| account | name   | grade | credit | address     |
+---------+--------+-------+--------+-------------+
| bank    | 홍길동 | Gold  |  30000 | 서울 종로구 |
+---------+--------+-------+--------+-------------+
1 row in set (0.00 sec)

mysql> insert into customer values ('apple','d이남이,'VIP',5000,'경기 용인시');
    '> insert into customer values ('pencil','김둘','Silver',350,'경기 수원');
    '> insert into customer values ('eagle','박세째','Gold',2450,'부산 남구');
    '> insert into customer values ('bird','구선두','',0,'충남 천안시');
    '> insert into customer values ('king','오나라','Gold',15000,'서울 성북구');
    '> ;
    '> ^C
mysql> select * from customer;
+---------+--------+-------+--------+-------------+
| account | name   | grade | credit | address     |
+---------+--------+-------+--------+-------------+
| bank    | 홍길동 | Gold  |  30000 | 서울 종로구 |
+---------+--------+-------+--------+-------------+
1 row in set (0.00 sec)

mysql> insert into customer values ('apple','이남이','VIP',5000,'경기 용인시');
Query OK, 1 row affected (0.01 sec)

mysql> insert into customer values ('pencil','김둘','Silver',350,'경기 수원');
Query OK, 1 row affected (0.01 sec)

mysql> insert into customer values ('eagle','박세째','Gold',2450,'부산 남구');
Query OK, 1 row affected (0.01 sec)

mysql> insert into customer values ('bird','구선두','',0,'충남 천안시');
Query OK, 1 row affected (0.04 sec)

mysql> insert into customer values ('king','오나라','Gold',15000,'서울 성북구');
Query OK, 1 row affected (0.01 sec)

mysql> select * from customer;
+---------+--------+--------+--------+-------------+
| account | name   | grade  | credit | address     |
+---------+--------+--------+--------+-------------+
| apple   | 이남이 | VIP    |   5000 | 경기 용인시 |
| bank    | 홍길동 | Gold   |  30000 | 서울 종로구 |
| bird    | 구선두 |        |      0 | 충남 천안시 |
| eagle   | 박세째 | Gold   |   2450 | 부산 남구   |
| king    | 오나라 | Gold   |  15000 | 서울 성북구 |
| pencil  | 김둘   | Silver |    350 | 경기 수원   |
+---------+--------+--------+--------+-------------+
6 rows in set (0.00 sec)

mysql> insert into customer ( account, name )values ('toms', '노마진');
Query OK, 1 row affected (0.03 sec)

mysql> select * from customer wherer account='toms';
ERROR 1064 (42000): You have an error in your SQL syntax; check the manual that corresponds to your MySQL server version for the right syntax to use near 'account='toms'' at line 1
mysql> select * from customer where account='toms';
+---------+--------+-------+--------+---------+
| account | name   | grade | credit | address |
+---------+--------+-------+--------+---------+
| toms    | 노마진 | New   |      0 | NULL    |
+---------+--------+-------+--------+---------+
1 row in set (0.00 sec)

mysql> CREATE TABLE Customer (
    ->     account   varchar(10) NOT NULL,
    ->     name      varchar(10) NOT NULL,
    ->     grade     varchar(6) NOT NULL DEFAULT 'New',
    ->     credit    int DEFAULT 0,
    ->     address   varchar(100),
    ->     PRIMARY KEY ( account )
    -> ) charset='UTF8';
ERROR 1050 (42S01): Table 'customer' already exists
mysql>  select * from customer_auto;
ERROR 1146 (42S02): Table 'itbank.customer_auto' doesn't exist
mysql>  select * from customer_auto;
ERROR 1146 (42S02): Table 'itbank.customer_auto' doesn't exist
mysql> use mysql
Database changed
mysql>  select * from customer_auto;
ERROR 1146 (42S02): Table 'mysql.customer_auto' doesn't exist
mysql> use itbank
Database changed
mysql>  select * from customer_auto;
ERROR 1146 (42S02): Table 'itbank.customer_auto' doesn't exist
mysql> use mysql
Database changed
mysql> desc customer_auto;
ERROR 1146 (42S02): Table 'mysql.customer_auto' doesn't exist
mysql> show tables;
+------------------------------------------------------+
| Tables_in_mysql                                      |
+------------------------------------------------------+
| columns_priv                                         |
| component                                            |
| db                                                   |
| default_roles                                        |
| engine_cost                                          |
| func                                                 |
| general_log                                          |
| global_grants                                        |
| gtid_executed                                        |
| help_category                                        |
| help_keyword                                         |
| help_relation                                        |
| help_topic                                           |
| innodb_index_stats                                   |
| innodb_table_stats                                   |
| password_history                                     |
| plugin                                               |
| procs_priv                                           |
| proxies_priv                                         |
| replication_asynchronous_connection_failover         |
| replication_asynchronous_connection_failover_managed |
| replication_group_configuration_version              |
| replication_group_member_actions                     |
| role_edges                                           |
| server_cost                                          |
| servers                                              |
| slave_master_info                                    |
| slave_relay_log_info                                 |
| slave_worker_info                                    |
| slow_log                                             |
| tables_priv                                          |
| time_zone                                            |
| time_zone_leap_second                                |
| time_zone_name                                       |
| time_zone_transition                                 |
| time_zone_transition_type                            |
| user                                                 |
+------------------------------------------------------+
37 rows in set (0.01 sec)

mysql> use itbank;
Database changed
mysql> show tables;
+------------------+
| Tables_in_itbank |
+------------------+
| customer         |
| items            |
| orders           |
+------------------+
3 rows in set (0.00 sec)

mysql> desc customer_auto;
ERROR 1146 (42S02): Table 'itbank.customer_auto' doesn't exist
mysql> show tables;
+------------------+
| Tables_in_itbank |
+------------------+
| customer         |
| items            |
| orders           |
+------------------+
3 rows in set (0.00 sec)

mysql>

```