# 2021. 12. 23. (목)

## mysql

### TIME 관련 함수

```

Microsoft Windows [Version 10.0.18362.356]
(c) 2019 Microsoft Corporation. All rights reserved.

C:\Users\user>mysql -u thkim -p
Enter password:
Welcome to the MySQL monitor.  Commands end with ; or \g.
Your MySQL connection id is 14
Server version: 8.0.27 MySQL Community Server - GPL

Copyright (c) 2000, 2021, Oracle and/or its affiliates.

Oracle is a registered trademark of Oracle Corporation and/or its
affiliates. Other names may be trademarks of their respective
owners.

Type 'help;' or '\h' for help. Type '\c' to clear the current input statement.

mysql> use itbank
Database changed
mysql> SELECT MAKETIME( 12, 15, 30 );
+------------------------+
| MAKETIME( 12, 15, 30 ) |
+------------------------+
| 12:15:30               |
+------------------------+
1 row in set (0.00 sec)

mysql> SELECT TIME ( '2015-07-10 16:40:40' ), HOUR( '2015-07-10 16:40:40' );
+--------------------------------+-------------------------------+
| TIME ( '2015-07-10 16:40:40' ) | HOUR( '2015-07-10 16:40:40' ) |
+--------------------------------+-------------------------------+
| 16:40:40                       |                            16 |
+--------------------------------+-------------------------------+
1 row in set (0.00 sec)

mysql> SELECT ADDTIME( '2017-12-31 23:59:59.999999', '1 1:1:000002' );
+---------------------------------------------------------+
| ADDTIME( '2017-12-31 23:59:59.999999', '1 1:1:000002' ) |
+---------------------------------------------------------+
| 2018-01-02 01:01:01.999999                              |
+---------------------------------------------------------+
1 row in set (0.01 sec)

mysql> SELECT ADDTIME( '01:00:00.999999', '02:00:00.999998' );
+-------------------------------------------------+
| ADDTIME( '01:00:00.999999', '02:00:00.999998' ) |
+-------------------------------------------------+
| 03:00:01.999997                                 |
+-------------------------------------------------+
1 row in set (0.00 sec)

mysql> SELECT SUBTIME( '2007-12-30 23:59:59.999999', '1 1:1:000002' );
+---------------------------------------------------------+
| SUBTIME( '2007-12-30 23:59:59.999999', '1 1:1:000002' ) |
+---------------------------------------------------------+
| 2007-12-29 22:58:57.999999                              |
+---------------------------------------------------------+
1 row in set (0.00 sec)

mysql> SELECT SUBTIME( '01:00:00.999999', '02:00:00.999998' );
+-------------------------------------------------+
| SUBTIME( '01:00:00.999999', '02:00:00.999998' ) |
+-------------------------------------------------+
| -00:59:59.999999                                |
+-------------------------------------------------+
1 row in set (0.00 sec)

mysql> SELECT CURTIME ( ), CURRENT_TIME( ), CURRENT_TIME;
ERROR 1630 (42000): FUNCTION itbank.CURTIME does not exist. Check the 'Function Name Parsing and Resolution' section in the Reference Manual
mysql> SELECT CURTIME(), CURRENT_TIME(), CURRENT_TIME;
+-----------+----------------+--------------+
| CURTIME() | CURRENT_TIME() | CURRENT_TIME |
+-----------+----------------+--------------+
| 09:10:41  | 09:10:41       | 09:10:41     |
+-----------+----------------+--------------+
1 row in set (0.00 sec)

mysql> SELECT TIMEDIFF( '2000:01:01 00:00:01', '2000:01:01 00:00:00' );
+----------------------------------------------------------+
| TIMEDIFF( '2000:01:01 00:00:01', '2000:01:01 00:00:00' ) |
+----------------------------------------------------------+
| 00:00:01                                                 |
+----------------------------------------------------------+
1 row in set (0.00 sec)

mysql> SELECT TIMEDIFF( '2000:01:01 00:00:00', '2000:01:01 00:00:01' );
+----------------------------------------------------------+
| TIMEDIFF( '2000:01:01 00:00:00', '2000:01:01 00:00:01' ) |
+----------------------------------------------------------+
| -00:00:01                                                |
+----------------------------------------------------------+
1 row in set (0.00 sec)

mysql> SELECT TIMEDIFF( '2000:01:02 23:59:59', '2000:01:01 00:00:00' );
+----------------------------------------------------------+
| TIMEDIFF( '2000:01:02 23:59:59', '2000:01:01 00:00:00' ) |
+----------------------------------------------------------+
| 47:59:59                                                 |
+----------------------------------------------------------+
1 row in set (0.00 sec)

mysql> QUIT
Bye

```