# 2021. 12. 25. (토)

## mysql

### DAY, MONTH, YEAR 관련 함수

```

Microsoft Windows [Version 10.0.18362.356]
(c) 2019 Microsoft Corporation. All rights reserved.

C:\Users\user>mysql -u thkim -p
Enter password:
Welcome to the MySQL monitor.  Commands end with ; or \g.
Your MySQL connection id is 16
Server version: 8.0.27 MySQL Community Server - GPL

Copyright (c) 2000, 2021, Oracle and/or its affiliates.

Oracle is a registered trademark of Oracle Corporation and/or its
affiliates. Other names may be trademarks of their respective
owners.

Type 'help;' or '\h' for help. Type '\c' to clear the current input statement.

mysql> use itbank
Database changed
mysql> SELECT DAY( '2020-11-12' ), WEEK( '2010-11-12' ), WEEKOFYEAR( '2010-11-12' );
+---------------------+----------------------+----------------------------+
| DAY( '2020-11-12' ) | WEEK( '2010-11-12' ) | WEEKOFYEAR( '2010-11-12' ) |
+---------------------+----------------------+----------------------------+
|                  12 |                   45 |                         45 |
+---------------------+----------------------+----------------------------+
1 row in set (0.00 sec)

mysql> SELECT DAY OFYEAR('2020-11-12'), DAYOFMONTH('2010-11-12');
ERROR 1064 (42000): You have an error in your SQL syntax; check the manual that corresponds to your MySQL server version for the right syntax to use near '('2020-11-12'), DAYOFMONTH('2010-11-12')' at line 1
mysql> SELECT DAYOFYEAR('2020-11-12'), DAYOFMONTH('2010-11-12');
+-------------------------+--------------------------+
| DAYOFYEAR('2020-11-12') | DAYOFMONTH('2010-11-12') |
+-------------------------+--------------------------+
|                     317 |                       12 |
+-------------------------+--------------------------+
1 row in set (0.00 sec)

mysql> SELECT LAST_DAY( '2003-02-05' ), LAST_DAY( '2003-02-29' );
+--------------------------+--------------------------+
| LAST_DAY( '2003-02-05' ) | LAST_DAY( '2003-02-29' ) |
+--------------------------+--------------------------+
| 2003-02-28               | NULL                     |
+--------------------------+--------------------------+
1 row in set, 1 warning (0.00 sec)

mysql> SELECT DAYNAME( '2003-02-05' ), MONTHNAME( '2003-02-05' );
+-------------------------+---------------------------+
| DAYNAME( '2003-02-05' ) | MONTHNAME( '2003-02-05' ) |
+-------------------------+---------------------------+
| Wednesday               | February                  |
+-------------------------+---------------------------+
1 row in set (0.01 sec)

mysql> quit
Bye

```