# 2021. 12. 29. (수)

## mysql

### 자동으로 생성되는 인덱스

```

Microsoft Windows [Version 10.0.18362.356]
(c) 2019 Microsoft Corporation. All rights reserved.

C:\Users\user>mysql -u thkim -p
Enter password:
Welcome to the MySQL monitor.  Commands end with ; or \g.
Your MySQL connection id is 8
Server version: 8.0.27 MySQL Community Server - GPL

Copyright (c) 2000, 2021, Oracle and/or its affiliates.

Oracle is a registered trademark of Oracle Corporation and/or its
affiliates. Other names may be trademarks of their respective
owners.

Type 'help;' or '\h' for help. Type '\c' to clear the current input statement.

mysql> use itbank
Database changed
mysql> CREATE TABLE index_test (
    -> id_no VARCHAR(10) NOT NULL,
    -> name VARCHAR(20) NOT NULL,
    -> grade int,
    -> PRIMARY KEY(id_no)
    -> );
Query OK, 0 rows affected (0.11 sec)

mysql> SHOW INDEX FROM index_test;
+------------+------------+----------+--------------+-------------+-----------+-------------+----------+--------+------+------------+---------+---------------+---------+------------+
| Table      | Non_unique | Key_name | Seq_in_index | Column_name | Collation | Cardinality | Sub_part | Packed | Null | Index_type | Comment | Index_comment | Visible | Expression |
+------------+------------+----------+--------------+-------------+-----------+-------------+----------+--------+------+------------+---------+---------------+---------+------------+
| index_test |          0 | PRIMARY  |            1 | id_no       | A         |           0 |     NULL |   NULL |      | BTREE      |         |               | YES     | NULL       |
+------------+------------+----------+--------------+-------------+-----------+-------------+----------+--------+------+------------+---------+---------------+---------+------------+
1 row in set (0.02 sec)

mysql> ALTE TABLE index_test ADD UNIQUE(name);
ERROR 1064 (42000): You have an error in your SQL syntax; check the manual that corresponds to your MySQL server version for the right syntax to use near 'ALTE TABLE index_test ADD UNIQUE(name)' at line 1
mysql> ALTER TABLE index_test ADD UNIQUE(name);
Query OK, 0 rows affected (0.05 sec)
Records: 0  Duplicates: 0  Warnings: 0

mysql> SHOW INDEX FROM index_test;
+------------+------------+----------+--------------+-------------+-----------+-------------+----------+--------+------+------------+---------+---------------+---------+------------+
| Table      | Non_unique | Key_name | Seq_in_index | Column_name | Collation | Cardinality | Sub_part | Packed | Null | Index_type | Comment | Index_comment | Visible | Expression |
+------------+------------+----------+--------------+-------------+-----------+-------------+----------+--------+------+------------+---------+---------------+---------+------------+
| index_test |          0 | PRIMARY  |            1 | id_no       | A         |           0 |     NULL |   NULL |      | BTREE      |         |               | YES     | NULL       |
| index_test |          0 | name     |            1 | name        | A         |           0 |     NULL |   NULL |      | BTREE      |         |               | YES     | NULL       |
+------------+------------+----------+--------------+-------------+-----------+-------------+----------+--------+------+------------+---------+---------------+---------+------------+
2 rows in set (0.01 sec)

mysql> DESC index_test;
+-------+-------------+------+-----+---------+-------+
| Field | Type        | Null | Key | Default | Extra |
+-------+-------------+------+-----+---------+-------+
| id_no | varchar(10) | NO   | PRI | NULL    |       |
| name  | varchar(20) | NO   | UNI | NULL    |       |
| grade | int         | YES  |     | NULL    |       |
+-------+-------------+------+-----+---------+-------+
3 rows in set (0.01 sec)

mysql> SHOW INDEX FROM index_test;
+------------+------------+----------+--------------+-------------+-----------+-------------+----------+--------+------+------------+---------+---------------+---------+------------+
| Table      | Non_unique | Key_name | Seq_in_index | Column_name | Collation | Cardinality | Sub_part | Packed | Null | Index_type | Comment | Index_comment | Visible | Expression |
+------------+------------+----------+--------------+-------------+-----------+-------------+----------+--------+------+------------+---------+---------------+---------+------------+
| index_test |          0 | PRIMARY  |            1 | id_no       | A         |           0 |     NULL |   NULL |      | BTREE      |         |               | YES     | NULL       |
| index_test |          0 | name     |            1 | name        | A         |           0 |     NULL |   NULL |      | BTREE      |         |               | YES     | NULL       |
+------------+------------+----------+--------------+-------------+-----------+-------------+----------+--------+------+------------+---------+---------------+---------+------------+
2 rows in set (0.00 sec)

mysql> quit
Bye

```