# 2021. 12. 09. (목)

## mysql

### 부속 질의문을 이용한 검색

```

Microsoft Windows [Version 10.0.18362.356]
(c) 2019 Microsoft Corporation. All rights reserved.

C:\Users\user>mysql -u thkim -p
Enter password:
Welcome to the MySQL monitor.  Commands end with ; or \g.
Your MySQL connection id is 9
Server version: 8.0.27 MySQL Community Server - GPL

Copyright (c) 2000, 2021, Oracle and/or its affiliates.

Oracle is a registered trademark of Oracle Corporation and/or its
affiliates. Other names may be trademarks of their respective
owners.

Type 'help;' or '\h' for help. Type '\c' to clear the current input statement.

mysql> use itbank
Database changed
mysql> SELECT grade
    -> FROM customer
    -> WHERE account='bank'
    -> ;
+-------+
| grade |
+-------+
| Gold  |
+-------+
1 row in set (0.01 sec)

mysql> SELECT name, credit
    -> FROM customer
    -> WHERE grade =  부질의문_결과;
ERROR 1054 (42S22): Unknown column '부질의문_결과' in 'where clause'
mysql> SELECT name, credit
    -> FROM customer
    -> WHERE grade = ( SELECT grade
    -> FROM customer
    -> WHERE account='bank'
    -> ;
ERROR 1064 (42000): You have an error in your SQL syntax; check the manual that corresponds to your MySQL server version for the right syntax to use near '' at line 5
mysql> SELECT name, credit
    -> FROM customer
    -> WHERE grade = ( SELECT GRADE
    -> FROM customer
    -> WHERE account='bank' );
+--------+--------+
| name   | credit |
+--------+--------+
| 홍길동 |  30000 |
| 박세째 |   2450 |
| 오나라 |  15000 |
+--------+--------+
3 rows in set (0.01 sec)

mysql> SELECT name, credit
    -> FROM customer
    -> WHERE credit = ( SELECT MAX( credit ) FROM customer );
+--------+--------+
| name   | credit |
+--------+--------+
| 홍길동 |  30000 |
+--------+--------+
1 row in set (0.01 sec)

mysql> SELECT name
    -> FROM items
    -> WHERE code IN ( SELECT item
    -> FROM orders
    -> WHERE customer='apple' );
+------+
| name |
+------+
| 라면 |
| 주스 |
+------+
2 rows in set (0.01 sec)

mysql> SELECT name
    -> FROM items
    -> WHERE code IN ( select ITEM
    -> from ORDERS
    -> where CUSTOMER='APPLE');
+------+
| name |
+------+
| 라면 |
| 주스 |
+------+
2 rows in set (0.00 sec)

mysql> SELECT item
    -> FROM orders
    -> WHERE customer='apple';
+------+
| item |
+------+
| E06  |
| E05  |
| E06  |
| E05  |
+------+
4 rows in set (0.00 sec)

mysql> SELECT name
    -> FROM items
    -> WHERE CODE in ( SELECT item
    -> FROM orders
    -> WHERE customer='apple' );
+------+
| name |
+------+
| 라면 |
| 주스 |
+------+
2 rows in set (0.00 sec)

mysql> SELECT name
    -> ^C
mysql> SELECT name
    -> FROM items
    -> WHERE code = ANY ( SELECT item
    -> FROM orders
    -> WHERE customer='apple' );
+------+
| name |
+------+
| 라면 |
| 주스 |
+------+
2 rows in set (0.00 sec)

mysql> SELECT name
    -> FROM items
    -> WHERE code NOT IN ( SELECT item
    -> FROM orders
    -> WHERE customer='apple' );
+----------+
| name     |
+----------+
| 김       |
| 단무지   |
| 햄       |
| 우유     |
| 삭제상품 |
+----------+
5 rows in set (0.01 sec)

mysql> SELECT name
    -> FROM items
    -> WHERE code <> ALL ( SELECT item
    -> FROM orders
    -> WHERE customer='apple' );
+----------+
| name     |
+----------+
| 김       |
| 단무지   |
| 햄       |
| 우유     |
| 삭제상품 |
+----------+
5 rows in set (0.00 sec)

mysql> quit
Bye

```