# 2021. 12. 26. (금)

## mysql

### 문자열 함수

```

Microsoft Windows [Version 10.0.18362.356]
(c) 2019 Microsoft Corporation. All rights reserved.

C:\Users\user>mysql -u thkim -p
Enter password:
Welcome to the MySQL monitor.  Commands end with ; or \g.
Your MySQL connection id is 17
Server version: 8.0.27 MySQL Community Server - GPL

Copyright (c) 2000, 2021, Oracle and/or its affiliates.

Oracle is a registered trademark of Oracle Corporation and/or its
affiliates. Other names may be trademarks of their respective
owners.

Type 'help;' or '\h' for help. Type '\c' to clear the current input statement.

mysql> use itbank
Database changed
mysql> SELECT ASCII( '2' ), ASCII(2), ASCII( 'DX' );
+--------------+----------+---------------+
| ASCII( '2' ) | ASCII(2) | ASCII( 'DX' ) |
+--------------+----------+---------------+
|           50 |       50 |            68 |
+--------------+----------+---------------+
1 row in set (0.00 sec)

mysql> SELECT BIN( 12 ), CONU( 12, 10, 2 );
ERROR 1305 (42000): FUNCTION itbank.CONU does not exist
mysql> SELECT BIN(12), CONV( 12, 10, 2 );
+---------+-------------------+
| BIN(12) | CONV( 12, 10, 2 ) |
+---------+-------------------+
| 1100    | 1100              |
+---------+-------------------+
1 row in set (0.00 sec)

mysql> SELECT BIT
    -> ^C
mysql> SELECT BIT_LENGTH( 'text' ), BIT_LENGTH( '한' );
+----------------------+--------------------+
| BIT_LENGTH( 'text' ) | BIT_LENGTH( '한' ) |
+----------------------+--------------------+
|                   32 |                 16 |
+----------------------+--------------------+
1 row in set (0.00 sec)

mysql> SELECT CONCAT( 'abc', '123', 'xyz' ), CONCAT_WS( ' ', 'abc', '123', 'xyz' );
+-------------------------------+---------------------------------------+
| CONCAT( 'abc', '123', 'xyz' ) | CONCAT_WS( ' ', 'abc', '123', 'xyz' ) |
+-------------------------------+---------------------------------------+
| abc123xyz                     | abc 123 xyz                           |
+-------------------------------+---------------------------------------+
1 row in set (0.00 sec)

mysql> SELECT ELT(1, 'ej', 'Heja', 'hej', 'foo' );
+-------------------------------------+
| ELT(1, 'ej', 'Heja', 'hej', 'foo' ) |
+-------------------------------------+
| ej                                  |
+-------------------------------------+
1 row in set (0.00 sec)

mysql> SELECT FIELD( 'ej', 'Heja', 'ej', 'hej', 'foo' );
+-------------------------------------------+
| FIELD( 'ej', 'Heja', 'ej', 'hej', 'foo' ) |
+-------------------------------------------+
|                                         2 |
+-------------------------------------------+
1 row in set (0.00 sec)

mysql> SELECT FIELD( 'fo', 'Heja', 'ej', 'hej', 'foo' );
+-------------------------------------------+
| FIELD( 'fo', 'Heja', 'ej', 'hej', 'foo' ) |
+-------------------------------------------+
|                                         0 |
+-------------------------------------------+
1 row in set (0.00 sec)

mysql> SELECT FIND_IN SET( 'b', 'a,b,c,d' );
ERROR 1064 (42000): You have an error in your SQL syntax; check the manual that corresponds to your MySQL server version for the right syntax to use near 'SET( 'b', 'a,b,c,d' )' at line 1
mysql> SELECT FIND_IN_SET( 'b', 'a,b,c,d' );
+-------------------------------+
| FIND_IN_SET( 'b', 'a,b,c,d' ) |
+-------------------------------+
|                             2 |
+-------------------------------+
1 row in set (0.00 sec)

mysql> SELECT 0x616263, HEX( 'abc' );
+--------------------+--------------+
| 0x616263           | HEX( 'abc' ) |
+--------------------+--------------+
| 0x616263           | 616263       |
+--------------------+--------------+
1 row in set (0.00 sec)

mysql> SELECT HEX(255), COUV( 255, 10, 16 );
ERROR 1305 (42000): FUNCTION itbank.COUV does not exist
mysql> SELECT HEX(25), CONV (255, 10, 16 );
+---------+---------------------+
| HEX(25) | CONV (255, 10, 16 ) |
+---------+---------------------+
| 19      | FF                  |
+---------+---------------------+
1 row in set (0.00 sec)

mysql> SELECT INSERT( 'QQuadratic', 3, 4, 'What' ),
    -> INSERT( 'Quadratic', -1, 4, 'What' );
+--------------------------------------+--------------------------------------+
| INSERT( 'QQuadratic', 3, 4, 'What' ) | INSERT( 'Quadratic', -1, 4, 'What' ) |
+--------------------------------------+--------------------------------------+
| QQWhatatic                           | Quadratic                            |
+--------------------------------------+--------------------------------------+
1 row in set (0.00 sec)

mysql> SELECT INSERT( 'Quadratic', 3, 100, 'What' );
+---------------------------------------+
| INSERT( 'Quadratic', 3, 100, 'What' ) |
+---------------------------------------+
| QuWhat                                |
+---------------------------------------+
1 row in set (0.00 sec)

mysql> SELECT INSTR( 'foobarbar', 'bar' ), INSTR( 'xvar', 'foobar' );
+-----------------------------+---------------------------+
| INSTR( 'foobarbar', 'bar' ) | INSTR( 'xvar', 'foobar' ) |
+-----------------------------+---------------------------+
|                           4 |                         0 |
+-----------------------------+---------------------------+
1 row in set (0.00 sec)

mysql> SELECT LEFT( 'foobarbar', 5 ), RIGHT( 'foobarbar', 5 );
+------------------------+-------------------------+
| LEFT( 'foobarbar', 5 ) | RIGHT( 'foobarbar', 5 ) |
+------------------------+-------------------------+
| fooba                  | arbar                   |
+------------------------+-------------------------+
1 row in set (0.00 sec)

mysql> SELECT LOCATE( 'bar', 'foobarbar' ), POSITION( 'bar' IN 'foobarbar' );
+------------------------------+----------------------------------+
| LOCATE( 'bar', 'foobarbar' ) | POSITION( 'bar' IN 'foobarbar' ) |
+------------------------------+----------------------------------+
|                            4 |                                4 |
+------------------------------+----------------------------------+
1 row in set (0.00 sec)

mysql> SELECT LOCATE( 'bar', 'foobarbar', 5 );
+---------------------------------+
| LOCATE( 'bar', 'foobarbar', 5 ) |
+---------------------------------+
|                               7 |
+---------------------------------+
1 row in set (0.00 sec)

mysql> SELECT LOWER( 'QUADratic' ), LCASE( 'QUADratic' );
+----------------------+----------------------+
| LOWER( 'QUADratic' ) | LCASE( 'QUADratic' ) |
+----------------------+----------------------+
| quadratic            | quadratic            |
+----------------------+----------------------+
1 row in set (0.00 sec)

mysql> SELECT UPPER( 'QUADratic' ), UCASE( 'QUADratic' );
+----------------------+----------------------+
| UPPER( 'QUADratic' ) | UCASE( 'QUADratic' ) |
+----------------------+----------------------+
| QUADRATIC            | QUADRATIC            |
+----------------------+----------------------+
1 row in set (0.00 sec)

mysql> SELECT LPAD( 'hi', 4, '?' ), LPAD( 'hi', 5, '??' );
+----------------------+-----------------------+
| LPAD( 'hi', 4, '?' ) | LPAD( 'hi', 5, '??' ) |
+----------------------+-----------------------+
| ??hi                 | ???hi                 |
+----------------------+-----------------------+
1 row in set (0.00 sec)

mysql> SELECT LPAD( 'hi', 2, '?'), LPAD( 'hi', 1, '?' );
+---------------------+----------------------+
| LPAD( 'hi', 2, '?') | LPAD( 'hi', 1, '?' ) |
+---------------------+----------------------+
| hi                  | h                    |
+---------------------+----------------------+
1 row in set (0.00 sec)

mysql> SELECT RPAD( 'hi', 5, '?' ), RPAD( 'hi', 1, '?' );
+----------------------+----------------------+
| RPAD( 'hi', 5, '?' ) | RPAD( 'hi', 1, '?' ) |
+----------------------+----------------------+
| hi???                | h                    |
+----------------------+----------------------+
1 row in set (0.00 sec)

mysql> SELECT LTRIM( ' abc ' ), RTRIM( ' abc ' ), TRIM ( ' abc ' );
ERROR 1630 (42000): FUNCTION itbank.TRIM does not exist. Check the 'Function Name Parsing and Resolution' section in the Reference Manual
mysql> SELECT LTRIM( 'abc' ), RTRIM( 'abc' ), TRIM( 'abc' );
+----------------+----------------+---------------+
| LTRIM( 'abc' ) | RTRIM( 'abc' ) | TRIM( 'abc' ) |
+----------------+----------------+---------------+
| abc            | abc            | abc           |
+----------------+----------------+---------------+
1 row in set (0.00 sec)

mysql> SELECT OCT( 12);
+----------+
| OCT( 12) |
+----------+
| 14       |
+----------+
1 row in set (0.00 sec)

mysql> SELECT REPEAT( 'MySQL', 3 );
+----------------------+
| REPEAT( 'MySQL', 3 ) |
+----------------------+
| MySQLMySQLMySQL      |
+----------------------+
1 row in set (0.00 sec)

mysql> SELECT REPLACE( 'www.mysql.com', 'w', 'Ww' );
+---------------------------------------+
| REPLACE( 'www.mysql.com', 'w', 'Ww' ) |
+---------------------------------------+
| WwWwWw.mysql.com                      |
+---------------------------------------+
1 row in set (0.00 sec)

mysql> SELECT REVERSE ( 'abc' );
+-------------------+
| REVERSE ( 'abc' ) |
+-------------------+
| cba               |
+-------------------+
1 row in set (0.00 sec)

mysql> SELECT CONCAT( 'abc', SPACE( 6 ), '123' );
+------------------------------------+
| CONCAT( 'abc', SPACE( 6 ), '123' ) |
+------------------------------------+
| abc      123                       |
+------------------------------------+
1 row in set (0.00 sec)

mysql> SELECT SUBSTR( 'Quafratically', 5 ), SUBSTR( 'foobarbar' FROM 4 );
+------------------------------+------------------------------+
| SUBSTR( 'Quafratically', 5 ) | SUBSTR( 'foobarbar' FROM 4 ) |
+------------------------------+------------------------------+
| ratically                    | barbar                       |
+------------------------------+------------------------------+
1 row in set (0.00 sec)

mysql> SELECT SUBSTR( 'ChangSeungKim', -3 ), SUBSTR( 'ChangSeungKim', -8, 5 );
+-------------------------------+----------------------------------+
| SUBSTR( 'ChangSeungKim', -3 ) | SUBSTR( 'ChangSeungKim', -8, 5 ) |
+-------------------------------+----------------------------------+
| Kim                           | Seung                            |
+-------------------------------+----------------------------------+
1 row in set (0.00 sec)

mysql> SELECT SUBSTR( 'ChangSeungKim' FROM -8 FOR 5 );
+-----------------------------------------+
| SUBSTR( 'ChangSeungKim' FROM -8 FOR 5 ) |
+-----------------------------------------+
| Seung                                   |
+-----------------------------------------+
1 row in set (0.00 sec)

mysql> SELECT SUBSTRING( 'Quafratically', 5 ), SUBSTRING( 'foobarbar' FROM 4 );
+---------------------------------+---------------------------------+
| SUBSTRING( 'Quafratically', 5 ) | SUBSTRING( 'foobarbar' FROM 4 ) |
+---------------------------------+---------------------------------+
| ratically                       | barbar                          |
+---------------------------------+---------------------------------+
1 row in set (0.00 sec)

mysql> SELECT SUBSTRING( 'ChangSeungKim', -3 ), SUBSTRING( 'ChangSeungKim', -8, 5 );
+----------------------------------+-------------------------------------+
| SUBSTRING( 'ChangSeungKim', -3 ) | SUBSTRING( 'ChangSeungKim', -8, 5 ) |
+----------------------------------+-------------------------------------+
| Kim                              | Seung                               |
+----------------------------------+-------------------------------------+
1 row in set (0.00 sec)

mysql> SELECT SUBSTRING( 'ChangSeungKim' FROM -8 FOR 5 );
+--------------------------------------------+
| SUBSTRING( 'ChangSeungKim' FROM -8 FOR 5 ) |
+--------------------------------------------+
| Seung                                      |
+--------------------------------------------+
1 row in set (0.00 sec)

mysql> SELECT SUBSTRING_INDEX( 'www.mysql.com', '.', 2 );
+--------------------------------------------+
| SUBSTRING_INDEX( 'www.mysql.com', '.', 2 ) |
+--------------------------------------------+
| www.mysql                                  |
+--------------------------------------------+
1 row in set (0.00 sec)

mysql> SELECT SUBSTRING_INDEX( 'www.mysql.com', '.', -2 );
+---------------------------------------------+
| SUBSTRING_INDEX( 'www.mysql.com', '.', -2 ) |
+---------------------------------------------+
| mysql.com                                   |
+---------------------------------------------+
1 row in set (0.00 sec)

mysql> quit
Bye

```