# 2021. 12. 24. (금)

## mysql

### TIMESTAMP 관련 함수

```

Microsoft Windows [Version 10.0.18362.356]
(c) 2019 Microsoft Corporation. All rights reserved.

C:\Users\user>mysql -u thkim -p
Enter password:
Welcome to the MySQL monitor.  Commands end with ; or \g.
Your MySQL connection id is 15
Server version: 8.0.27 MySQL Community Server - GPL

Copyright (c) 2000, 2021, Oracle and/or its affiliates.

Oracle is a registered trademark of Oracle Corporation and/or its
affiliates. Other names may be trademarks of their respective
owners.

Type 'help;' or '\h' for help. Type '\c' to clear the current input statement.

mysql> use itbank
Database changed
mysql> SELECT NOW( ), CURRENT_TIMESTAMP( ), CURRENT_TIMESTAMP;
+---------------------+----------------------+---------------------+
| NOW( )              | CURRENT_TIMESTAMP( ) | CURRENT_TIMESTAMP   |
+---------------------+----------------------+---------------------+
| 2021-12-24 08:48:53 | 2021-12-24 08:48:53  | 2021-12-24 08:48:53 |
+---------------------+----------------------+---------------------+
1 row in set (0.00 sec)

mysql> SELECT LOCALTIME ( ), LOCALTIME;
+---------------------+---------------------+
| LOCALTIME ( )       | LOCALTIME           |
+---------------------+---------------------+
| 2021-12-24 08:49:04 | 2021-12-24 08:49:04 |
+---------------------+---------------------+
1 row in set (0.00 sec)

mysql> SELECT LOCALTIMESTAMP( ), LOCALTIMESTAMP;
+---------------------+---------------------+
| LOCALTIMESTAMP( )   | LOCALTIMESTAMP      |
+---------------------+---------------------+
| 2021-12-24 08:49:31 | 2021-12-24 08:49:31 |
+---------------------+---------------------+
1 row in set (0.00 sec)

mysql> SELECT TIMESTAMP( '2003-12-31' ), TIMESTAMP( '2003-12-31 12:00:00', '12:00:00' )'
    '> ^C
mysql> SELECT TIMESTAMP( '2003-12-31' ), TIMESTAMP( '2003-12-31 12:00:00', '12:00:00' );
+---------------------------+------------------------------------------------+
| TIMESTAMP( '2003-12-31' ) | TIMESTAMP( '2003-12-31 12:00:00', '12:00:00' ) |
+---------------------------+------------------------------------------------+
| 2003-12-31 00:00:00       | 2004-01-01 00:00:00                            |
+---------------------------+------------------------------------------------+
1 row in set (0.00 sec)

mysql> SELECT TIMESTAMPADD( MINUTE, 1, '2003-01-02' );
+-----------------------------------------+
| TIMESTAMPADD( MINUTE, 1, '2003-01-02' ) |
+-----------------------------------------+
| 2003-01-02 00:01:00                     |
+-----------------------------------------+
1 row in set (0.00 sec)

mysql> SELECT TIMESTAMPADD( WEEK, 1, '2003-01-02' );
+---------------------------------------+
| TIMESTAMPADD( WEEK, 1, '2003-01-02' ) |
+---------------------------------------+
| 2003-01-09                            |
+---------------------------------------+
1 row in set (0.00 sec)

mysql> SELECT TIMESTAMPDIFF( MONTH, '2003-02-01', '2003-05-03' );
+----------------------------------------------------+
| TIMESTAMPDIFF( MONTH, '2003-02-01', '2003-05-03' ) |
+----------------------------------------------------+
|                                                  3 |
+----------------------------------------------------+
1 row in set (0.00 sec)

mysql> SELECT TIMESTAMPDIFF( TEAR, '2002-05-01', '2003-05-03' );
ERROR 1064 (42000): You have an error in your SQL syntax; check the manual that corresponds to your MySQL server version for the right syntax to use near 'TEAR, '2002-05-01', '2003-05-03' )' at line 1
mysql> SELECT TIMESTAMPDIFF( YEAR, '2002-05-01', '2001-01-01' );
+---------------------------------------------------+
| TIMESTAMPDIFF( YEAR, '2002-05-01', '2001-01-01' ) |
+---------------------------------------------------+
|                                                -1 |
+---------------------------------------------------+
1 row in set (0.00 sec)

mysql> SELECT TIMESTAMPDIFF( MINUTE, '2003-02-01', '2003-05-01 12:00:00' );
+--------------------------------------------------------------+
| TIMESTAMPDIFF( MINUTE, '2003-02-01', '2003-05-01 12:00:00' ) |
+--------------------------------------------------------------+
|                                                       128880 |
+--------------------------------------------------------------+
1 row in set (0.00 sec)

mysql> quit
Bye

```