# 2021. 12. 21. (화)

## mysql

### 제어 흐름 함수

```

Microsoft Windows [Version 10.0.18362.356]
(c) 2019 Microsoft Corporation. All rights reserved.

C:\Users\user>mysql -u thkim -p
Enter password:
Welcome to the MySQL monitor.  Commands end with ; or \g.
Your MySQL connection id is 12
Server version: 8.0.27 MySQL Community Server - GPL

Copyright (c) 2000, 2021, Oracle and/or its affiliates.

Oracle is a registered trademark of Oracle Corporation and/or its
affiliates. Other names may be trademarks of their respective
owners.

Type 'help;' or '\h' for help. Type '\c' to clear the current input statement.

mysql> use itbank
Database changed
mysql> SELECT * FROM customer;
+---------+--------+--------+--------+-------------+
| account | name   | grade  | credit | address     |
+---------+--------+--------+--------+-------------+
| apple   | 이남이 | VIP    |   5000 | 경기 용인시 |
| bank    | 홍길동 | Gold   |  30000 | 서울 종로구 |
| bird    | 구선두 |        |      0 | 충남 천안시 |
| eagle   | 박세째 | Gold   |   2450 |  부산 남구  |
| king    | 오나라 | Gold   |  15000 | NULL        |
| moon    | 한가위 | New    |   1000 | 서울 용산구 |
| pencil  | 김둘   | Silver |    350 |  경기 수원  |
| sun     | 박태양 | New    |   1000 | 용인 처인구 |
| table   | 정탁자 | New    |      0 | NULL        |
| watch   | 김정확 | New    |   NULL | NULL        |
+---------+--------+--------+--------+-------------+
10 rows in set (0.00 sec)

mysql> SELECT account,
    ->  CASE grade
    -> WHEN 'VIP' THEN '최우수고객'
    -> WHEN 'Gold' THEN '우수고객'
    -> WHEN 'Silver' THEN '일반고객'
    -> WHEN 'New' THEN '새내기'
    -> ELSE '자료없음'
    -> END AS '등급'
    -> FROM customer;
+---------+------------+
| account | 등급       |
+---------+------------+
| apple   | 최우수고객 |
| bank    | 우수고객   |
| bird    | 자료없음   |
| eagle   | 우수고객   |
| king    | 우수고객   |
| moon    | 새내기     |
| pencil  | 일반고객   |
| sun     | 새내기     |
| table   | 새내기     |
| watch   | 새내기     |
+---------+------------+
10 rows in set (0.00 sec)

mysql> SELECT * FROM orders;
+-----+----------+------+-----+------------+-------------+
| num | customer | item | qty | date       | saddr       |
+-----+----------+------+-----+------------+-------------+
|   1 | apple    | E06  |  10 | 2020-01-01 | 경기 용인시 |
|   2 | apple    | E05  |   2 | 2020-01-01 | 경기 용인시 |
|   3 | eagle    | E01  |   3 | 2020-02-03 | 부산 남구   |
|   4 | bank     | E04  |   5 | 2020-02-03 | 서울 종로구 |
|   5 | bird     | E01  |  10 | 2020-03-04 | 충남 천안시 |
|   6 | bird     | E04  |   1 | 2020-03-04 | 충남 천안시 |
|   9 |          | E02  |   3 | 2020-04-01 | 제주시      |
+-----+----------+------+-----+------------+-------------+
7 rows in set (0.00 sec)

mysql> SELECT * FROM items;
+------+----------+--------+-------+
| code | name     | stocks | price |
+------+----------+--------+-------+
| E01  | 김       |     30 |  1575 |
| E02  | 단무지   |     45 |  3413 |
| E03  | 햄       |     15 |  7350 |
| E04  | 우유     |     25 |  4788 |
| E05  | 주스     |     20 |  2415 |
| E06  | 라면     |     30 |  NULL |
| ZZZ  | 삭제상품 |      0 |     0 |
+------+----------+--------+-------+
7 rows in set (0.01 sec)

mysql> SELECT orders.num, orders.customer, orders.item,
    -> ( orders.qty * items.price ) AS '판매금액',
    -> IF (( orders.qty * items.price )) 10000, '무료배송', '2500' )
    -> AS '배송비'
    -> FROM orders, items
    -> WHERE orders.item = items.code;
ERROR 1064 (42000): You have an error in your SQL syntax; check the manual that corresponds to your MySQL server version for the right syntax to use near ') 10000, '무료배송', '2500' )
AS '배송비'
FROM orders, items
WHERE orders' at line 3
mysql> SELECT orders.num, orders.customer, orders.item,
    -> ( orders.qty * items.price ) AS '판매금액',
    -> IF ( ( orders.qty * items.price ) > 10000, '무료배송', '2500' )
    -> AS '배송비'
    -> FROM orders, items
    -> WHERE orders.item = items.code;
+-----+----------+------+----------+----------+
| num | customer | item | 판매금액 | 배송비   |
+-----+----------+------+----------+----------+
|   1 | apple    | E06  |     NULL | 2500     |
|   2 | apple    | E05  |     4830 | 2500     |
|   3 | eagle    | E01  |     4725 | 2500     |
|   4 | bank     | E04  |    23940 | 무료배송 |
|   5 | bird     | E01  |    15750 | 무료배송 |
|   6 | bird     | E04  |     4788 | 2500     |
|   9 |          | E02  |    10239 | 무료배송 |
+-----+----------+------+----------+----------+
7 rows in set (0.00 sec)

mysql> SELECT * FROM orders;
+-----+----------+------+-----+------------+-------------+
| num | customer | item | qty | date       | saddr       |
+-----+----------+------+-----+------------+-------------+
|   1 | apple    | E06  |  10 | 2020-01-01 | 경기 용인시 |
|   2 | apple    | E05  |   2 | 2020-01-01 | 경기 용인시 |
|   3 | eagle    | E01  |   3 | 2020-02-03 | 부산 남구   |
|   4 | bank     | E04  |   5 | 2020-02-03 | 서울 종로구 |
|   5 | bird     | E01  |  10 | 2020-03-04 | 충남 천안시 |
|   6 | bird     | E04  |   1 | 2020-03-04 | 충남 천안시 |
|   9 |          | E02  |   3 | 2020-04-01 | 제주시      |
+-----+----------+------+-----+------------+-------------+
7 rows in set (0.00 sec)

mysql> SELECT orders.date, orders.customer,
    -> SUM( ORDERS.QTY * ITEMS.PRICE ) AS '판매금액',
    -> IF ( SUM( orders.qty * items.price ) > 10000, '무료배송', '2500' )
    -> AS '배송비'
    -> FROM orders. items
    -> WHERE orders.item = items.code
    -> GROUP BY orders.date, orders.customer;
ERROR 1049 (42000): Unknown database 'orders'
mysql> SELECT orders.date, orders.customer,
    -> SUM( orders.qty * items.price ) AS '판매금액',
    -> IF ( SUM( orders.qty * items.price ) > 10000, '무료배송', '2500' )
    -> AS '배송비'
    -> FROM orders, items
    -> WHERE orders.item = items.code
    -> GROUP BY orders.date, orders.customer;
+------------+----------+----------+----------+
| date       | customer | 판매금액 | 배송비   |
+------------+----------+----------+----------+
| 2020-01-01 | apple    |     4830 | 2500     |
| 2020-02-03 | eagle    |     4725 | 2500     |
| 2020-02-03 | bank     |    23940 | 무료배송 |
| 2020-03-04 | bird     |    20538 | 무료배송 |
| 2020-04-01 |          |    10239 | 무료배송 |
+------------+----------+----------+----------+
5 rows in set (0.01 sec)

mysql> SELECT IFNULL( 1, 0 );
+----------------+
| IFNULL( 1, 0 ) |
+----------------+
|              1 |
+----------------+
1 row in set (0.00 sec)

mysql> SELECT IFNULL(NULL, 10);
+------------------+
| IFNULL(NULL, 10) |
+------------------+
|               10 |
+------------------+
1 row in set (0.00 sec)

mysql> SELECT IFNULL(1/0, 10);
+-----------------+
| IFNULL(1/0, 10) |
+-----------------+
|         10.0000 |
+-----------------+
1 row in set (0.00 sec)

mysql> SELECT IFNULL(1/0, 'yes');
+--------------------+
| IFNULL(1/0, 'yes') |
+--------------------+
| yes                |
+--------------------+
1 row in set (0.00 sec)

mysql> SELECT acount AS '계정', name AS '고객명',
    -> IFNULL( address, '주소없음' ) AS '주소'
    -> FROM customer;
ERROR 1054 (42S22): Unknown column 'acount' in 'field list'
mysql> SELECT account AS '계정', name AS '고객명',
    -> IFNULL( address, '주소없음' ) AS '주소'
    -> FROM customer;
+--------+--------+-------------+
| 계정   | 고객명 | 주소        |
+--------+--------+-------------+
| apple  | 이남이 | 경기 용인시 |
| bank   | 홍길동 | 서울 종로구 |
| bird   | 구선두 | 충남 천안시 |
| eagle  | 박세째 |  부산 남구  |
| king   | 오나라 | 주소없음    |
| moon   | 한가위 | 서울 용산구 |
| pencil | 김둘   |  경기 수원  |
| sun    | 박태양 | 용인 처인구 |
| table  | 정탁자 | 주소없음    |
| watch  | 김정확 | 주소없음    |
+--------+--------+-------------+
10 rows in set (0.00 sec)

mysql> SELECT NULLIF( 1, 1 );
+----------------+
| NULLIF( 1, 1 ) |
+----------------+
|           NULL |
+----------------+
1 row in set (0.00 sec)

mysql> SELECT NULLIF( 1, 0 );
+----------------+
| NULLIF( 1, 0 ) |
+----------------+
|              1 |
+----------------+
1 row in set (0.00 sec)

mysql> QUIT
Bye

```