# 2021. 12. 18. (토)

## mysql

### 데이터 수정


```

Microsoft Windows [Version 10.0.18362.356]
(c) 2019 Microsoft Corporation. All rights reserved.

C:\Users\user>mysql -u thkim -p
Enter password:
Welcome to the MySQL monitor.  Commands end with ; or \g.
Your MySQL connection id is 9
Server version: 8.0.27 MySQL Community Server - GPL

Copyright (c) 2000, 2021, Oracle and/or its affiliates.

Oracle is a registered trademark of Oracle Corporation and/or its
affiliates. Other names may be trademarks of their respective
owners.

Type 'help;' or '\h' for help. Type '\c' to clear the current input statement.

mysql> use itbank
Database changed
mysql> SELECT * FROM items;
+------+----------+--------+-------+
| code | name     | stocks | price |
+------+----------+--------+-------+
| E01  | 김       |     30 |  1500 |
| E02  | 단무지   |     45 |  3250 |
| E03  | 햄       |     15 |  7000 |
| E04  | 우유     |     25 |  4560 |
| E05  | 주스     |     20 |  2300 |
| E06  | 라면     |     30 |  NULL |
| ZZZ  | 삭제상품 |      0 |     0 |
+------+----------+--------+-------+
7 rows in set (0.00 sec)

mysql> UPDATE items
    -> SET price = price * 1.05;
Query OK, 5 rows affected (0.01 sec)
Rows matched: 7  Changed: 5  Warnings: 0

mysql> SELECT * FROM items;
+------+----------+--------+-------+
| code | name     | stocks | price |
+------+----------+--------+-------+
| E01  | 김       |     30 |  1575 |
| E02  | 단무지   |     45 |  3413 |
| E03  | 햄       |     15 |  7350 |
| E04  | 우유     |     25 |  4788 |
| E05  | 주스     |     20 |  2415 |
| E06  | 라면     |     30 |  NULL |
| ZZZ  | 삭제상품 |      0 |     0 |
+------+----------+--------+-------+
7 rows in set (0.00 sec)

mysql> SELECT * FROM customer;
+---------+--------+--------+--------+-------------+
| account | name   | grade  | credit | address     |
+---------+--------+--------+--------+-------------+
| apple   | 이남이 | VIP    |   5000 | 경기 용인시 |
| bank    | 홍길동 | Gold   |  30000 | 서울 종로구 |
| bird    | 구선두 |        |      0 | 충남 천안시 |
| eagle   | 박세째 | Gold   |   2450 |  부산 남구  |
| king    | 오나라 | Gold   |  15000 | NULL        |
| moon    | 한가위 | New    |   1000 | 서울 용산구 |
| pencil  | 김둘   | Silver |    350 |  경기 수원  |
| sun     | 박태양 | New    |   1000 | 용인 처인구 |
| table   | 정탁자 | New    |      0 | NULL        |
| watch   | 김정확 | New    |   NULL | NULL        |
+---------+--------+--------+--------+-------------+
10 rows in set (0.01 sec)

mysql> SELECT * FROM orders;
+-----+----------+------+-----+------------+-------------+
| num | customer | item | qty | date       | saddr       |
+-----+----------+------+-----+------------+-------------+
|   1 | apple    | E06  |  15 | 2020-01-01 | 경기 용인시 |
|   2 | apple    | E05  |   2 | 2020-01-01 | 경기 용인시 |
|   3 | eagle    | E01  |   3 | 2020-02-03 | 부산 남구   |
|   4 | bank     | E04  |   5 | 2020-02-03 | 서울 종로구 |
|   5 | bird     | E01  |  10 | 2020-03-04 | 충남 천안시 |
|   6 | bird     | E04  |   1 | 2020-03-04 | 충남 천안시 |
|   7 | apple    | E06  |  10 | 2020-03-06 | NULL        |
|   8 | apple    | E05  |   1 | 2020-03-06 | NULL        |
|   9 |          | E02  |   3 | 2020-04-01 | 제주시      |
+-----+----------+------+-----+------------+-------------+
9 rows in set (0.00 sec)

mysql> SELECT account
    -> FROM customer
    -> WHERE name='이남이';
+---------+
| account |
+---------+
| apple   |
+---------+
1 row in set (0.00 sec)

mysql> SELECT *
    -> FROM orders
    -> WHERE item='E06'
    -> AND date='2020-01-01'
    -> AND customer IN ( SELECT account
    -> FROM customer
    -> WHERE name='이남이' );
+-----+----------+------+-----+------------+-------------+
| num | customer | item | qty | date       | saddr       |
+-----+----------+------+-----+------------+-------------+
|   1 | apple    | E06  |  15 | 2020-01-01 | 경기 용인시 |
+-----+----------+------+-----+------------+-------------+
1 row in set (0.00 sec)

mysql> UPDATE orders
    -> SET qty = 10
    -> WHERE ITEM='E06'
    -> AND date='2020-01-01'
    -> AND customer IN ( SELECT account
    -> FROM customer
    -> WHERE name='이남이' );
Query OK, 1 row affected (0.01 sec)
Rows matched: 1  Changed: 1  Warnings: 0

mysql> SELECT * FROM orders;
+-----+----------+------+-----+------------+-------------+
| num | customer | item | qty | date       | saddr       |
+-----+----------+------+-----+------------+-------------+
|   1 | apple    | E06  |  10 | 2020-01-01 | 경기 용인시 |
|   2 | apple    | E05  |   2 | 2020-01-01 | 경기 용인시 |
|   3 | eagle    | E01  |   3 | 2020-02-03 | 부산 남구   |
|   4 | bank     | E04  |   5 | 2020-02-03 | 서울 종로구 |
|   5 | bird     | E01  |  10 | 2020-03-04 | 충남 천안시 |
|   6 | bird     | E04  |   1 | 2020-03-04 | 충남 천안시 |
|   7 | apple    | E06  |  10 | 2020-03-06 | NULL        |
|   8 | apple    | E05  |   1 | 2020-03-06 | NULL        |
|   9 |          | E02  |   3 | 2020-04-01 | 제주시      |
+-----+----------+------+-----+------------+-------------+
9 rows in set (0.00 sec)

mysql> SELECT account
    -> FROM customer
    -> WHERE name='이남이';
+---------+
| account |
+---------+
| apple   |
+---------+
1 row in set (0.00 sec)

mysql> SELECT code
    -> FROM items
    -> WHERE NAME='주스';
+------+
| code |
+------+
| E05  |
+------+
1 row in set (0.00 sec)

mysql> SELECT *
    -> FROM orders
    -> SET qty = 8
    -> WHERE date='2015-06-10'
    -> AND item IN ( SELECT code
    -> FROM items
    -> WHERE name='주스' )
    -> AND customer IN ( SELECT account
    -> FROM customer
    -> WHERE name='이남이' );
ERROR 1064 (42000): You have an error in your SQL syntax; check the manual that corresponds to your MySQL server version for the right syntax to use near 'SET qty = 8
WHERE date='2015-06-10'
AND item IN ( SELECT code
FROM items
WHERE n' at line 3
mysql> SELECT *
    -> FROM orders
    -> SET qty = 8
    -> WHERE date='2015-06-10'
    -> AND item IN ( SELECT code
    -> FROM items
    -> WHERE name='주스' )
    -> AND customer IN ( SELECT account
    -> FROM customer
    -> WHERE name='이남이' );
ERROR 1064 (42000): You have an error in your SQL syntax; check the manual that corresponds to your MySQL server version for the right syntax to use near 'SET qty = 8
WHERE date='2015-06-10'
AND item IN ( SELECT code
FROM items
WHERE n' at line 3
mysql> UPDATE orders
    -> SET qty = 8
    -> WHERE date='2015-06-10'
    -> AND item IN ( SELECT code
    -> FROM items
    -> WHERE name='주스' )
    -> AND customer IN ( SELECT account
    -> FROM customer
    -> WHERE name='이남이' );
Query OK, 0 rows affected (0.00 sec)
Rows matched: 0  Changed: 0  Warnings: 0

mysql> SELECT * FROM orders;
+-----+----------+------+-----+------------+-------------+
| num | customer | item | qty | date       | saddr       |
+-----+----------+------+-----+------------+-------------+
|   1 | apple    | E06  |  10 | 2020-01-01 | 경기 용인시 |
|   2 | apple    | E05  |   2 | 2020-01-01 | 경기 용인시 |
|   3 | eagle    | E01  |   3 | 2020-02-03 | 부산 남구   |
|   4 | bank     | E04  |   5 | 2020-02-03 | 서울 종로구 |
|   5 | bird     | E01  |  10 | 2020-03-04 | 충남 천안시 |
|   6 | bird     | E04  |   1 | 2020-03-04 | 충남 천안시 |
|   7 | apple    | E06  |  10 | 2020-03-06 | NULL        |
|   8 | apple    | E05  |   1 | 2020-03-06 | NULL        |
|   9 |          | E02  |   3 | 2020-04-01 | 제주시      |
+-----+----------+------+-----+------------+-------------+
9 rows in set (0.00 sec)

mysql>
mysql> SELECT *
    -> FROM orders
    -> SET qty = 8
    -> WHERE date='2015-06-10'
    -> AND item IN ( SELECT code
    -> FROM items
    -> WHERE name='주스' )
    -> AND customer IN ( SELECT account
    -> FROM customer
    -> WHERE name='이남이' );
ERROR 1064 (42000): You have an error in your SQL syntax; check the manual that corresponds to your MySQL server version for the right syntax to use near 'SET qty = 8
WHERE date='2015-06-10'
AND item IN ( SELECT code
FROM items
WHERE n' at line 3
mysql> quit
Bye

```