# 2021. 12. 16. (목)

## mysql

### 데이터 직접 삽입

```
Microsoft Windows [Version 10.0.18362.356]
(c) 2019 Microsoft Corporation. All rights reserved.

C:\Users\user>mysql -u thkim -p
Enter password:
Welcome to the MySQL monitor.  Commands end with ; or \g.
Your MySQL connection id is 8
Server version: 8.0.27 MySQL Community Server - GPL

Copyright (c) 2000, 2021, Oracle and/or its affiliates.

Oracle is a registered trademark of Oracle Corporation and/or its
affiliates. Other names may be trademarks of their respective
owners.

Type 'help;' or '\h' for help. Type '\c' to clear the current input statement.

mysql> use itbank
Database changed
mysql> INSERT INTO customer ( account, name, grade, credit, address )
    -> VALUES ( 'moon', '한가위', 'New', 1000, '서울 용산구' );
Query OK, 1 row affected (0.02 sec)

mysql> SELECT * FROM customer;
+---------+--------+--------+--------+-------------+
| account | name   | grade  | credit | address     |
+---------+--------+--------+--------+-------------+
| apple   | 이남이 | VIP    |   5000 | 경기 용인시 |
| bank    | 홍길동 | Gold   |  30000 | 서울 종로구 |
| bird    | 구선두 |        |      0 | 충남 천안시 |
| eagle   | 박세째 | Gold   |   2450 |  부산 남구  |
| king    | 오나라 | Gold   |  15000 | NULL        |
| moon    | 한가위 | New    |   1000 | 서울 용산구 |
| pencil  | 김둘   | Silver |    350 |  경기 수원  |
+---------+--------+--------+--------+-------------+
7 rows in set (0.00 sec)

mysql> INSERT INTO customer
    -> VALUES ( 'sun', '박태양', 'New', 1000, '용인 처인구' );
Query OK, 1 row affected (0.01 sec)

mysql> SELECT * FROM customer;
+---------+--------+--------+--------+-------------+
| account | name   | grade  | credit | address     |
+---------+--------+--------+--------+-------------+
| apple   | 이남이 | VIP    |   5000 | 경기 용인시 |
| bank    | 홍길동 | Gold   |  30000 | 서울 종로구 |
| bird    | 구선두 |        |      0 | 충남 천안시 |
| eagle   | 박세째 | Gold   |   2450 |  부산 남구  |
| king    | 오나라 | Gold   |  15000 | NULL        |
| moon    | 한가위 | New    |   1000 | 서울 용산구 |
| pencil  | 김둘   | Silver |    350 |  경기 수원  |
| sun     | 박태양 | New    |   1000 | 용인 처인구 |
+---------+--------+--------+--------+-------------+
8 rows in set (0.00 sec)

mysql> DESC customer;
+---------+--------------+------+-----+---------+-------+
| Field   | Type         | Null | Key | Default | Extra |
+---------+--------------+------+-----+---------+-------+
| account | varchar(10)  | NO   | PRI | NULL    |       |
| name    | varchar(10)  | NO   |     | NULL    |       |
| grade   | varchar(6)   | NO   |     | New     |       |
| credit  | int          | YES  |     | 0       |       |
| address | varchar(100) | YES  |     | NULL    |       |
+---------+--------------+------+-----+---------+-------+
5 rows in set (0.01 sec)

mysql> INSERT INTO customer ( account, name )
    -> VALUES ( 'table', '정탁자' );
Query OK, 1 row affected (0.01 sec)

mysql> SELECT * FROM customer;
+---------+--------+--------+--------+-------------+
| account | name   | grade  | credit | address     |
+---------+--------+--------+--------+-------------+
| apple   | 이남이 | VIP    |   5000 | 경기 용인시 |
| bank    | 홍길동 | Gold   |  30000 | 서울 종로구 |
| bird    | 구선두 |        |      0 | 충남 천안시 |
| eagle   | 박세째 | Gold   |   2450 |  부산 남구  |
| king    | 오나라 | Gold   |  15000 | NULL        |
| moon    | 한가위 | New    |   1000 | 서울 용산구 |
| pencil  | 김둘   | Silver |    350 |  경기 수원  |
| sun     | 박태양 | New    |   1000 | 용인 처인구 |
| table   | 정탁자 | New    |      0 | NULL        |
+---------+--------+--------+--------+-------------+
9 rows in set (0.00 sec)

mysql> INSERT INTO customer ( account, name, grade, credit, address )
    -> VALUES ( 'WATCH', '김정확', NULL, NULL, NULL );
ERROR 1048 (23000): Column 'grade' cannot be null
mysql> INSERT INTO customer ( account, name, grade, credit, address )
    -> VALUES ( 'watch', '김정확', NULL, NULL, NULL );
ERROR 1048 (23000): Column 'grade' cannot be null
mysql> INSERT INTO customer ( account, name, credit, address )
    -> VALUES ( 'watch', '김정확', NULL, NULL );
Query OK, 1 row affected (0.01 sec)

mysql> SELECT * FROM customer;
+---------+--------+--------+--------+-------------+
| account | name   | grade  | credit | address     |
+---------+--------+--------+--------+-------------+
| apple   | 이남이 | VIP    |   5000 | 경기 용인시 |
| bank    | 홍길동 | Gold   |  30000 | 서울 종로구 |
| bird    | 구선두 |        |      0 | 충남 천안시 |
| eagle   | 박세째 | Gold   |   2450 |  부산 남구  |
| king    | 오나라 | Gold   |  15000 | NULL        |
| moon    | 한가위 | New    |   1000 | 서울 용산구 |
| pencil  | 김둘   | Silver |    350 |  경기 수원  |
| sun     | 박태양 | New    |   1000 | 용인 처인구 |
| table   | 정탁자 | New    |      0 | NULL        |
| watch   | 김정확 | New    |   NULL | NULL        |
+---------+--------+--------+--------+-------------+
10 rows in set (0.00 sec)

mysql> quit
Bye

```