# 2021. 12. 12. (일)

## mysql

### 오른쪽조인, 왼쪽조인

```
Microsoft Windows [Version 10.0.18362.356]
(c) 2019 Microsoft Corporation. All rights reserved.

C:\Users\user>mysql -u thkim -p
Enter password:
Welcome to the MySQL monitor.  Commands end with ; or \g.
Your MySQL connection id is 11
Server version: 8.0.27 MySQL Community Server - GPL

Copyright (c) 2000, 2021, Oracle and/or its affiliates.

Oracle is a registered trademark of Oracle Corporation and/or its
affiliates. Other names may be trademarks of their respective
owners.

Type 'help;' or '\h' for help. Type '\c' to clear the current input statement.

mysql> use itbank
Database changed
mysql> SELECT customer.name, orders.item
    -> FROM orders
    -> RIGHT JOIN customer
    -> ON customer.account=orders.customer;
+--------+------+
| name   | item |
+--------+------+
| 이남이 | E05  |
| 이남이 | E06  |
| 이남이 | E05  |
| 이남이 | E06  |
| 홍길동 | E04  |
| 구선두 | E04  |
| 구선두 | E01  |
| 박세째 | E01  |
| 오나라 | NULL |
| 김둘   | NULL |
+--------+------+
10 rows in set (0.01 sec)

mysql> SELECT items.name, SUM( orders.qty 0
    -> FROM orders
    -> RIGHT JOIN items
    -> ON items.code=orders.item
    -> GROUP BY items.code;
ERROR 1064 (42000): You have an error in your SQL syntax; check the manual that corresponds to your MySQL server version for the right syntax to use near '0
FROM orders
RIGHT JOIN items
ON items.code=orders.item
GROUP BY items.code' at line 1
mysql> SELECT items.name, SUM( orders.qty )
    -> FROM orders
    -> RIGHT JOIN items
    -> ON items.code=orders.item
    -> GROUP BY items.code;
+----------+-------------------+
| name     | SUM( orders.qty ) |
+----------+-------------------+
| 김       |                13 |
| 단무지   |              NULL |
| 햄       |              NULL |
| 우유     |                 6 |
| 주스     |                 3 |
| 라면     |                25 |
| 삭제상품 |              NULL |
+----------+-------------------+
7 rows in set (0.01 sec)

mysql> quit
Bye

C:\Users\user>mysql -u thkim -p
Enter password:
Welcome to the MySQL monitor.  Commands end with ; or \g.
Your MySQL connection id is 12
Server version: 8.0.27 MySQL Community Server - GPL

Copyright (c) 2000, 2021, Oracle and/or its affiliates.

Oracle is a registered trademark of Oracle Corporation and/or its
affiliates. Other names may be trademarks of their respective
owners.

Type 'help;' or '\h' for help. Type '\c' to clear the current input statement.

mysql> use itbank
Database changed
mysql> SELECT DISTINCT customer.name, orders.item
    -> FROM customer
    -> LEFT JOIN orders
    -> ON custoemr.account=orders.customer;
ERROR 1054 (42S22): Unknown column 'custoemr.account' in 'on clause'
mysql> SELECT DISTINCT customer.name, orders.item
    -> FROM customer
    -> LEFT JOIN orders
    -> ON customer.account=orders.customer;
+--------+------+
| name   | item |
+--------+------+
| 이남이 | E05  |
| 이남이 | E06  |
| 홍길동 | E04  |
| 구선두 | E04  |
| 구선두 | E01  |
| 박세째 | E01  |
| 오나라 | NULL |
| 김둘   | NULL |
+--------+------+
8 rows in set (0.00 sec)

mysql> quit
Bye

```