# 2021. 11. 27. (토)

## mysql

### 데이터 검색 ( SELECT 문 )



```

Microsoft Windows [Version 10.0.18362.356]
(c) 2019 Microsoft Corporation. All rights reserved.

C:\Users\user>Mysql -u thkim -p
Enter password:
Welcome to the MySQL monitor.  Commands end with ; or \g.
Your MySQL connection id is 9
Server version: 8.0.27 MySQL Community Server - GPL

Copyright (c) 2000, 2021, Oracle and/or its affiliates.

Oracle is a registered trademark of Oracle Corporation and/or its
affiliates. Other names may be trademarks of their respective
owners.

Type 'help;' or '\h' for help. Type '\c' to clear the current input statement.

mysql> use itbank
Database changed
mysql> SELECT account, name, credit, address
    -> FROM customer;
+---------+--------+--------+-------------+
| account | name   | credit | address     |
+---------+--------+--------+-------------+
| apple   | 이남이 |   5000 | 경기 용인시 |
| bank    | 홍길동 |  30000 | 서울 종로구 |
| bird    | 구선두 |      0 | 충남 천안시 |
| eagle   | 박세째 |   2450 | 부산 남구   |
| king    | 오나라 |  15000 | 서울 성북구 |
| pencil  | 김둘   |    350 | 경기 수원   |
+---------+--------+--------+-------------+
6 rows in set (0.01 sec)

mysql> SELECT *
    -> FROM customer;
+---------+--------+--------+--------+-------------+
| account | name   | grade  | credit | address     |
+---------+--------+--------+--------+-------------+
| apple   | 이남이 | VIP    |   5000 | 경기 용인시 |
| bank    | 홍길동 | Gold   |  30000 | 서울 종로구 |
| bird    | 구선두 |        |      0 | 충남 천안시 |
| eagle   | 박세째 | Gold   |   2450 | 부산 남구   |
| king    | 오나라 | Gold   |  15000 | 서울 성북구 |
| pencil  | 김둘   | Silver |    350 | 경기 수원   |
+---------+--------+--------+--------+-------------+
6 rows in set (0.00 sec)

mysql> SELECT item
    -> FROM orders;
+------+
| item |
+------+
| E06  |
| E05  |
| E01  |
| E04  |
| E01  |
| E04  |
+------+
6 rows in set (0.02 sec)

mysql> SELECT ALL item
    -> FROM orders;
+------+
| item |
+------+
| E06  |
| E05  |
| E01  |
| E04  |
| E01  |
| E04  |
+------+
6 rows in set (0.00 sec)

mysql> SELECT DISTINCT item
    -> FROM orders;
+------+
| item |
+------+
| E06  |
| E05  |
| E01  |
| E04  |
+------+
4 rows in set (0.01 sec)

mysql> SELECT name as 이름, stocks as 재고, price as 단가
    -> ㄹ개ㅡ ㅑㅅ든;
ERROR 1064 (42000): You have an error in your SQL syntax; check the manual that corresponds to your MySQL server version for the right syntax to use near 'ㄹ개ㅡ ㅑㅅ든' at line 2
mysql> SELECT name as 이름, stocks as 재고, price as 단가
    -> FROME items;
ERROR 1064 (42000): You have an error in your SQL syntax; check the manual that corresponds to your MySQL server version for the right syntax to use near 'FROME items' at line 2
mysql> SELECT name as 이름, stocks as 재고, price as 단가
    -> FROM items;
+----------+------+------+
| 이름     | 재고 | 단가 |
+----------+------+------+
| 김       |   30 | 1500 |
| 단무지   |   45 | 3250 |
| 햄       |   15 | 7000 |
| 우유     |   25 | 4560 |
| 주스     |   20 | 2300 |
| 라면     |   30 | 2560 |
| 삭제상품 |    0 |    0 |
+----------+------+------+
7 rows in set (0.01 sec)

mysql> SELECT name, price + 500as 조정단가
    -> FROM items;
ERROR 1054 (42S22): Unknown column '500as' in 'field list'
mysql> SELECT name, price + 500 as 조정단가
    -> FROM items;
+----------+----------+
| name     | 조정단가 |
+----------+----------+
| 김       |     2000 |
| 단무지   |     3750 |
| 햄       |     7500 |
| 우유     |     5060 |
| 주스     |     2800 |
| 라면     |     3060 |
| 삭제상품 |      500 |
+----------+----------+
7 rows in set (0.01 sec)

mysql> SELECT code, name, stocks
    -> FROM items
    -> WHERE stocks >=20;
+------+--------+--------+
| code | name   | stocks |
+------+--------+--------+
| E01  | 김     |     30 |
| E02  | 단무지 |     45 |
| E04  | 우유   |     25 |
| E05  | 주스   |     20 |
| E06  | 라면   |     30 |
+------+--------+--------+
5 rows in set (0.01 sec)

mysql> SELECT code, name, stocks
    -> FROM items
    -> WHERE stocks 20<=;
ERROR 1064 (42000): You have an error in your SQL syntax; check the manual that corresponds to your MySQL server version for the right syntax to use near '20<=' at line 3
mysql> SELECT item, qty, date
    -> FROM orders
    -> WHERE customer ='apple' AND qty >= 10;
+------+-----+------------+
| item | qty | date       |
+------+-----+------------+
| E06  |  15 | 2020-01-01 |
+------+-----+------------+
1 row in set (0.00 sec)

mysql> SELECT
    ->   ProductName,
    ->   Price / 2 AS HalfPrice
    -> ^C
mysql> SELECT customer, item, qty, date
    -> FROM orders
    -> WHERE customer = 'apple' OR qty >= 10;
+----------+------+-----+------------+
| customer | item | qty | date       |
+----------+------+-----+------------+
| apple    | E06  |  15 | 2020-01-01 |
| apple    | E05  |   2 | 2020-01-01 |
| bird     | E01  |  10 | 2020-03-04 |
+----------+------+-----+------------+
3 rows in set (0.00 sec)

mysql> SELECT name, stocks, price
    -> FROM items
    -> WHERER price >= 3000 AND price < 5000;
ERROR 1064 (42000): You have an error in your SQL syntax; check the manual that corresponds to your MySQL server version for the right syntax to use near 'price >= 3000 AND price < 5000' at line 3
mysql> SELECT name, stocks, price
    -> FROM items
    -> WHERE pricd >= 3000 AND pricd < 5000;
ERROR 1054 (42S22): Unknown column 'pricd' in 'where clause'
mysql> SELECT name, stocks, price
    -> FROM items
    -> WHERER price >= 3000 AND price < 5000;
ERROR 1064 (42000): You have an error in your SQL syntax; check the manual that corresponds to your MySQL server version for the right syntax to use near 'price >= 3000 AND price < 5000' at line 3
mysql> SELECT name, stocks, price
    -> FROM items
    -> WHERE price >= 3000 AND price < 5000;
+--------+--------+-------+
| name   | stocks | price |
+--------+--------+-------+
| 단무지 |     45 |  3250 |
| 우유   |     25 |  4560 |
+--------+--------+-------+
2 rows in set (0.00 sec)

mysql> SELECT name, stocks, price
    -> FROM items
    -> WHERE price >= 3000 AND price <= 5000;
+--------+--------+-------+
| name   | stocks | price |
+--------+--------+-------+
| 단무지 |     45 |  3250 |
| 우유   |     25 |  4560 |
+--------+--------+-------+
2 rows in set (0.00 sec)

mysql> SELECT name, stocks, price
    -> FROM items
    -> WHERE price BETWEEN 3000 AND 5000;
+--------+--------+-------+
| name   | stocks | price |
+--------+--------+-------+
| 단무지 |     45 |  3250 |
| 우유   |     25 |  4560 |
+--------+--------+-------+
2 rows in set (0.00 sec)

mysql> SELECT item, qty
    -> FROM orders
    -> WHERE item IN ( 'E01', 'E02' );
+------+-----+
| item | qty |
+------+-----+
| E01  |   3 |
| E01  |  10 |
+------+-----+
2 rows in set (0.00 sec)

mysql> SELECT item, qty
    -> FROM orders
    -> WHERE item = 'E01' or item = 'E02');
ERROR 1064 (42000): You have an error in your SQL syntax; check the manual that corresponds to your MySQL server version for the right syntax to use near ')' at line 3
mysql>  SELECT item, qty
    ->     -> FROM orders
    ->     -> FROM orders^C
mysql> SELECT item, qty
    -> FROM orders
    -> WHERE (item = 'E01' or item = 'E02');
+------+-----+
| item | qty |
+------+-----+
| E01  |   3 |
| E01  |  10 |
+------+-----+
2 rows in set (0.00 sec)

mysql> quit
Bye

```