# 2021. 11. 27. (토)

## mysql

### LIKE를 이용한 검색, NULL을 이용한 검색

#### customer 테이블에 address 5번째 행. name '오나라' 행의 address가 NULL이었어야 했는데 주소가 입력되어 있어서 UPDATE, SET, WHERE을 이용하여 데이터 값을 변경 후 실습 진행.



```

Microsoft Windows [Version 10.0.18362.356]
(c) 2019 Microsoft Corporation. All rights reserved.

C:\Users\user>mysql -u thkim -p
Enter password:
Welcome to the MySQL monitor.  Commands end with ; or \g.
Your MySQL connection id is 10
Server version: 8.0.27 MySQL Community Server - GPL

Copyright (c) 2000, 2021, Oracle and/or its affiliates.

Oracle is a registered trademark of Oracle Corporation and/or its
affiliates. Other names may be trademarks of their respective
owners.

Type 'help;' or '\h' for help. Type '\c' to clear the current input statement.

mysql> use itbnak
ERROR 1049 (42000): Unknown database 'itbnak'
mysql> use itbank
Database changed
mysql> SELECT name, account, grade
    -> FROM customer
    -> WHERE name LIKE '김%';
+------+---------+--------+
| name | account | grade  |
+------+---------+--------+
| 김둘 | pencil  | Silver |
+------+---------+--------+
1 row in set (0.01 sec)

mysql> SELECT account, name, grade
    -> FROM customer
    -> WHERE account LIKE'_____';
+---------+--------+-------+
| account | name   | grade |
+---------+--------+-------+
| apple   | 이남이 | VIP   |
| eagle   | 박세째 | Gold  |
+---------+--------+-------+
2 rows in set (0.00 sec)

mysql> SELECT name, grade
    -> FROM customer
    -> WHERE name LIKE '%동';
+--------+-------+
| name   | grade |
+--------+-------+
| 홍길동 | Gold  |
+--------+-------+
1 row in set (0.00 sec)

mysql> SELECT name, grade
    -> FROM customer
    -> WHERE name LIKE '__동';
+--------+-------+
| name   | grade |
+--------+-------+
| 홍길동 | Gold  |
+--------+-------+
1 row in set (0.00 sec)

mysql> SELECT item, date, saddr
    -> FROM orders
    -> WHERE saddr LIKE '%경기%';
+------+------------+-------------+
| item | date       | saddr       |
+------+------------+-------------+
| E06  | 2020-01-01 | 경기 용인시 |
| E05  | 2020-01-01 | 경기 용인시 |
+------+------------+-------------+
2 rows in set (0.00 sec)

mysql> SELECT account, name
    -> FROM customer
    -> WHERE address IS NULL;
Empty set (0.00 sec)

mysql> SELECT * FROM customer;
+---------+--------+--------+--------+-------------+
| account | name   | grade  | credit | address     |
+---------+--------+--------+--------+-------------+
| apple   | 이남이 | VIP    |   5000 | 경기 용인시 |
| bank    | 홍길동 | Gold   |  30000 | 서울 종로구 |
| bird    | 구선두 |        |      0 | 충남 천안시 |
| eagle   | 박세째 | Gold   |   2450 | 부산 남구   |
| king    | 오나라 | Gold   |  15000 | 서울 성북구 |
| pencil  | 김둘   | Silver |    350 | 경기 수원   |
+---------+--------+--------+--------+-------------+
6 rows in set (0.00 sec)

mysql> drop into customer values ('king','오나라','Gold',15000,'서울 성북구');
ERROR 1064 (42000): You have an error in your SQL syntax; check the manual that corresponds to your MySQL server version for the right syntax to use near 'into customer values ('king','오나라','Gold',15000,'서울 성북구')' at line 1
mysql> UPDATE customer SET address = "NULL" WHERE account = king;
ERROR 1054 (42S22): Unknown column 'king' in 'where clause'
mysql> UPDATE customer SET address = NULL;
Query OK, 6 rows affected (0.03 sec)
Rows matched: 6  Changed: 6  Warnings: 0

mysql> SELECT * FROM customer;
+---------+--------+--------+--------+---------+
| account | name   | grade  | credit | address |
+---------+--------+--------+--------+---------+
| apple   | 이남이 | VIP    |   5000 | NULL    |
| bank    | 홍길동 | Gold   |  30000 | NULL    |
| bird    | 구선두 |        |      0 | NULL    |
| eagle   | 박세째 | Gold   |   2450 | NULL    |
| king    | 오나라 | Gold   |  15000 | NULL    |
| pencil  | 김둘   | Silver |    350 | NULL    |
+---------+--------+--------+--------+---------+
6 rows in set (0.00 sec)

mysql> UPDATE customer SET address = "경기 용인시" WHERE account = 1;
ERROR 1292 (22007): Truncated incorrect DOUBLE value: 'apple'
mysql> UPDATE customer SET address = "경기 용인시" WHERE account = apple;
ERROR 1054 (42S22): Unknown column 'apple' in 'where clause'
mysql> UPDATE customer SET address = "경기 용인시" WHERE credit = 5000;
Query OK, 1 row affected (0.01 sec)
Rows matched: 1  Changed: 1  Warnings: 0

mysql> SELECT * FROM customer;
+---------+--------+--------+--------+-------------+
| account | name   | grade  | credit | address     |
+---------+--------+--------+--------+-------------+
| apple   | 이남이 | VIP    |   5000 | 경기 용인시 |
| bank    | 홍길동 | Gold   |  30000 | NULL        |
| bird    | 구선두 |        |      0 | NULL        |
| eagle   | 박세째 | Gold   |   2450 | NULL        |
| king    | 오나라 | Gold   |  15000 | NULL        |
| pencil  | 김둘   | Silver |    350 | NULL        |
+---------+--------+--------+--------+-------------+
6 rows in set (0.00 sec)

mysql> UPDATE customer SET address = "서울 종로구" WHERE credit = 30000;
Query OK, 1 row affected (0.01 sec)
Rows matched: 1  Changed: 1  Warnings: 0

mysql> UPDATE customer SET address = "충남 천안시" WHERE credit = 0;
Query OK, 1 row affected (0.01 sec)
Rows matched: 1  Changed: 1  Warnings: 0

mysql> UPDATE customer SET address = " 부산 남구" WHERE credit = 2450;
Query OK, 1 row affected (0.01 sec)
Rows matched: 1  Changed: 1  Warnings: 0

mysql> UPDATE customer SET address = " 경기 수원 " WHERE credit = 350;
Query OK, 1 row affected (0.02 sec)
Rows matched: 1  Changed: 1  Warnings: 0

mysql> SELECT * FROM customer;
+---------+--------+--------+--------+-------------+
| account | name   | grade  | credit | address     |
+---------+--------+--------+--------+-------------+
| apple   | 이남이 | VIP    |   5000 | 경기 용인시 |
| bank    | 홍길동 | Gold   |  30000 | 서울 종로구 |
| bird    | 구선두 |        |      0 | 충남 천안시 |
| eagle   | 박세째 | Gold   |   2450 |  부산 남구  |
| king    | 오나라 | Gold   |  15000 | NULL        |
| pencil  | 김둘   | Silver |    350 |  경기 수원  |
+---------+--------+--------+--------+-------------+
6 rows in set (0.00 sec)

mysql> SELECT account, name
    -> FROM customer
    -> WHERE address IS NULL;
+---------+--------+
| account | name   |
+---------+--------+
| king    | 오나라 |
+---------+--------+
1 row in set (0.00 sec)

mysql> SELECT account, name
    -> FROM customer
    -> WHERE address=NULL;
Empty set (0.00 sec)

mysql> SELECT name, address
    -> FROM customer
    -> WHERE address IS NOT NULL;
+--------+-------------+
| name   | address     |
+--------+-------------+
| 이남이 | 경기 용인시 |
| 홍길동 | 서울 종로구 |
| 구선두 | 충남 천안시 |
| 박세째 |  부산 남구  |
| 김둘   |  경기 수원  |
+--------+-------------+
5 rows in set (0.00 sec)

mysql> SELECT * FROM items;
+------+----------+--------+-------+
| code | name     | stocks | price |
+------+----------+--------+-------+
| E01  | 김       |     30 |  1500 |
| E02  | 단무지   |     45 |  3250 |
| E03  | 햄       |     15 |  7000 |
| E04  | 우유     |     25 |  4560 |
| E05  | 주스     |     20 |  2300 |
| E06  | 라면     |     30 |  2560 |
| ZZZ  | 삭제상품 |      0 |     0 |
+------+----------+--------+-------+
7 rows in set (0.00 sec)

mysql> UPDATE items SET price = NULL WHERE code = 'E06';
Query OK, 1 row affected (0.01 sec)
Rows matched: 1  Changed: 1  Warnings: 0

mysql> SELECT * FROM items;
+------+----------+--------+-------+
| code | name     | stocks | price |
+------+----------+--------+-------+
| E01  | 김       |     30 |  1500 |
| E02  | 단무지   |     45 |  3250 |
| E03  | 햄       |     15 |  7000 |
| E04  | 우유     |     25 |  4560 |
| E05  | 주스     |     20 |  2300 |
| E06  | 라면     |     30 |  NULL |
| ZZZ  | 삭제상품 |      0 |     0 |
+------+----------+--------+-------+
7 rows in set (0.00 sec)

mysql> SELECT code, name
    -> FROM items
    -> WHERE price IS NULL;
+------+------+
| code | name |
+------+------+
| E06  | 라면 |
+------+------+
1 row in set (0.00 sec)

mysql> SELECT code, name
    -> FROM items
    -> WHERE price = 0;
+------+----------+
| code | name     |
+------+----------+
| ZZZ  | 삭제상품 |
+------+----------+
1 row in set (0.00 sec)

mysql> SELECT code, name, price
    -> FROM items
    -> WHERE price <2000;
+------+----------+-------+
| code | name     | price |
+------+----------+-------+
| E01  | 김       |  1500 |
| ZZZ  | 삭제상품 |     0 |
+------+----------+-------+
2 rows in set (0.00 sec)

mysql> SELECT code, name, price
    -> FROM items
    -> WHERE NOT ( price = 2300 );
+------+----------+-------+
| code | name     | price |
+------+----------+-------+
| E01  | 김       |  1500 |
| E02  | 단무지   |  3250 |
| E03  | 햄       |  7000 |
| E04  | 우유     |  4560 |
| ZZZ  | 삭제상품 |     0 |
+------+----------+-------+
5 rows in set (0.00 sec)

mysql> SELECT code, name, price
    -> FROM items
    -> WHERE price <> 2300;
+------+----------+-------+
| code | name     | price |
+------+----------+-------+
| E01  | 김       |  1500 |
| E02  | 단무지   |  3250 |
| E03  | 햄       |  7000 |
| E04  | 우유     |  4560 |
| ZZZ  | 삭제상품 |     0 |
+------+----------+-------+
5 rows in set (0.00 sec)

mysql> quit
Bye

```