# 2021. 12. 11. (토)

## mysql

### 내부조인

```
Microsoft Windows [Version 10.0.18362.356]
(c) 2019 Microsoft Corporation. All rights reserved.

C:\Users\user>mysql -u thkim -p
Enter password:
Welcome to the MySQL monitor.  Commands end with ; or \g.
Your MySQL connection id is 10
Server version: 8.0.27 MySQL Community Server - GPL

Copyright (c) 2000, 2021, Oracle and/or its affiliates.

Oracle is a registered trademark of Oracle Corporation and/or its
affiliates. Other names may be trademarks of their respective
owners.

Type 'help;' or '\h' for help. Type '\c' to clear the current input statement.

mysql> use itbank
Database changed
mysql> SELECT customer.name, orders.item
    -> FROM customer
    -> INNER JOIN orders
    -> ON customer.account=orders.customer;
+--------+------+
| name   | item |
+--------+------+
| 이남이 | E06  |
| 이남이 | E05  |
| 박세째 | E01  |
| 홍길동 | E04  |
| 구선두 | E01  |
| 구선두 | E04  |
| 이남이 | E06  |
| 이남이 | E05  |
+--------+------+
8 rows in set (0.03 sec)

mysql> SELECT *
    -> FROM customer
    -> INNER JOIN orders
    -> ON customer.account=orders.customer;
+---------+--------+-------+--------+-------------+-----+----------+------+-----+------------+-------------+
| account | name   | grade | credit | address     | num | customer | item | qty | date       | saddr       |
+---------+--------+-------+--------+-------------+-----+----------+------+-----+------------+-------------+
| apple   | 이남이 | VIP   |   5000 | 경기 용인시 |   1 | apple    | E06  |  15 | 2020-01-01 | 경기 용인시 |
| apple   | 이남이 | VIP   |   5000 | 경기 용인시 |   2 | apple    | E05  |   2 | 2020-01-01 | 경기 용인시 |
| eagle   | 박세째 | Gold  |   2450 |  부산 남구  |   3 | eagle    | E01  |   3 | 2020-02-03 | 부산 남구   |
| bank    | 홍길동 | Gold  |  30000 | 서울 종로구 |   4 | bank     | E04  |   5 | 2020-02-03 | 서울 종로구 |
| bird    | 구선두 |       |      0 | 충남 천안시 |   5 | bird     | E01  |  10 | 2020-03-04 | 충남 천안시 |
| bird    | 구선두 |       |      0 | 충남 천안시 |   6 | bird     | E04  |   1 | 2020-03-04 | 충남 천안시 |
| apple   | 이남이 | VIP   |   5000 | 경기 용인시 |   7 | apple    | E06  |  10 | 2020-03-06 | NULL        |
| apple   | 이남이 | VIP   |   5000 | 경기 용인시 |   8 | apple    | E05  |   1 | 2020-03-06 | NULL        |
+---------+--------+-------+--------+-------------+-----+----------+------+-----+------------+-------------+
8 rows in set (0.00 sec)

mysql> SELECT item.name, orders.qty
    -> FROM items
    -> INNER JOIN orders
    -> ON items.code=orders.item;
ERROR 1054 (42S22): Unknown column 'item.name' in 'field list'
mysql> SELECT items.name, orders.qty
    -> FROM items
    -> INNER JOIN orders
    -> ON items.code=orders.item;
+------+-----+
| name | qty |
+------+-----+
| 라면 |  15 |
| 주스 |   2 |
| 김   |   3 |
| 우유 |   5 |
| 김   |  10 |
| 우유 |   1 |
| 라면 |  10 |
| 주스 |   1 |
+------+-----+
8 rows in set (0.00 sec)

mysql> quit
Bye

```