# 2021. 12. 28. (화)

## mysql

### 뷰의 활용

```

Microsoft Windows [Version 10.0.18362.356]
(c) 2019 Microsoft Corporation. All rights reserved.

C:\Users\user>mysql -u thkim -p
Enter password:
Welcome to the MySQL monitor.  Commands end with ; or \g.
Your MySQL connection id is 20
Server version: 8.0.27 MySQL Community Server - GPL

Copyright (c) 2000, 2021, Oracle and/or its affiliates.

Oracle is a registered trademark of Oracle Corporation and/or its
affiliates. Other names may be trademarks of their respective
owners.

Type 'help;' or '\h' for help. Type '\c' to clear the current input statement.

mysql> use itbank
Database changed
mysql> SELECT * FROM GoodCustomer;
+---------+--------+--------+
| account | name   | credit |
+---------+--------+--------+
| apple   | 이남이 |   5000 |
| bank    | 홍길동 |  30000 |
| eagle   | 박세째 |   2450 |
| king    | 오나라 |  15000 |
+---------+--------+--------+
4 rows in set (0.00 sec)

mysql> SELECT * FROM GoodCustomer4;
ERROR 1146 (42S02): Table 'itbank.goodcustomer4' doesn't exist
mysql> SELECT * FROM Customer;
+---------+--------+--------+--------+-------------+
| account | name   | grade  | credit | address     |
+---------+--------+--------+--------+-------------+
| apple   | 이남이 | VIP    |   5000 | 경기 용인시 |
| bank    | 홍길동 | Gold   |  30000 | 서울 종로구 |
| bird    | 구선두 |        |      0 | 충남 천안시 |
| eagle   | 박세째 | Gold   |   2450 |  부산 남구  |
| king    | 오나라 | Gold   |  15000 | NULL        |
| moon    | 한가위 | New    |   1000 | 서울 용산구 |
| pencil  | 김둘   | Silver |    350 |  경기 수원  |
| sun     | 박태양 | New    |   1000 | 용인 처인구 |
| table   | 정탁자 | New    |      0 | NULL        |
| watch   | 김정확 | New    |   NULL | NULL        |
+---------+--------+--------+--------+-------------+
10 rows in set (0.00 sec)

mysql> INSERT INTO goodcustomer4 values ('memo', '메모장', 'Gold');
ERROR 1146 (42S02): Table 'itbank.goodcustomer4' doesn't exist
mysql> SELECT * FROM GoodCustomer1;
+---------+--------+--------+
| account | name   | credit |
+---------+--------+--------+
| apple   | 이남이 |   5000 |
| bank    | 홍길동 |  30000 |
| eagle   | 박세째 |   2450 |
| king    | 오나라 |  15000 |
+---------+--------+--------+
4 rows in set (0.00 sec)

mysql> DESC GoodCustomer1;
+---------+-------------+------+-----+---------+-------+
| Field   | Type        | Null | Key | Default | Extra |
+---------+-------------+------+-----+---------+-------+
| account | varchar(10) | NO   |     | NULL    |       |
| name    | varchar(10) | NO   |     | NULL    |       |
| credit  | int         | YES  |     | 0       |       |
+---------+-------------+------+-----+---------+-------+
3 rows in set (0.01 sec)

mysql> INSERT INTO goodcustomer1 values ('memo', '메모장', 'Gold');
ERROR 1366 (HY000): Incorrect integer value: 'Gold' for column 'credit' at row 1
mysql> INSERT INTO GoodCustomer1 values ('memo', '메모장', 'Gold');
ERROR 1366 (HY000): Incorrect integer value: 'Gold' for column 'credit' at row 1
mysql> SELECT * FROM GoodCustomer1;
+---------+--------+--------+
| account | name   | credit |
+---------+--------+--------+
| apple   | 이남이 |   5000 |
| bank    | 홍길동 |  30000 |
| eagle   | 박세째 |   2450 |
| king    | 오나라 |  15000 |
+---------+--------+--------+
4 rows in set (0.00 sec)

mysql> SELECT * FROM customer;
+---------+--------+--------+--------+-------------+
| account | name   | grade  | credit | address     |
+---------+--------+--------+--------+-------------+
| apple   | 이남이 | VIP    |   5000 | 경기 용인시 |
| bank    | 홍길동 | Gold   |  30000 | 서울 종로구 |
| bird    | 구선두 |        |      0 | 충남 천안시 |
| eagle   | 박세째 | Gold   |   2450 |  부산 남구  |
| king    | 오나라 | Gold   |  15000 | NULL        |
| moon    | 한가위 | New    |   1000 | 서울 용산구 |
| pencil  | 김둘   | Silver |    350 |  경기 수원  |
| sun     | 박태양 | New    |   1000 | 용인 처인구 |
| table   | 정탁자 | New    |      0 | NULL        |
| watch   | 김정확 | New    |   NULL | NULL        |
+---------+--------+--------+--------+-------------+
10 rows in set (0.00 sec)

mysql> DELETE FROM Customer WHERE account='bank';
Query OK, 1 row affected (0.02 sec)

mysql> select * from Customer;
+---------+--------+--------+--------+-------------+
| account | name   | grade  | credit | address     |
+---------+--------+--------+--------+-------------+
| apple   | 이남이 | VIP    |   5000 | 경기 용인시 |
| bird    | 구선두 |        |      0 | 충남 천안시 |
| eagle   | 박세째 | Gold   |   2450 |  부산 남구  |
| king    | 오나라 | Gold   |  15000 | NULL        |
| moon    | 한가위 | New    |   1000 | 서울 용산구 |
| pencil  | 김둘   | Silver |    350 |  경기 수원  |
| sun     | 박태양 | New    |   1000 | 용인 처인구 |
| table   | 정탁자 | New    |      0 | NULL        |
| watch   | 김정확 | New    |   NULL | NULL        |
+---------+--------+--------+--------+-------------+
9 rows in set (0.00 sec)

mysql> SELECT * FROM GoodCustomer;
+---------+--------+--------+
| account | name   | credit |
+---------+--------+--------+
| apple   | 이남이 |   5000 |
| eagle   | 박세째 |   2450 |
| king    | 오나라 |  15000 |
+---------+--------+--------+
3 rows in set (0.00 sec)

mysql> quit
Bye

```