# 2021. 12. 17. (금)

## mysql

### 부속 질의문을 이용한 데이터 삽입

```

Microsoft Windows [Version 10.0.18362.356]
(c) 2019 Microsoft Corporation. All rights reserved.

C:\Users\user>mysql -u thkim -p
Enter password:
Welcome to the MySQL monitor.  Commands end with ; or \g.
Your MySQL connection id is 8
Server version: 8.0.27 MySQL Community Server - GPL

Copyright (c) 2000, 2021, Oracle and/or its affiliates.

Oracle is a registered trademark of Oracle Corporation and/or its
affiliates. Other names may be trademarks of their respective
owners.

Type 'help;' or '\h' for help. Type '\c' to clear the current input statement.

mysql> use itbank
Database changed
mysql> CREATE TABLE sales (
    -> num INT NOT NULL AUTO_INCREMENT,
    -> sdate DATE NOT NULL,
    -> amount INT NOT NULL DEFAULT 0,
    -> PRIMARY KEY ( num )
    -> );
Query OK, 0 rows affected (0.09 sec)

mysql> desc sales;
+--------+------+------+-----+---------+----------------+
| Field  | Type | Null | Key | Default | Extra          |
+--------+------+------+-----+---------+----------------+
| num    | int  | NO   | PRI | NULL    | auto_increment |
| sdate  | date | NO   |     | NULL    |                |
| amount | int  | NO   |     | 0       |                |
+--------+------+------+-----+---------+----------------+
3 rows in set (0.02 sec)

mysql> SELECT * FROM orders;
+-----+----------+------+-----+------------+-------------+
| num | customer | item | qty | date       | saddr       |
+-----+----------+------+-----+------------+-------------+
|   1 | apple    | E06  |  15 | 2020-01-01 | 경기 용인시 |
|   2 | apple    | E05  |   2 | 2020-01-01 | 경기 용인시 |
|   3 | eagle    | E01  |   3 | 2020-02-03 | 부산 남구   |
|   4 | bank     | E04  |   5 | 2020-02-03 | 서울 종로구 |
|   5 | bird     | E01  |  10 | 2020-03-04 | 충남 천안시 |
|   6 | bird     | E04  |   1 | 2020-03-04 | 충남 천안시 |
|   7 | apple    | E06  |  10 | 2020-03-06 | NULL        |
|   8 | apple    | E05  |   1 | 2020-03-06 | NULL        |
|   9 |          | E02  |   3 | 2020-04-01 | 제주시      |
+-----+----------+------+-----+------------+-------------+
9 rows in set (0.01 sec)

mysql> SELECT * FROM items;
+------+----------+--------+-------+
| code | name     | stocks | price |
+------+----------+--------+-------+
| E01  | 김       |     30 |  1500 |
| E02  | 단무지   |     45 |  3250 |
| E03  | 햄       |     15 |  7000 |
| E04  | 우유     |     25 |  4560 |
| E05  | 주스     |     20 |  2300 |
| E06  | 라면     |     30 |  NULL |
| ZZZ  | 삭제상품 |      0 |     0 |
+------+----------+--------+-------+
7 rows in set (0.01 sec)

mysql> SELECT orders.date, orders.qty * items.price AS '주문총금액'
    -> FROM orders, items
    -> WHERE orders.date='2020-0101' AND orders. item=items.code;
ERROR 1525 (HY000): Incorrect DATE value: '2020-0101'
mysql> SELECT orders.date, orders.qty * items.price AS '주문총금액'
    -> FROM orders, items
    -> WHERE orders.date='2020-01-01' AND orders. item=items.code;
+------------+------------+
| date       | 주문총금액 |
+------------+------------+
| 2020-01-01 |       NULL |
| 2020-01-01 |       4600 |
+------------+------------+
2 rows in set (0.00 sec)

mysql> SELECT orders.date, sum( orders.qty * items.price ) AS '일별매출'
    -> FROM orders, items
    -> WHERE orders.date='2020-01-01' AND orders.item=items.code;
+------------+----------+
| date       | 일별매출 |
+------------+----------+
| 2020-01-01 |     4600 |
+------------+----------+
1 row in set (0.00 sec)

mysql> quit
Bye

```