# 2021. 12. 13. (월)

## mysql

### 전체조인

```

Microsoft Windows [Version 10.0.18362.356]
(c) 2019 Microsoft Corporation. All rights reserved.

C:\Users\user>mysql -u thkim -p
Enter password:
Welcome to the MySQL monitor.  Commands end with ; or \g.
Your MySQL connection id is 13
Server version: 8.0.27 MySQL Community Server - GPL

Copyright (c) 2000, 2021, Oracle and/or its affiliates.

Oracle is a registered trademark of Oracle Corporation and/or its
affiliates. Other names may be trademarks of their respective
owners.

Type 'help;' or '\h' for help. Type '\c' to clear the current input statement.

mysql> use itbank
Database changed
mysql> SELECT * FROM customer;
+---------+--------+--------+--------+-------------+
| account | name   | grade  | credit | address     |
+---------+--------+--------+--------+-------------+
| apple   | 이남이 | VIP    |   5000 | 경기 용인시 |
| bank    | 홍길동 | Gold   |  30000 | 서울 종로구 |
| bird    | 구선두 |        |      0 | 충남 천안시 |
| eagle   | 박세째 | Gold   |   2450 |  부산 남구  |
| king    | 오나라 | Gold   |  15000 | NULL        |
| pencil  | 김둘   | Silver |    350 |  경기 수원  |
+---------+--------+--------+--------+-------------+
6 rows in set (0.00 sec)

mysql> SELECT * FROM orders;
+-----+----------+------+-----+------------+-------------+
| num | customer | item | qty | date       | saddr       |
+-----+----------+------+-----+------------+-------------+
|   1 | apple    | E06  |  15 | 2020-01-01 | 경기 용인시 |
|   2 | apple    | E05  |   2 | 2020-01-01 | 경기 용인시 |
|   3 | eagle    | E01  |   3 | 2020-02-03 | 부산 남구   |
|   4 | bank     | E04  |   5 | 2020-02-03 | 서울 종로구 |
|   5 | bird     | E01  |  10 | 2020-03-04 | 충남 천안시 |
|   6 | bird     | E04  |   1 | 2020-03-04 | 충남 천안시 |
|   7 | apple    | E06  |  10 | 2020-03-06 | NULL        |
|   8 | apple    | E05  |   1 | 2020-03-06 | NULL        |
+-----+----------+------+-----+------------+-------------+
8 rows in set (0.00 sec)

mysql> insert into orders values('9','','E02','3','2020-04-01','제주시');
Query OK, 1 row affected (0.03 sec)

mysql> SELECT * FROM orders;
+-----+----------+------+-----+------------+-------------+
| num | customer | item | qty | date       | saddr       |
+-----+----------+------+-----+------------+-------------+
|   1 | apple    | E06  |  15 | 2020-01-01 | 경기 용인시 |
|   2 | apple    | E05  |   2 | 2020-01-01 | 경기 용인시 |
|   3 | eagle    | E01  |   3 | 2020-02-03 | 부산 남구   |
|   4 | bank     | E04  |   5 | 2020-02-03 | 서울 종로구 |
|   5 | bird     | E01  |  10 | 2020-03-04 | 충남 천안시 |
|   6 | bird     | E04  |   1 | 2020-03-04 | 충남 천안시 |
|   7 | apple    | E06  |  10 | 2020-03-06 | NULL        |
|   8 | apple    | E05  |   1 | 2020-03-06 | NULL        |
|   9 |          | E02  |   3 | 2020-04-01 | 제주시      |
+-----+----------+------+-----+------------+-------------+
9 rows in set (0.00 sec)

mysql> (SELECT cusotmer.name, orders.item
    -> FROM customer
    -> LEFT JOIN orders
    -> ON customer.account=orders.customer)
    -> UNION
    -> (SELECT customer.name, orders.item
    -> FROM customer
    -> RIGHT JOIN orders
    -> ON customer.account=orders.customer);
ERROR 1054 (42S22): Unknown column 'cusotmer.name' in 'field list'
mysql> (SELECT customer.name, orders.item
    -> FROM customer
    -> LEFT JOIN orders
    -> ON customer.caaount=orders.customer)
    -> UNION
    -> (SELECT customer.name, orders.item
    -> FROM customer
    -> RIGHT JOIN orders
    -> ON customer.account=orders.customer);
ERROR 1054 (42S22): Unknown column 'customer.caaount' in 'on clause'
mysql> (SELECT customer.name, orders.item
    -> FROM customer
    -> LEFT JOIN orders
    -> ON customer.account=orders.customer)
    -> UNION
    -> (SELECT customer.name, orders.item
    -> FROM customer
    -> RIGHT JOIN orders
    -> ON customer.account=orders.customer);
+--------+------+
| name   | item |
+--------+------+
| 이남이 | E05  |
| 이남이 | E06  |
| 홍길동 | E04  |
| 구선두 | E04  |
| 구선두 | E01  |
| 박세째 | E01  |
| 오나라 | NULL |
| 김둘   | NULL |
| NULL   | E02  |
+--------+------+
9 rows in set (0.01 sec)

mysql> (SELECT customer.name, orders.item
    -> FROM customer
    -> LEFT JOIN orders
    -> ON customer.account=orders.customer)
    -> UNION
    -> (SELECT customer.name, orders.item
    -> FROM customer
    -> RIGHT JOIN orders
    -> ON customer.accoun=orders.customer);
ERROR 1054 (42S22): Unknown column 'customer.accoun' in 'on clause'
mysql> (SELECT customer.name, orders.item
    -> FROM customer
    -> LEFT JOIN orders
    -> ON customer.account=orders.customer)
    -> UNION
    -> (SELECT customer.name, orders.item
    -> FROM customer
    -> RIGHT JOIN orders
    -> ON customer.account=orders.customer);
+--------+------+
| name   | item |
+--------+------+
| 이남이 | E05  |
| 이남이 | E06  |
| 홍길동 | E04  |
| 구선두 | E04  |
| 구선두 | E01  |
| 박세째 | E01  |
| 오나라 | NULL |
| 김둘   | NULL |
| NULL   | E02  |
+--------+------+
9 rows in set (0.00 sec)

mysql> (SELECT *
    -> FROM customer
    -> LEFT JOIN orders
    -> ON customer.account=orders.customer)
    -> UNION
    -> (SELECT *
    -> FROM customer
    -> RIGHT JOIN orders
    -> ON customer.account=orders.customer);
+---------+--------+--------+--------+-------------+------+----------+------+------+------------+-------------+
| account | name   | grade  | credit | address     | num  | customer | item | qty  | date       | saddr       |
+---------+--------+--------+--------+-------------+------+----------+------+------+------------+-------------+
| apple   | 이남이 | VIP    |   5000 | 경기 용인시 |    8 | apple    | E05  |    1 | 2020-03-06 | NULL        |
| apple   | 이남이 | VIP    |   5000 | 경기 용인시 |    7 | apple    | E06  |   10 | 2020-03-06 | NULL        |
| apple   | 이남이 | VIP    |   5000 | 경기 용인시 |    2 | apple    | E05  |    2 | 2020-01-01 | 경기 용인시 |
| apple   | 이남이 | VIP    |   5000 | 경기 용인시 |    1 | apple    | E06  |   15 | 2020-01-01 | 경기 용인시 |
| bank    | 홍길동 | Gold   |  30000 | 서울 종로구 |    4 | bank     | E04  |    5 | 2020-02-03 | 서울 종로구 |
| bird    | 구선두 |        |      0 | 충남 천안시 |    6 | bird     | E04  |    1 | 2020-03-04 | 충남 천안시 |
| bird    | 구선두 |        |      0 | 충남 천안시 |    5 | bird     | E01  |   10 | 2020-03-04 | 충남 천안시 |
| eagle   | 박세째 | Gold   |   2450 |  부산 남구  |    3 | eagle    | E01  |    3 | 2020-02-03 | 부산 남구   |
| king    | 오나라 | Gold   |  15000 | NULL        | NULL | NULL     | NULL | NULL | NULL       | NULL        |
| pencil  | 김둘   | Silver |    350 |  경기 수원  | NULL | NULL     | NULL | NULL | NULL       | NULL        |
| NULL    | NULL   | NULL   |   NULL | NULL        |    9 |          | E02  |    3 | 2020-04-01 | 제주시      |
+---------+--------+--------+--------+-------------+------+----------+------+------+------------+-------------+
11 rows in set (0.00 sec)

mysql> quit
Bye

```