# 2021. 12. 22. (수)

## mysql

### DATE 관련 함수

```

Microsoft Windows [Version 10.0.18362.356]
(c) 2019 Microsoft Corporation. All rights reserved.

C:\Users\user>mysql -u thkim -p
Enter password:
Welcome to the MySQL monitor.  Commands end with ; or \g.
Your MySQL connection id is 13
Server version: 8.0.27 MySQL Community Server - GPL

Copyright (c) 2000, 2021, Oracle and/or its affiliates.

Oracle is a registered trademark of Oracle Corporation and/or its
affiliates. Other names may be trademarks of their respective
owners.

Type 'help;' or '\h' for help. Type '\c' to clear the current input statement.

mysql> use itbank
Database changed
mysql> CURDATE(), CURRENTDATE(), CURRENTDATE
    -> ;
ERROR 1064 (42000): You have an error in your SQL syntax; check the manual that corresponds to your MySQL server version for the right syntax to use near 'CURDATE(), CURRENTDATE(), CURRENTDATE' at line 1
mysql> CURDATE(), CURRENTDATE(), CURRENTDATE;
ERROR 1064 (42000): You have an error in your SQL syntax; check the manual that corresponds to your MySQL server version for the right syntax to use near 'CURDATE(), CURRENTDATE(), CURRENTDATE' at line 1
mysql> SELECT CURDATE( ), CURRENT_DATE( ), CURRENT_DATE;
+------------+-----------------+--------------+
| CURDATE( ) | CURRENT_DATE( ) | CURRENT_DATE |
+------------+-----------------+--------------+
| 2021-12-22 | 2021-12-22      | 2021-12-22   |
+------------+-----------------+--------------+
1 row in set (0.00 sec)

mysql> SELECT DATE('2020-03-15 10:20:30');
+-----------------------------+
| DATE('2020-03-15 10:20:30') |
+-----------------------------+
| 2020-03-15                  |
+-----------------------------+
1 row in set (0.00 sec)

mysql> SELECT ADDDATE( CURDATE( ), 30 );
+---------------------------+
| ADDDATE( CURDATE( ), 30 ) |
+---------------------------+
| 2022-01-21                |
+---------------------------+
1 row in set (0.00 sec)

mysql> SELECT ADDDATE( CURDATE( ), INTERVAL 1 MONTH );
+-----------------------------------------+
| ADDDATE( CURDATE( ), INTERVAL 1 MONTH ) |
+-----------------------------------------+
| 2022-01-22                              |
+-----------------------------------------+
1 row in set (0.00 sec)

mysql> SELECT DATE_ADD( CURDATE( ), INTERVAL 2 MONTH );
+------------------------------------------+
| DATE_ADD( CURDATE( ), INTERVAL 2 MONTH ) |
+------------------------------------------+
| 2022-02-22                               |
+------------------------------------------+
1 row in set (0.00 sec)

mysql> SELECT SUBDATE( CURDATE( ), INTERVAL 1 MONTH );
+-----------------------------------------+
| SUBDATE( CURDATE( ), INTERVAL 1 MONTH ) |
+-----------------------------------------+
| 2021-11-22                              |
+-----------------------------------------+
1 row in set (0.00 sec)

mysql> SELECT DATE_SUB( CURDATE( ), INTERVAL 1 MONTH );
+------------------------------------------+
| DATE_SUB( CURDATE( ), INTERVAL 1 MONTH ) |
+------------------------------------------+
| 2021-11-22                               |
+------------------------------------------+
1 row in set (0.00 sec)

mysql> SELECT SUBDATE( CURDATE( ), 30 );
+---------------------------+
| SUBDATE( CURDATE( ), 30 ) |
+---------------------------+
| 2021-11-22                |
+---------------------------+
1 row in set (0.00 sec)

mysql> SELECT DATEDIFF('2020-01-01', CURDATE( ) );
+-------------------------------------+
| DATEDIFF('2020-01-01', CURDATE( ) ) |
+-------------------------------------+
|                                -721 |
+-------------------------------------+
1 row in set (0.00 sec)

mysql> SELECT DATE_FORMAT( ' 2020-07-10 16:40:40', '%W %M %Y );
    '> ^C
mysql> SELECT DATE_FORMAT( '2020-07-10 16:40:40', '%W %M %Y );
    '> ^C
mysql> quit
Bye

```