# 2021. 12. 05. (일)

## mysql

### 그룹별 조건 검색

```

Microsoft Windows [Version 10.0.18362.356]
(c) 2019 Microsoft Corporation. All rights reserved.

C:\Users\user>mysql -u thkim -p
Enter password:
Welcome to the MySQL monitor.  Commands end with ; or \g.
Your MySQL connection id is 8
Server version: 8.0.27 MySQL Community Server - GPL

Copyright (c) 2000, 2021, Oracle and/or its affiliates.

Oracle is a registered trademark of Oracle Corporation and/or its
affiliates. Other names may be trademarks of their respective
owners.

Type 'help;' or '\h' for help. Type '\c' to clear the current input statement.

mysql> use itbnak
ERROR 1049 (42000): Unknown database 'itbnak'
mysql> use itbank
Database changed
mysql> SELETE * FROM orders;
ERROR 1064 (42000): You have an error in your SQL syntax; check the manual that corresponds to your MySQL server version for the right syntax to use near 'SELETE * FROM orders' at line 1
mysql> SELECT * FROM orders;
+-----+----------+------+-----+------------+-------------+
| num | customer | item | qty | date       | saddr       |
+-----+----------+------+-----+------------+-------------+
|   1 | apple    | E06  |  15 | 2020-01-01 | 경기 용인시 |
|   2 | apple    | E05  |   2 | 2020-01-01 | 경기 용인시 |
|   3 | eagle    | E01  |   3 | 2020-02-03 | 부산 남구   |
|   4 | bank     | E04  |   5 | 2020-02-03 | 서울 종로구 |
|   5 | bird     | E01  |  10 | 2020-03-04 | 충남 천안시 |
|   6 | bird     | E04  |   1 | 2020-03-04 | 충남 천안시 |
+-----+----------+------+-----+------------+-------------+
6 rows in set (0.02 sec)

mysql> SELECT item, COUNT(*) AS 주문건수, MAX( qty ) AS 최대주문수
    -> FROM orders
    -> GROUP BY item HAVING COUNT( * ) >= 2;
+------+----------+------------+
| item | 주문건수 | 최대주문수 |
+------+----------+------------+
| E01  |        2 |         10 |
| E04  |        2 |          5 |
+------+----------+------------+
2 rows in set (0.01 sec)

mysql> SELECT * grade AS 등급, COUNT( * ) AS 고객수, AVG( credit ) AS 평균적립금
    -> FROM customer
    -> GROUP BY grade HAVING AVG( credit ) >= 5000;
ERROR 1064 (42000): You have an error in your SQL syntax; check the manual that corresponds to your MySQL server version for the right syntax to use near 'grade AS 등급, COUNT( * ) AS 고객수, AVG( credit ) AS 평균적립금
FROM ' at line 1
mysql> SELECT grade AS 등급, COUNT( * ) AS 고객수, AVG( credit ) AS 평균적립금
    -> FROM customer
    -> GROUP BY grade HAVING AVG( credit ) >=5000;
+------+--------+------------+
| 등급 | 고객수 | 평균적립금 |
+------+--------+------------+
| VIP  |      1 |  5000.0000 |
| Gold |      3 | 15816.6667 |
+------+--------+------------+
2 rows in set (0.01 sec)

mysql> SELECT * FROM orders;
+-----+----------+------+-----+------------+-------------+
| num | customer | item | qty | date       | saddr       |
+-----+----------+------+-----+------------+-------------+
|   1 | apple    | E06  |  15 | 2020-01-01 | 경기 용인시 |
|   2 | apple    | E05  |   2 | 2020-01-01 | 경기 용인시 |
|   3 | eagle    | E01  |   3 | 2020-02-03 | 부산 남구   |
|   4 | bank     | E04  |   5 | 2020-02-03 | 서울 종로구 |
|   5 | bird     | E01  |  10 | 2020-03-04 | 충남 천안시 |
|   6 | bird     | E04  |   1 | 2020-03-04 | 충남 천안시 |
+-----+----------+------+-----+------------+-------------+
6 rows in set (0.00 sec)

mysql> INSERT INTO orders VALUES (7, 'apple', E06', 10, '2020-03-06', NULL);
    '> ;
    '> ^C
mysql> INSERT INTO orders VALUES (7, 'apple', 'E06', 10, '2020-03-06', NULL);
Query OK, 1 row affected (0.01 sec)

mysql> INSERT INTO orders VALUES (8, 'apple', 'E05', 1, '2020-03-06', NULL);
Query OK, 1 row affected (0.01 sec)

mysql> SELECT * FROM orders;
+-----+----------+------+-----+------------+-------------+
| num | customer | item | qty | date       | saddr       |
+-----+----------+------+-----+------------+-------------+
|   1 | apple    | E06  |  15 | 2020-01-01 | 경기 용인시 |
|   2 | apple    | E05  |   2 | 2020-01-01 | 경기 용인시 |
|   3 | eagle    | E01  |   3 | 2020-02-03 | 부산 남구   |
|   4 | bank     | E04  |   5 | 2020-02-03 | 서울 종로구 |
|   5 | bird     | E01  |  10 | 2020-03-04 | 충남 천안시 |
|   6 | bird     | E04  |   1 | 2020-03-04 | 충남 천안시 |
|   7 | apple    | E06  |  10 | 2020-03-06 | NULL        |
|   8 | apple    | E05  |   1 | 2020-03-06 | NULL        |
+-----+----------+------+-----+------------+-------------+
8 rows in set (0.00 sec)

mysql> SELECT item, customer, SUM( qty ) AS 총주문수량
    -> FROM orders
    -> GROUP BY item, customer;
+------+----------+------------+
| item | customer | 총주문수량 |
+------+----------+------------+
| E06  | apple    |         25 |
| E05  | apple    |          3 |
| E01  | eagle    |          3 |
| E04  | bank     |          5 |
| E01  | bird     |         10 |
| E04  | bird     |          1 |
+------+----------+------------+
6 rows in set (0.00 sec)

mysql> SELECT item, customer, SUM( qty ) AS 총주문수량
    -> FROM orders
    -> GROUP BY customer, item;
+------+----------+------------+
| item | customer | 총주문수량 |
+------+----------+------------+
| E06  | apple    |         25 |
| E05  | apple    |          3 |
| E01  | eagle    |          3 |
| E04  | bank     |          5 |
| E01  | bird     |         10 |
| E04  | bird     |          1 |
+------+----------+------------+
6 rows in set (0.00 sec)

mysql> quit
Bye

```