# 2021. 12. 08. (수)

## mysql

### 조인검색

```

Microsoft Windows [Version 10.0.18362.356]
(c) 2019 Microsoft Corporation. All rights reserved.

C:\Users\user>mysql -u thkim -p
Enter password:
Welcome to the MySQL monitor.  Commands end with ; or \g.
Your MySQL connection id is 8
Server version: 8.0.27 MySQL Community Server - GPL

Copyright (c) 2000, 2021, Oracle and/or its affiliates.

Oracle is a registered trademark of Oracle Corporation and/or its
affiliates. Other names may be trademarks of their respective
owners.

Type 'help;' or '\h' for help. Type '\c' to clear the current input statement.

mysql> use itbank
Database changed
mysql> SELECT items, name
    -> FROM orders, items
    -> WHERE orders.customer='apple' AND orders.item=items.code;
ERROR 1054 (42S22): Unknown column 'items' in 'field list'
mysql> SELECT items.name
    -> FROM orders, items
    -> WHERE orders.customer='apple' AND orders.item=items.code;
+------+
| name |
+------+
| 라면 |
| 주스 |
| 라면 |
| 주스 |
+------+
4 rows in set (0.01 sec)

mysql> SELECT customer.name, orders.itme, orders.qty, orders.date
    -> FROM customer, orders
    -> WHERE customer.grade='Gold' AND customer.account=orders.customer;
ERROR 1054 (42S22): Unknown column 'orders.itme' in 'field list'
mysql> SELECT customer.name, orders.item, orders.qty, orders.date
    -> FROM customer, orders
    -> WHERE customer.grade='Gold' AND customer.account=orders.customer;
+--------+------+-----+------------+
| name   | item | qty | date       |
+--------+------+-----+------------+
| 박세째 | E01  |   3 | 2020-02-03 |
| 홍길동 | E04  |   5 | 2020-02-03 |
+--------+------+-----+------------+
2 rows in set (0.01 sec)

mysql> SELECT customer.name, items.name, orders.qty, orders.date
    -> FROM customer, items, orders
    -> WHERE customer.grade='Gold'
    -> AND customer.aeeount=orders.customer
    -> AND items.code=orders.item;
ERROR 1054 (42S22): Unknown column 'customer.aeeount' in 'where clause'
mysql> SELECT customer.name, items.name, orders.qty, orders.date
    -> FROM customer, items, orders
    -> WHERE customer.grade='Gold'
    -> AND customer.account=orders.customer
    -> AND Items.code=orders.item;
+--------+------+-----+------------+
| name   | name | qty | date       |
+--------+------+-----+------------+
| 박세째 | 김   |   3 | 2020-02-03 |
| 홍길동 | 우유 |   5 | 2020-02-03 |
+--------+------+-----+------------+
2 rows in set (0.00 sec)

mysql> quit
Bye

```