# 2021. 11. 30. (화)

## mysql

### 집계함수를 이용한 검색


```

Microsoft Windows [Version 10.0.18362.356]
(c) 2019 Microsoft Corporation. All rights reserved.

C:\Users\user>mysql -u thkim -p
Enter password:
Welcome to the MySQL monitor.  Commands end with ; or \g.
Your MySQL connection id is 9
Server version: 8.0.27 MySQL Community Server - GPL

Copyright (c) 2000, 2021, Oracle and/or its affiliates.

Oracle is a registered trademark of Oracle Corporation and/or its
affiliates. Other names may be trademarks of their respective
owners.

Type 'help;' or '\h' for help. Type '\c' to clear the current input statement.

mysql> use itbank
Database changed
mysql> SELECT * FROM items;
+------+----------+--------+-------+
| code | name     | stocks | price |
+------+----------+--------+-------+
| E01  | 김       |     30 |  1500 |
| E02  | 단무지   |     45 |  3250 |
| E03  | 햄       |     15 |  7000 |
| E04  | 우유     |     25 |  4560 |
| E05  | 주스     |     20 |  2300 |
| E06  | 라면     |     30 |  NULL |
| ZZZ  | 삭제상품 |      0 |     0 |
+------+----------+--------+-------+
7 rows in set (0.00 sec)

mysql> SELECT AVG (price)s;
ERROR 1054 (42S22): Unknown column 'price' in 'field list'
mysql> SELECT AVG (price);
ERROR 1054 (42S22): Unknown column 'price' in 'field list'
mysql> SELECT AVG (price)
    -> FROM items;
+-------------+
| AVG (price) |
+-------------+
|   3101.6667 |
+-------------+
1 row in set (0.01 sec)

mysql> SELECT AVG (price) AS 평균단가
    -> FROM items;
+-----------+
| 평균단가  |
+-----------+
| 3101.6667 |
+-----------+
1 row in set (0.00 sec)

mysql> SELECT AVG (price) AS '평균단가'
    -> FROM items;
+-----------+
| 평균단가  |
+-----------+
| 3101.6667 |
+-----------+
1 row in set (0.00 sec)

mysql> SELECT SUM(qty) AS '총 주문 수량'
    -> FROM orders
    -> WHERE date >= '2020-02-01' AND date <= '2020-02-29';
+--------------+
| 총 주문 수량 |
+--------------+
|            8 |
+--------------+
1 row in set (0.01 sec)

mysql> SELECT * FROM customer;
+---------+--------+--------+--------+-------------+
| account | name   | grade  | credit | address     |
+---------+--------+--------+--------+-------------+
| apple   | 이남이 | VIP    |   5000 | 경기 용인시 |
| bank    | 홍길동 | Gold   |  30000 | 서울 종로구 |
| bird    | 구선두 |        |      0 | 충남 천안시 |
| eagle   | 박세째 | Gold   |   2450 |  부산 남구  |
| king    | 오나라 | Gold   |  15000 | NULL        |
| pencil  | 김둘   | Silver |    350 |  경기 수원  |
+---------+--------+--------+--------+-------------+
6 rows in set (0.00 sec)

mysql> SELECT COUNT ( account ) AS 고객수
    -> FROM customer;
ERROR 1630 (42000): FUNCTION itbank.COUNT does not exist. Check the 'Function Name Parsing and Resolution' section in the Reference Manual
mysql> SELECT COUNT(account) AS 고객수
    -> FROM customer;
+--------+
| 고객수 |
+--------+
|      6 |
+--------+
1 row in set (0.01 sec)

mysql>
mysql> SELECT COUNT(frade) AS 고객수
    -> FROM customer;
ERROR 1054 (42S22): Unknown column 'frade' in 'field list'
mysql> SELECT COUNT(grade) AS 고객수
    -> FROM customer;
+--------+
| 고객수 |
+--------+
|      6 |
+--------+
1 row in set (0.00 sec)

mysql> SELECT COUNT(address) AS 고객수
    -> FROM customer;
+--------+
| 고객수 |
+--------+
|      5 |
+--------+
1 row in set (0.00 sec)

mysql> SELECT COUNT(*) AS 고객수
    -> FROM customer;
+--------+
| 고객수 |
+--------+
|      6 |
+--------+
1 row in set (0.00 sec)

mysql> SELECT COUNT(item) AS '주문한 제품수'
    -> FROM orders;
+---------------+
| 주문한 제품수 |
+---------------+
|             6 |
+---------------+
1 row in set (0.00 sec)

mysql> SELECT COUNT( DISTINCT item ) AS '제품 종류 수'
    -> FROM orders;
+--------------+
| 제품 종류 수 |
+--------------+
|            4 |
+--------------+
1 row in set (0.01 sec)

mysql> quit
Bye

```