# 2022. 01. 01. (토)

## mysql

### 파티션 구현

```

Microsoft Windows [Version 10.0.18362.356]
(c) 2019 Microsoft Corporation. All rights reserved.

C:\Users\user>mysql -u thkim -p
Enter password:
Welcome to the MySQL monitor.  Commands end with ; or \g.
Your MySQL connection id is 10
Server version: 8.0.27 MySQL Community Server - GPL

Copyright (c) 2000, 2021, Oracle and/or its affiliates.

Oracle is a registered trademark of Oracle Corporation and/or its
affiliates. Other names may be trademarks of their respective
owners.

Type 'help;' or '\h' for help. Type '\c' to clear the current input statement.

mysql> use itbank
Database changed
mysql> CREATE TABLE customer_part (
    -> account varchar(10) NOT NULL,
    -> name varchar(10) NOT NULL,
    -> byear int NOT NULL,
    -> grade varchar(6) NOT NULL DEFAULT 'New',
    -> credit int DEFAULT 0,
    -> address varchar(100)
    -> )
    -> partition by range(credit)
    -> (
    -> PARTITION part1 VALUES less than (5000),
    -> PARTITION part2 VALUES less than (10000),
    -> PARTITION part3 VALUES less than MAXVALUE
    -> );
Query OK, 0 rows affected (0.23 sec)

mysql> SELECT TABLE_SCHEMA, TABLE_NAME, PARTITION_NAME,
    -> PARTITION_ORDINAL_POSITION, TABLE_ROWS
    -> FROM INFORMATION_SCHEMA.PARTITIONS
    -> WHERE TABLE_NAME='customer_part';
+--------------+---------------+----------------+----------------------------+------------+
| TABLE_SCHEMA | TABLE_NAME    | PARTITION_NAME | PARTITION_ORDINAL_POSITION | TABLE_ROWS |
+--------------+---------------+----------------+----------------------------+------------+
| itbank       | customer_part | part1          |                          1 |          0 |
| itbank       | customer_part | part2          |                          2 |          0 |
| itbank       | customer_part | part3          |                          3 |          0 |
+--------------+---------------+----------------+----------------------------+------------+
3 rows in set (0.02 sec)

mysql> SELECT * FROM customer_part;
Empty set (0.00 sec)

mysql> INSERT INTO customer_part
    -> VALUES ( 'bank' '홍길동', 1999, 'Gold', 30000, '서울 종로구');
ERROR 1136 (21S01): Column count doesn't match value count at row 1
mysql> INSERT INTO customer_part
    -> VALUES ( 'bank', '홍길동', 1999, 'Gold', 30000, '서울 종로구');
Query OK, 1 row affected (0.01 sec)

mysql> INSERT INTO customer_part
    -> VALUES ( 'apple', '이남이', 2001, 'VIP', 5000, '경기 용인시');
Query OK, 1 row affected (0.01 sec)

mysql> INSERT INTO customer_part
    -> VALUES ( 'pencil', '김둘', 1988, 'Silver', 350, '경기 수원');
Query OK, 1 row affected (0.01 sec)

mysql> INSERT INTO customer_part
    -> VALUES ( 'eagle', '박세째', 1983, 'Gold', 2450, '부산 남구');
Query OK, 1 row affected (0.01 sec)

mysql> INSERT INTO customer_part
    -> VALUES ( 'bird', '구선두', 1990, '', 0, '충남 천안시');
Query OK, 1 row affected (0.01 sec)

mysql> INSERT INTO customer_part
    -> VALUES ( 'king', '오나라', 2003, 'Gold', 15000, NULL);
Query OK, 1 row affected (0.01 sec)

mysql> INSERT INTO customer_part
    -> VALUES ( 'bank1', '홍길서', 1969, 'Gold', 10000, '서울 종로구');
Query OK, 1 row affected (0.01 sec)

mysql> SELECT * FROM customer_part;
+---------+--------+-------+--------+--------+-------------+
| account | name   | byear | grade  | credit | address     |
+---------+--------+-------+--------+--------+-------------+
| pencil  | 김둘   |  1988 | Silver |    350 | 경기 수원   |
| eagle   | 박세째 |  1983 | Gold   |   2450 | 부산 남구   |
| bird    | 구선두 |  1990 |        |      0 | 충남 천안시 |
| apple   | 이남이 |  2001 | VIP    |   5000 | 경기 용인시 |
| bank    | 홍길동 |  1999 | Gold   |  30000 | 서울 종로구 |
| king    | 오나라 |  2003 | Gold   |  15000 | NULL        |
| bank1   | 홍길서 |  1969 | Gold   |  10000 | 서울 종로구 |
+---------+--------+-------+--------+--------+-------------+
7 rows in set (0.00 sec)

mysql> SELECT TABLE_SCHEMA, TABLE_NAME, PARTITION_NAME,
    -> PARTITION_ORDINAL_POSITION, TABLE_ROWS
    -> FROM INFORMATION_SCHEMA.PARTITIONS
    -> WHERE TABLE_NAME='customer_part';
+--------------+---------------+----------------+----------------------------+------------+
| TABLE_SCHEMA | TABLE_NAME    | PARTITION_NAME | PARTITION_ORDINAL_POSITION | TABLE_ROWS |
+--------------+---------------+----------------+----------------------------+------------+
| itbank       | customer_part | part1          |                          1 |          3 |
| itbank       | customer_part | part2          |                          2 |          1 |
| itbank       | customer_part | part3          |                          3 |          3 |
+--------------+---------------+----------------+----------------------------+------------+
3 rows in set (0.00 sec)

mysql> SELECT * FROM customer_part where credit >= 15000;
+---------+--------+-------+-------+--------+-------------+
| account | name   | byear | grade | credit | address     |
+---------+--------+-------+-------+--------+-------------+
| bank    | 홍길동 |  1999 | Gold  |  30000 | 서울 종로구 |
| king    | 오나라 |  2003 | Gold  |  15000 | NULL        |
+---------+--------+-------+-------+--------+-------------+
2 rows in set (0.00 sec)

mysql> EXPLAIN SELECT * FROM customer_part WHERE credit >= 15000;
+----+-------------+---------------+------------+------+---------------+------+---------+------+------+----------+-------------+
| id | select_type | table         | partitions | type | possible_keys | key  | key_len | ref  | rows | filtered | Extra       |
+----+-------------+---------------+------------+------+---------------+------+---------+------+------+----------+-------------+
|  1 | SIMPLE      | customer_part | part3      | ALL  | NULL          | NULL | NULL    | NULL |    3 |    33.33 | Using where |
+----+-------------+---------------+------------+------+---------------+------+---------+------+------+----------+-------------+
1 row in set, 1 warning (0.01 sec)

mysql> SELECT TABLE_SCHEMA, TABLE_NAME, PARTITION_NAME,
    -> PARTITION_ORDINAL_POSITION, TABLE_ROWS
    -> FROM INFORMATION_SCHEMA.PARTITIONS
    -> WHERE TABLE_NAME='customer_part';
+--------------+---------------+----------------+----------------------------+------------+
| TABLE_SCHEMA | TABLE_NAME    | PARTITION_NAME | PARTITION_ORDINAL_POSITION | TABLE_ROWS |
+--------------+---------------+----------------+----------------------------+------------+
| itbank       | customer_part | part1          |                          1 |          3 |
| itbank       | customer_part | part2          |                          2 |          1 |
| itbank       | customer_part | part3          |                          3 |          3 |
+--------------+---------------+----------------+----------------------------+------------+
3 rows in set (0.00 sec)

mysql> UPDATE customer_part SET credit=7000 WHERE account='king';
Query OK, 1 row affected (0.01 sec)
Rows matched: 1  Changed: 1  Warnings: 0

mysql> SELECT TABLE_SCHEMA, TABLE_NAME, PARTITION_NAME,
    -> PARTITION_ORDINAL_POSITION, TABLE_ROWS
    -> FROM INFORMATION_SCHEMA.PARTITIONS
    -> WHERE TABLE_NAME='customer_part';
+--------------+---------------+----------------+----------------------------+------------+
| TABLE_SCHEMA | TABLE_NAME    | PARTITION_NAME | PARTITION_ORDINAL_POSITION | TABLE_ROWS |
+--------------+---------------+----------------+----------------------------+------------+
| itbank       | customer_part | part1          |                          1 |          3 |
| itbank       | customer_part | part2          |                          2 |          2 |
| itbank       | customer_part | part3          |                          3 |          2 |
+--------------+---------------+----------------+----------------------------+------------+
3 rows in set (0.00 sec)

mysql> quit
Bye