# 2022. 01. 02. (일)

## mysql

### 파티션 관리

```

Microsoft Windows [Version 10.0.18362.356]
(c) 2019 Microsoft Corporation. All rights reserved.

C:\Users\user>mysql -u thkim -p
Enter password:
Welcome to the MySQL monitor.  Commands end with ; or \g.
Your MySQL connection id is 8
Server version: 8.0.27 MySQL Community Server - GPL

Copyright (c) 2000, 2021, Oracle and/or its affiliates.

Oracle is a registered trademark of Oracle Corporation and/or its
affiliates. Other names may be trademarks of their respective
owners.

Type 'help;' or '\h' for help. Type '\c' to clear the current input statement.

mysql> use itbank
Database changed
mysql> SELECT * FROM customer_part;
+---------+--------+-------+--------+--------+-------------+
| account | name   | byear | grade  | credit | address     |
+---------+--------+-------+--------+--------+-------------+
| pencil  | 김둘   |  1988 | Silver |    350 | 경기 수원   |
| eagle   | 박세째 |  1983 | Gold   |   2450 | 부산 남구   |
| bird    | 구선두 |  1990 |        |      0 | 충남 천안시 |
| apple   | 이남이 |  2001 | VIP    |   5000 | 경기 용인시 |
| king    | 오나라 |  2003 | Gold   |   7000 | NULL        |
| bank    | 홍길동 |  1999 | Gold   |  30000 | 서울 종로구 |
| bank1   | 홍길서 |  1969 | Gold   |  10000 | 서울 종로구 |
+---------+--------+-------+--------+--------+-------------+
7 rows in set (0.04 sec)

mysql> ALTER TABLE custoer_part
    -> REORGANIZE PARTITION part3 INTO (
    -> PARTITION part3 VALUES LESS THAN (20000),
    -> PARTITION part4 VALUES LESS THAN MAXVALUE
    -> );
ERROR 1146 (42S02): Table 'itbank.custoer_part' doesn't exist
mysql> ALTER TABLE customer_part
    -> REORGANIZE PARTITION part3 INTO (
    -> PARTITION part3 VALUES LESS THAN (20000),
    -> PARTITION part4 VALUES LESS THAN MAXVALUE
    -> );
Query OK, 0 rows affected (0.30 sec)
Records: 0  Duplicates: 0  Warnings: 0

mysql> SELECT TABLE_SCHEMA, TABLE_NAME, PARTITION_NAME,
    -> PARTITION_ORDINAL_POSITION, TABLE_ROWS
    -> FROM INFORMATION_SCHEMA.PARTITIONS
    -> WHERE TABLE_NAME='customer_part';
+--------------+---------------+----------------+----------------------------+------------+
| TABLE_SCHEMA | TABLE_NAME    | PARTITION_NAME | PARTITION_ORDINAL_POSITION | TABLE_ROWS |
+--------------+---------------+----------------+----------------------------+------------+
| itbank       | customer_part | part1          |                          1 |          2 |
| itbank       | customer_part | part2          |                          2 |          2 |
| itbank       | customer_part | part3          |                          3 |          0 |
| itbank       | customer_part | part4          |                          4 |          0 |
+--------------+---------------+----------------+----------------------------+------------+
4 rows in set (0.01 sec)

mysql> OPTIMIZE TABLE custoer_part;
+---------------------+----------+----------+-------------------------------------------+
| Table               | Op       | Msg_type | Msg_text                                  |
+---------------------+----------+----------+-------------------------------------------+
| itbank.custoer_part | optimize | Error    | Table 'itbank.custoer_part' doesn't exist |
| itbank.custoer_part | optimize | status   | Operation failed                          |
+---------------------+----------+----------+-------------------------------------------+
2 rows in set (0.01 sec)

mysql> SELECT TABLE_SCHEMA, TABLE_NAME, PARTITION_NAME,
    -> PARTITION_ORDINAL_POSITION, TABLE_ROWS
    -> FROM INFORMATION_SCHEMA.PARTITIONS
    -> WHERE TABLE_NAME='customer_part';
+--------------+---------------+----------------+----------------------------+------------+
| TABLE_SCHEMA | TABLE_NAME    | PARTITION_NAME | PARTITION_ORDINAL_POSITION | TABLE_ROWS |
+--------------+---------------+----------------+----------------------------+------------+
| itbank       | customer_part | part1          |                          1 |          2 |
| itbank       | customer_part | part2          |                          2 |          2 |
| itbank       | customer_part | part3          |                          3 |          0 |
| itbank       | customer_part | part4          |                          4 |          0 |
+--------------+---------------+----------------+----------------------------+------------+
4 rows in set (0.00 sec)

mysql> ALTER TABLE customer_part
    -> REORGANIZE PARTITION part3, part4 INTO (
    -> PARTITION part3 VALUES LESS THAN MAXVALUE
    -> );
Query OK, 0 rows affected (0.18 sec)
Records: 0  Duplicates: 0  Warnings: 0

mysql> OPTIMIZE TABLE customer_part;
+----------------------+----------+----------+-------------------------------------------------------------------+
| Table                | Op       | Msg_type | Msg_text                                                          |
+----------------------+----------+----------+-------------------------------------------------------------------+
| itbank.customer_part | optimize | note     | Table does not support optimize, doing recreate + analyze instead |
| itbank.customer_part | optimize | status   | OK                                                                |
+----------------------+----------+----------+-------------------------------------------------------------------+
2 rows in set (0.44 sec)

mysql> SELECT TABLE_SCHEMA, TABLE_NAME, PARTITION_NAME,
    -> PARTITION_ORDINAL_POSITION, TABLE_ROWS
    -> FROM INFORMATION_SCHEMA.PARTITIONS
    -> WHERE TABLE_NAME='customer_part';
+--------------+---------------+----------------+----------------------------+------------+
| TABLE_SCHEMA | TABLE_NAME    | PARTITION_NAME | PARTITION_ORDINAL_POSITION | TABLE_ROWS |
+--------------+---------------+----------------+----------------------------+------------+
| itbank       | customer_part | part1          |                          1 |          3 |
| itbank       | customer_part | part2          |                          2 |          2 |
| itbank       | customer_part | part3          |                          3 |          2 |
+--------------+---------------+----------------+----------------------------+------------+
3 rows in set (0.01 sec)

mysql> ALTER TABLE customer_part DROP PARTITION part2;
Query OK, 0 rows affected (0.06 sec)
Records: 0  Duplicates: 0  Warnings: 0

mysql> OPTIMIZE TABLE customer_part;
+----------------------+----------+----------+-------------------------------------------------------------------+
| Table                | Op       | Msg_type | Msg_text                                                          |
+----------------------+----------+----------+-------------------------------------------------------------------+
| itbank.customer_part | optimize | note     | Table does not support optimize, doing recreate + analyze instead |
| itbank.customer_part | optimize | status   | OK                                                                |
+----------------------+----------+----------+-------------------------------------------------------------------+
2 rows in set (0.34 sec)

mysql> SELECT TABLE_SCHEMA, TABLE_NAME, PARTITION_NAME,
    -> PARTITION_ORDINAL_POSITION, TABLE_ROWS
    -> FROM INFORMATION_SCHEMA.PARTITIONS
    -> WHERE TABLE_NAME='customer_part';
+--------------+---------------+----------------+----------------------------+------------+
| TABLE_SCHEMA | TABLE_NAME    | PARTITION_NAME | PARTITION_ORDINAL_POSITION | TABLE_ROWS |
+--------------+---------------+----------------+----------------------------+------------+
| itbank       | customer_part | part1          |                          1 |          3 |
| itbank       | customer_part | part3          |                          2 |          2 |
+--------------+---------------+----------------+----------------------------+------------+
2 rows in set (0.00 sec)

mysql> SELECT * FROM customer_part;
+---------+--------+-------+--------+--------+-------------+
| account | name   | byear | grade  | credit | address     |
+---------+--------+-------+--------+--------+-------------+
| pencil  | 김둘   |  1988 | Silver |    350 | 경기 수원   |
| eagle   | 박세째 |  1983 | Gold   |   2450 | 부산 남구   |
| bird    | 구선두 |  1990 |        |      0 | 충남 천안시 |
| bank1   | 홍길서 |  1969 | Gold   |  10000 | 서울 종로구 |
| bank    | 홍길동 |  1999 | Gold   |  30000 | 서울 종로구 |
+---------+--------+-------+--------+--------+-------------+
5 rows in set (0.00 sec)

mysql> quit
Bye

```