# 2021. 10. 31. (일)

### mysql

## mysql 설치 후 테이블리스트보기, 테이블 구조보기,  데이터베이스 생성 및 삭제, 사용자 계정만들고 삭제하기, 계정에 비밀번호입력, 계정에 권한부여

#### 기존 패스워드 없는 'thkim'계정에 비밀번호를 부여하는 (계정의 비밀번호 변경) 명령어

교안 명령어 : update user set authentication_string=password('1234') where user='thkim'; 라고 나와있지만 실행 안됨.

구글링하여 찾은 명령어 : alter user 'thkim'@'localhost' identified with mysql_native_password by '1234'; 로 입력하여 비밀번호 변경 완료.

```

Microsoft Windows [Version 10.0.18362.356]
(c) 2019 Microsoft Corporation. All rights reserved.

C:\Users\user>cd C:\Program Files\MySQL\MySQL Server 8.0\bin

C:\Program Files\MySQL\MySQL Server 8.0\bin>mysql -u root -p
Enter password: *******
Welcome to the MySQL monitor.  Commands end with ; or \g.
Your MySQL connection id is 18
Server version: 8.0.27 MySQL Community Server - GPL

Copyright (c) 2000, 2021, Oracle and/or its affiliates.

Oracle is a registered trademark of Oracle Corporation and/or its
affiliates. Other names may be trademarks of their respective
owners.

Type 'help;' or '\h' for help. Type '\c' to clear the current input statement.

mysql> show databases;
+--------------------+
| Database           |
+--------------------+
| information_schema |
| mysql              |
| performance_schema |
| sakila             |
| sys                |
| world              |
+--------------------+
6 rows in set (0.01 sec)

mysql> quit
Bye

C:\Program Files\MySQL\MySQL Server 8.0\bin>mysql -u root -p mysql
Enter password: *******
Welcome to the MySQL monitor.  Commands end with ; or \g.
Your MySQL connection id is 19
Server version: 8.0.27 MySQL Community Server - GPL

Copyright (c) 2000, 2021, Oracle and/or its affiliates.

Oracle is a registered trademark of Oracle Corporation and/or its
affiliates. Other names may be trademarks of their respective
owners.

Type 'help;' or '\h' for help. Type '\c' to clear the current input statement.

mysql> use mysql;
Database changed
mysql> show databases;
+--------------------+
| Database           |
+--------------------+
| information_schema |
| mysql              |
| performance_schema |
| sakila             |
| sys                |
| world              |
+--------------------+
6 rows in set (0.00 sec)

mysql> show tables;
+------------------------------------------------------+
| Tables_in_mysql                                      |
+------------------------------------------------------+
| columns_priv                                         |
| component                                            |
| db                                                   |
| default_roles                                        |
| engine_cost                                          |
| func                                                 |
| general_log                                          |
| global_grants                                        |
| gtid_executed                                        |
| help_category                                        |
| help_keyword                                         |
| help_relation                                        |
| help_topic                                           |
| innodb_index_stats                                   |
| innodb_table_stats                                   |
| password_history                                     |
| plugin                                               |
| procs_priv                                           |
| proxies_priv                                         |
| replication_asynchronous_connection_failover         |
| replication_asynchronous_connection_failover_managed |
| replication_group_configuration_version              |
| replication_group_member_actions                     |
| role_edges                                           |
| server_cost                                          |
| servers                                              |
| slave_master_info                                    |
| slave_relay_log_info                                 |
| slave_worker_info                                    |
| slow_log                                             |
| tables_priv                                          |
| time_zone                                            |
| time_zone_leap_second                                |
| time_zone_name                                       |
| time_zone_transition                                 |
| time_zone_transition_type                            |
| user                                                 |
+------------------------------------------------------+
37 rows in set (0.01 sec)

mysql> desc user;
+--------------------------+-----------------------------------+------+-----+-----------------------+-------+
| Field                    | Type                              | Null | Key | Default               | Extra |
+--------------------------+-----------------------------------+------+-----+-----------------------+-------+
| Host                     | char(255)                         | NO   | PRI |                       |       |
| User                     | char(32)                          | NO   | PRI |                       |       |
| Select_priv              | enum('N','Y')                     | NO   |     | N                     |       |
| Insert_priv              | enum('N','Y')                     | NO   |     | N                     |       |
| Update_priv              | enum('N','Y')                     | NO   |     | N                     |       |
| Delete_priv              | enum('N','Y')                     | NO   |     | N                     |       |
| Create_priv              | enum('N','Y')                     | NO   |     | N                     |       |
| Drop_priv                | enum('N','Y')                     | NO   |     | N                     |       |
| Reload_priv              | enum('N','Y')                     | NO   |     | N                     |       |
| Shutdown_priv            | enum('N','Y')                     | NO   |     | N                     |       |
| Process_priv             | enum('N','Y')                     | NO   |     | N                     |       |
| File_priv                | enum('N','Y')                     | NO   |     | N                     |       |
| Grant_priv               | enum('N','Y')                     | NO   |     | N                     |       |
| References_priv          | enum('N','Y')                     | NO   |     | N                     |       |
| Index_priv               | enum('N','Y')                     | NO   |     | N                     |       |
| Alter_priv               | enum('N','Y')                     | NO   |     | N                     |       |
| Show_db_priv             | enum('N','Y')                     | NO   |     | N                     |       |
| Super_priv               | enum('N','Y')                     | NO   |     | N                     |       |
| Create_tmp_table_priv    | enum('N','Y')                     | NO   |     | N                     |       |
| Lock_tables_priv         | enum('N','Y')                     | NO   |     | N                     |       |
| Execute_priv             | enum('N','Y')                     | NO   |     | N                     |       |
| Repl_slave_priv          | enum('N','Y')                     | NO   |     | N                     |       |
| Repl_client_priv         | enum('N','Y')                     | NO   |     | N                     |       |
| Create_view_priv         | enum('N','Y')                     | NO   |     | N                     |       |
| Show_view_priv           | enum('N','Y')                     | NO   |     | N                     |       |
| Create_routine_priv      | enum('N','Y')                     | NO   |     | N                     |       |
| Alter_routine_priv       | enum('N','Y')                     | NO   |     | N                     |       |
| Create_user_priv         | enum('N','Y')                     | NO   |     | N                     |       |
| Event_priv               | enum('N','Y')                     | NO   |     | N                     |       |
| Trigger_priv             | enum('N','Y')                     | NO   |     | N                     |       |
| Create_tablespace_priv   | enum('N','Y')                     | NO   |     | N                     |       |
| ssl_type                 | enum('','ANY','X509','SPECIFIED') | NO   |     |                       |       |
| ssl_cipher               | blob                              | NO   |     | NULL                  |       |
| x509_issuer              | blob                              | NO   |     | NULL                  |       |
| x509_subject             | blob                              | NO   |     | NULL                  |       |
| max_questions            | int unsigned                      | NO   |     | 0                     |       |
| max_updates              | int unsigned                      | NO   |     | 0                     |       |
| max_connections          | int unsigned                      | NO   |     | 0                     |       |
| max_user_connections     | int unsigned                      | NO   |     | 0                     |       |
| plugin                   | char(64)                          | NO   |     | caching_sha2_password |       |
| authentication_string    | text                              | YES  |     | NULL                  |       |
| password_expired         | enum('N','Y')                     | NO   |     | N                     |       |
| password_last_changed    | timestamp                         | YES  |     | NULL                  |       |
| password_lifetime        | smallint unsigned                 | YES  |     | NULL                  |       |
| account_locked           | enum('N','Y')                     | NO   |     | N                     |       |
| Create_role_priv         | enum('N','Y')                     | NO   |     | N                     |       |
| Drop_role_priv           | enum('N','Y')                     | NO   |     | N                     |       |
| Password_reuse_history   | smallint unsigned                 | YES  |     | NULL                  |       |
| Password_reuse_time      | smallint unsigned                 | YES  |     | NULL                  |       |
| Password_require_current | enum('N','Y')                     | YES  |     | NULL                  |       |
| User_attributes          | json                              | YES  |     | NULL                  |       |
+--------------------------+-----------------------------------+------+-----+-----------------------+-------+
51 rows in set (0.01 sec)

mysql> create database itbank;
Query OK, 1 row affected (0.01 sec)

mysql> drop database itbank;
Query OK, 0 rows affected (0.01 sec)

mysql> show databases;
+--------------------+
| Database           |
+--------------------+
| information_schema |
| mysql              |
| performance_schema |
| sakila             |
| sys                |
| world              |
+--------------------+
6 rows in set (0.00 sec)

mysql> create database itbank;
Query OK, 1 row affected (0.01 sec)

mysql> show databases;
+--------------------+
| Database           |
+--------------------+
| information_schema |
| itbank             |
| mysql              |
| performance_schema |
| sakila             |
| sys                |
| world              |
+--------------------+
7 rows in set (0.00 sec)

mysql> drop database itbank;
Query OK, 0 rows affected (0.01 sec)

mysql> show databases;
+--------------------+
| Database           |
+--------------------+
| information_schema |
| mysql              |
| performance_schema |
| sakila             |
| sys                |
| world              |
+--------------------+
6 rows in set (0.00 sec)

mysql> create database itbank;
Query OK, 1 row affected (0.02 sec)

mysql> use mysql;
Database changed
mysql> select hose, user, authentication_string from user;
ERROR 1054 (42S22): Unknown column 'hose' in 'field list'
mysql> select host, user, authentication_string from user;
+-----------+------------------+------------------------------------------------------------------------+
| host      | user             | authentication_string                                                  |
+-----------+------------------+------------------------------------------------------------------------+
| localhost | mysql.infoschema | $A$005$THISISACOMBINATIONOFINVALIDSALTANDPASSWORDTHATMUSTNEVERBRBEUSED |
| localhost | mysql.session    | $A$005$THISISACOMBINATIONOFINVALIDSALTANDPASSWORDTHATMUSTNEVERBRBEUSED |
| localhost | mysql.sys        | $A$005$THISISACOMBINATIONOFINVALIDSALTANDPASSWORDTHATMUSTNEVERBRBEUSED |
| localhost | root             | *E40B3786EF40E9F655A5B213C0E2C4252D392FD3                              |
+-----------+------------------+------------------------------------------------------------------------+
4 rows in set (0.00 sec)

mysql> create user 'thkim'@'localhost';
Query OK, 0 rows affected (0.01 sec)

mysql> select host, user, authentication_string from user;
+-----------+------------------+------------------------------------------------------------------------+
| host      | user             | authentication_string                                                  |
+-----------+------------------+------------------------------------------------------------------------+
| localhost | mysql.infoschema | $A$005$THISISACOMBINATIONOFINVALIDSALTANDPASSWORDTHATMUSTNEVERBRBEUSED |
| localhost | mysql.session    | $A$005$THISISACOMBINATIONOFINVALIDSALTANDPASSWORDTHATMUSTNEVERBRBEUSED |
| localhost | mysql.sys        | $A$005$THISISACOMBINATIONOFINVALIDSALTANDPASSWORDTHATMUSTNEVERBRBEUSED |
| localhost | root             | *E40B3786EF40E9F655A5B213C0E2C4252D392FD3                              |
| localhost | thkim            |                                                                        |
+-----------+------------------+------------------------------------------------------------------------+
5 rows in set (0.00 sec)

mysql> create user 'kth'@'localhost' identified by '1234';
Query OK, 0 rows affected (0.02 sec)

mysql> select host, user, authentication_string from user;
+-----------+------------------+------------------------------------------------------------------------+
| host      | user             | authentication_string                                                  |
+-----------+------------------+------------------------------------------------------------------------+
| localhost | kth              | *A4B6157319038724E3560894F7F932C8886EBFCF                              |
| localhost | mysql.infoschema | $A$005$THISISACOMBINATIONOFINVALIDSALTANDPASSWORDTHATMUSTNEVERBRBEUSED |
| localhost | mysql.session    | $A$005$THISISACOMBINATIONOFINVALIDSALTANDPASSWORDTHATMUSTNEVERBRBEUSED |
| localhost | mysql.sys        | $A$005$THISISACOMBINATIONOFINVALIDSALTANDPASSWORDTHATMUSTNEVERBRBEUSED |
| localhost | root             | *E40B3786EF40E9F655A5B213C0E2C4252D392FD3                              |
| localhost | thkim            |                                                                        |
+-----------+------------------+------------------------------------------------------------------------+
6 rows in set (0.00 sec)

mysql> quit
Bye

C:\Program Files\MySQL\MySQL Server 8.0\bin>mysql -u thkim -p
Enter password:
Welcome to the MySQL monitor.  Commands end with ; or \g.
Your MySQL connection id is 20
Server version: 8.0.27 MySQL Community Server - GPL

Copyright (c) 2000, 2021, Oracle and/or its affiliates.

Oracle is a registered trademark of Oracle Corporation and/or its
affiliates. Other names may be trademarks of their respective
owners.

Type 'help;' or '\h' for help. Type '\c' to clear the current input statement.

mysql> show databases;
+--------------------+
| Database           |
+--------------------+
| information_schema |
+--------------------+
1 row in set (0.01 sec)

mysql> quit
Bye

C:\Program Files\MySQL\MySQL Server 8.0\bin>mysql -u root -p
Enter password: *******
Welcome to the MySQL monitor.  Commands end with ; or \g.
Your MySQL connection id is 21
Server version: 8.0.27 MySQL Community Server - GPL

Copyright (c) 2000, 2021, Oracle and/or its affiliates.

Oracle is a registered trademark of Oracle Corporation and/or its
affiliates. Other names may be trademarks of their respective
owners.

Type 'help;' or '\h' for help. Type '\c' to clear the current input statement.

mysql> user mysql;
ERROR 1064 (42000): You have an error in your SQL syntax; check the manual that corresponds to your MySQL server version for the right syntax to use near 'user mysql' at line 1
mysql> use mysql;
Database changed
mysql> desc db;
+-----------------------+---------------+------+-----+---------+-------+
| Field                 | Type          | Null | Key | Default | Extra |
+-----------------------+---------------+------+-----+---------+-------+
| Host                  | char(255)     | NO   | PRI |         |       |
| Db                    | char(64)      | NO   | PRI |         |       |
| User                  | char(32)      | NO   | PRI |         |       |
| Select_priv           | enum('N','Y') | NO   |     | N       |       |
| Insert_priv           | enum('N','Y') | NO   |     | N       |       |
| Update_priv           | enum('N','Y') | NO   |     | N       |       |
| Delete_priv           | enum('N','Y') | NO   |     | N       |       |
| Create_priv           | enum('N','Y') | NO   |     | N       |       |
| Drop_priv             | enum('N','Y') | NO   |     | N       |       |
| Grant_priv            | enum('N','Y') | NO   |     | N       |       |
| References_priv       | enum('N','Y') | NO   |     | N       |       |
| Index_priv            | enum('N','Y') | NO   |     | N       |       |
| Alter_priv            | enum('N','Y') | NO   |     | N       |       |
| Create_tmp_table_priv | enum('N','Y') | NO   |     | N       |       |
| Lock_tables_priv      | enum('N','Y') | NO   |     | N       |       |
| Create_view_priv      | enum('N','Y') | NO   |     | N       |       |
| Show_view_priv        | enum('N','Y') | NO   |     | N       |       |
| Create_routine_priv   | enum('N','Y') | NO   |     | N       |       |
| Alter_routine_priv    | enum('N','Y') | NO   |     | N       |       |
| Execute_priv          | enum('N','Y') | NO   |     | N       |       |
| Event_priv            | enum('N','Y') | NO   |     | N       |       |
| Trigger_priv          | enum('N','Y') | NO   |     | N       |       |
+-----------------------+---------------+------+-----+---------+-------+
22 rows in set (0.01 sec)

mysql> grant all privileges on itbank.* to 'thkim'@'localhost' with grant option;
Query OK, 0 rows affected (0.01 sec)

mysql> select * from db;
+-----------+--------------------+---------------+-------------+-------------+-------------+-------------+-------------+-----------+------------+-----------------+------------+------------+-----------------------+------------------+------------------+----------------+---------------------+--------------------+--------------+------------+--------------+
| Host      | Db                 | User          | Select_priv | Insert_priv | Update_priv | Delete_priv | Create_priv | Drop_priv | Grant_priv | References_priv | Index_priv | Alter_priv | Create_tmp_table_priv | Lock_tables_priv | Create_view_priv | Show_view_priv | Create_routine_priv | Alter_routine_priv | Execute_priv | Event_priv | Trigger_priv |
+-----------+--------------------+---------------+-------------+-------------+-------------+-------------+-------------+-----------+------------+-----------------+------------+------------+-----------------------+------------------+------------------+----------------+---------------------+--------------------+--------------+------------+--------------+
| localhost | itbank             | thkim         | Y           | Y           | Y           | Y           | Y           | Y         | Y          | Y               | Y          | Y          | Y                     | Y                | Y                | Y              | Y                   | Y                  | Y            | Y          | Y            |
| localhost | performance_schema | mysql.session | Y           | N           | N           | N           | N           | N         | N          | N               | N          | N          | N                     | N                | N                | N              | N                   | N                  | N            | N          | N            |
| localhost | sys                | mysql.sys     | N           | N           | N           | N           | N           | N         | N          | N               | N          | N          | N                     | N                | N                | N              | N                   | N                  | N            | N          | Y            |
+-----------+--------------------+---------------+-------------+-------------+-------------+-------------+-------------+-----------+------------+-----------------+------------+------------+-----------------------+------------------+------------------+----------------+---------------------+--------------------+--------------+------------+--------------+
3 rows in set (0.00 sec)

mysql> quit
Bye

C:\Program Files\MySQL\MySQL Server 8.0\bin>mysql -u thkim -p
Enter password:
Welcome to the MySQL monitor.  Commands end with ; or \g.
Your MySQL connection id is 22
Server version: 8.0.27 MySQL Community Server - GPL

Copyright (c) 2000, 2021, Oracle and/or its affiliates.

Oracle is a registered trademark of Oracle Corporation and/or its
affiliates. Other names may be trademarks of their respective
owners.

Type 'help;' or '\h' for help. Type '\c' to clear the current input statement.

mysql> show databases;
+--------------------+
| Database           |
+--------------------+
| information_schema |
| itbank             |
+--------------------+
2 rows in set (0.01 sec)

mysql> use itbank;
Database changed
mysql> quit
Bye

C:\Program Files\MySQL\MySQL Server 8.0\bin>mysql -u root -p
Enter password: *******
Welcome to the MySQL monitor.  Commands end with ; or \g.
Your MySQL connection id is 23
Server version: 8.0.27 MySQL Community Server - GPL

Copyright (c) 2000, 2021, Oracle and/or its affiliates.

Oracle is a registered trademark of Oracle Corporation and/or its
affiliates. Other names may be trademarks of their respective
owners.

Type 'help;' or '\h' for help. Type '\c' to clear the current input statement.

mysql> flush privileges;
Query OK, 0 rows affected (0.02 sec)

mysql> quit
Bye

C:\Program Files\MySQL\MySQL Server 8.0\bin>mysql -u thkim -p
Enter password:
Welcome to the MySQL monitor.  Commands end with ; or \g.
Your MySQL connection id is 24
Server version: 8.0.27 MySQL Community Server - GPL

Copyright (c) 2000, 2021, Oracle and/or its affiliates.

Oracle is a registered trademark of Oracle Corporation and/or its
affiliates. Other names may be trademarks of their respective
owners.

Type 'help;' or '\h' for help. Type '\c' to clear the current input statement.

mysql> show databases;
+--------------------+
| Database           |
+--------------------+
| information_schema |
| itbank             |
+--------------------+
2 rows in set (0.00 sec)

mysql> quit
Bye

C:\Program Files\MySQL\MySQL Server 8.0\bin>mysql -u root -p
Enter password: *******
Welcome to the MySQL monitor.  Commands end with ; or \g.
Your MySQL connection id is 25
Server version: 8.0.27 MySQL Community Server - GPL

Copyright (c) 2000, 2021, Oracle and/or its affiliates.

Oracle is a registered trademark of Oracle Corporation and/or its
affiliates. Other names may be trademarks of their respective
owners.

Type 'help;' or '\h' for help. Type '\c' to clear the current input statement.

mysql> use mysql;
Database changed
mysql> select user, authentication_string from user;
+------------------+------------------------------------------------------------------------+
| user             | authentication_string                                                  |
+------------------+------------------------------------------------------------------------+
| kth              | *A4B6157319038724E3560894F7F932C8886EBFCF                              |
| mysql.infoschema | $A$005$THISISACOMBINATIONOFINVALIDSALTANDPASSWORDTHATMUSTNEVERBRBEUSED |
| mysql.session    | $A$005$THISISACOMBINATIONOFINVALIDSALTANDPASSWORDTHATMUSTNEVERBRBEUSED |
| mysql.sys        | $A$005$THISISACOMBINATIONOFINVALIDSALTANDPASSWORDTHATMUSTNEVERBRBEUSED |
| root             | *E40B3786EF40E9F655A5B213C0E2C4252D392FD3                              |
| thkim            |                                                                        |
+------------------+------------------------------------------------------------------------+
6 rows in set (0.00 sec)

mysql> update user set authentication_string=password('1234') where user='thkim';
ERROR 1064 (42000): You have an error in your SQL syntax; check the manual that corresponds to your MySQL server version for the right syntax to use near '('1234') where user='thkim'' at line 1
mysql> alter user 'thkim'@'localhost' identified with mysql_native_password by '1234';
Query OK, 0 rows affected (0.01 sec)

mysql> select user, authentication_string from user;
+------------------+------------------------------------------------------------------------+
| user             | authentication_string                                                  |
+------------------+------------------------------------------------------------------------+
| kth              | *A4B6157319038724E3560894F7F932C8886EBFCF                              |
| mysql.infoschema | $A$005$THISISACOMBINATIONOFINVALIDSALTANDPASSWORDTHATMUSTNEVERBRBEUSED |
| mysql.session    | $A$005$THISISACOMBINATIONOFINVALIDSALTANDPASSWORDTHATMUSTNEVERBRBEUSED |
| mysql.sys        | $A$005$THISISACOMBINATIONOFINVALIDSALTANDPASSWORDTHATMUSTNEVERBRBEUSED |
| root             | *E40B3786EF40E9F655A5B213C0E2C4252D392FD3                              |
| thkim            | *A4B6157319038724E3560894F7F932C8886EBFCF                              |
+------------------+------------------------------------------------------------------------+
6 rows in set (0.00 sec)

mysql> flush privileges;
Query OK, 0 rows affected (0.01 sec)

mysql> quit
Bye

C:\Program Files\MySQL\MySQL Server 8.0\bin>mysql -u thkim -p
Enter password: ****
Welcome to the MySQL monitor.  Commands end with ; or \g.
Your MySQL connection id is 26
Server version: 8.0.27 MySQL Community Server - GPL

Copyright (c) 2000, 2021, Oracle and/or its affiliates.

Oracle is a registered trademark of Oracle Corporation and/or its
affiliates. Other names may be trademarks of their respective
owners.

Type 'help;' or '\h' for help. Type '\c' to clear the current input statement.

mysql> quit
Bye

C:\Program Files\MySQL\MySQL Server 8.0\bin>mysql -u thkim -p
Enter password:
ERROR 1045 (28000): Access denied for user 'thkim'@'localhost' (using password: NO)

C:\Program Files\MySQL\MySQL Server 8.0\bin>mysql -u thkim -p
Enter password: ****
Welcome to the MySQL monitor.  Commands end with ; or \g.
Your MySQL connection id is 28
Server version: 8.0.27 MySQL Community Server - GPL

Copyright (c) 2000, 2021, Oracle and/or its affiliates.

Oracle is a registered trademark of Oracle Corporation and/or its
affiliates. Other names may be trademarks of their respective
owners.

Type 'help;' or '\h' for help. Type '\c' to clear the current input statement.

mysql> quit
Bye

C:\Program Files\MySQL\MySQL Server 8.0\bin>mysql -u root -p
Enter password: *******
Welcome to the MySQL monitor.  Commands end with ; or \g.
Your MySQL connection id is 29
Server version: 8.0.27 MySQL Community Server - GPL

Copyright (c) 2000, 2021, Oracle and/or its affiliates.

Oracle is a registered trademark of Oracle Corporation and/or its
affiliates. Other names may be trademarks of their respective
owners.

Type 'help;' or '\h' for help. Type '\c' to clear the current input statement.

mysql> use mysql;
Database changed
mysql> select host, user, authentication_string from user;
+-----------+------------------+------------------------------------------------------------------------+
| host      | user             | authentication_string                                                  |
+-----------+------------------+------------------------------------------------------------------------+
| localhost | kth              | *A4B6157319038724E3560894F7F932C8886EBFCF                              |
| localhost | mysql.infoschema | $A$005$THISISACOMBINATIONOFINVALIDSALTANDPASSWORDTHATMUSTNEVERBRBEUSED |
| localhost | mysql.session    | $A$005$THISISACOMBINATIONOFINVALIDSALTANDPASSWORDTHATMUSTNEVERBRBEUSED |
| localhost | mysql.sys        | $A$005$THISISACOMBINATIONOFINVALIDSALTANDPASSWORDTHATMUSTNEVERBRBEUSED |
| localhost | root             | *E40B3786EF40E9F655A5B213C0E2C4252D392FD3                              |
| localhost | thkim            | *A4B6157319038724E3560894F7F932C8886EBFCF                              |
+-----------+------------------+------------------------------------------------------------------------+
6 rows in set (0.00 sec)

mysql> drop user 'thkim'@'localhost';
Query OK, 0 rows affected (0.01 sec)

mysql> select host, user, authentication_string from user;
+-----------+------------------+------------------------------------------------------------------------+
| host      | user             | authentication_string                                                  |
+-----------+------------------+------------------------------------------------------------------------+
| localhost | kth              | *A4B6157319038724E3560894F7F932C8886EBFCF                              |
| localhost | mysql.infoschema | $A$005$THISISACOMBINATIONOFINVALIDSALTANDPASSWORDTHATMUSTNEVERBRBEUSED |
| localhost | mysql.session    | $A$005$THISISACOMBINATIONOFINVALIDSALTANDPASSWORDTHATMUSTNEVERBRBEUSED |
| localhost | mysql.sys        | $A$005$THISISACOMBINATIONOFINVALIDSALTANDPASSWORDTHATMUSTNEVERBRBEUSED |
| localhost | root             | *E40B3786EF40E9F655A5B213C0E2C4252D392FD3                              |
+-----------+------------------+------------------------------------------------------------------------+
5 rows in set (0.00 sec)

mysql> select * from db;
+-----------+--------------------+---------------+-------------+-------------+-------------+-------------+-------------+-----------+------------+-----------------+------------+------------+-----------------------+------------------+------------------+----------------+---------------------+--------------------+--------------+------------+--------------+
| Host      | Db                 | User          | Select_priv | Insert_priv | Update_priv | Delete_priv | Create_priv | Drop_priv | Grant_priv | References_priv | Index_priv | Alter_priv | Create_tmp_table_priv | Lock_tables_priv | Create_view_priv | Show_view_priv | Create_routine_priv | Alter_routine_priv | Execute_priv | Event_priv | Trigger_priv |
+-----------+--------------------+---------------+-------------+-------------+-------------+-------------+-------------+-----------+------------+-----------------+------------+------------+-----------------------+------------------+------------------+----------------+---------------------+--------------------+--------------+------------+--------------+
| localhost | performance_schema | mysql.session | Y           | N           | N           | N           | N           | N         | N          | N               | N          | N          | N                     | N                | N                | N              | N                   | N                  | N            | N          | N            |
| localhost | sys                | mysql.sys     | N           | N           | N           | N           | N           | N         | N          | N               | N          | N          | N                     | N                | N                | N              | N                   | N                  | N            | N          | Y            |
+-----------+--------------------+---------------+-------------+-------------+-------------+-------------+-------------+-----------+------------+-----------------+------------+------------+-----------------------+------------------+------------------+----------------+---------------------+--------------------+--------------+------------+--------------+
2 rows in set (0.00 sec)

mysql> select * from user;
+-----------+------------------+-------------+-------------+-------------+-------------+-------------+-----------+-------------+---------------+--------------+-----------+------------+-----------------+------------+------------+--------------+------------+-----------------------+------------------+--------------+-----------------+------------------+------------------+----------------+---------------------+--------------------+------------------+------------+--------------+------------------------+----------+------------------------+--------------------------+----------------------------+---------------+-------------+-----------------+----------------------+-----------------------+------------------------------------------------------------------------+------------------+-----------------------+-------------------+----------------+------------------+----------------+------------------------+---------------------+--------------------------+-----------------+
| Host      | User             | Select_priv | Insert_priv | Update_priv | Delete_priv | Create_priv | Drop_priv | Reload_priv | Shutdown_priv | Process_priv | File_priv | Grant_priv | References_priv | Index_priv | Alter_priv | Show_db_priv | Super_priv | Create_tmp_table_priv | Lock_tables_priv | Execute_priv | Repl_slave_priv | Repl_client_priv | Create_view_priv | Show_view_priv | Create_routine_priv | Alter_routine_priv | Create_user_priv | Event_priv | Trigger_priv | Create_tablespace_priv | ssl_type | ssl_cipher             | x509_issuer              | x509_subject               | max_questions | max_updates | max_connections | max_user_connections | plugin                | authentication_string                                                  | password_expired | password_last_changed | password_lifetime | account_locked | Create_role_priv | Drop_role_priv | Password_reuse_history | Password_reuse_time | Password_require_current | User_attributes |
+-----------+------------------+-------------+-------------+-------------+-------------+-------------+-----------+-------------+---------------+--------------+-----------+------------+-----------------+------------+------------+--------------+------------+-----------------------+------------------+--------------+-----------------+------------------+------------------+----------------+---------------------+--------------------+------------------+------------+--------------+------------------------+----------+------------------------+--------------------------+----------------------------+---------------+-------------+-----------------+----------------------+-----------------------+------------------------------------------------------------------------+------------------+-----------------------+-------------------+----------------+------------------+----------------+------------------------+---------------------+--------------------------+-----------------+
| localhost | kth              | N           | N           | N           | N           | N           | N         | N           | N             | N            | N         | N          | N               | N          | N          | N            | N          | N                     | N                | N            | N               | N                | N                | N              | N                   | N                  | N                | N          | N            | N                      |          | 0x                     | 0x                       | 0x                         |             0 |           0 |               0 |                    0 | mysql_native_password | *A4B6157319038724E3560894F7F932C8886EBFCF                              | N                | 2021-10-31 20:47:09   |              NULL | N              | N                | N              |                   NULL |                NULL | NULL                     | NULL            |
| localhost | mysql.infoschema | Y           | N           | N           | N           | N           | N         | N           | N             | N            | N         | N          | N               | N          | N          | N            | N          | N                     | N                | N            | N               | N                | N                | N              | N                   | N                  | N                | N          | N            | N                      |          | 0x                     | 0x                       | 0x                         |             0 |           0 |               0 |                    0 | caching_sha2_password | $A$005$THISISACOMBINATIONOFINVALIDSALTANDPASSWORDTHATMUSTNEVERBRBEUSED | N                | 2021-10-31 20:30:00   |              NULL | Y              | N                | N              |                   NULL |                NULL | NULL                     | NULL            |
| localhost | mysql.session    | N           | N           | N           | N           | N           | N         | N           | Y             | N            | N         | N          | N               | N          | N          | N            | Y          | N                     | N                | N            | N               | N                | N                | N              | N                   | N                  | N                | N          | N            | N                      |          | 0x                     | 0x                       | 0x                         |             0 |           0 |               0 |                    0 | caching_sha2_password | $A$005$THISISACOMBINATIONOFINVALIDSALTANDPASSWORDTHATMUSTNEVERBRBEUSED | N                | 2021-10-31 20:29:59   |              NULL | Y              | N                | N              |                   NULL |                NULL | NULL                     | NULL            |
| localhost | mysql.sys        | N           | N           | N           | N           | N           | N         | N           | N             | N            | N         | N          | N               | N          | N          | N            | N          | N                     | N                | N            | N               | N                | N                | N              | N                   | N                  | N                | N          | N            | N                      |          | 0x                     | 0x                       | 0x                         |             0 |           0 |               0 |                    0 | caching_sha2_password | $A$005$THISISACOMBINATIONOFINVALIDSALTANDPASSWORDTHATMUSTNEVERBRBEUSED | N                | 2021-10-31 20:30:00   |              NULL | Y              | N                | N              |                   NULL |                NULL | NULL                     | NULL            |
| localhost | root             | Y           | Y           | Y           | Y           | Y           | Y         | Y           | Y             | Y            | Y         | Y          | Y               | Y          | Y          | Y            | Y          | Y                     | Y                | Y            | Y               | Y                | Y                | Y              | Y                   | Y                  | Y                | Y          | Y            | Y                      |          | 0x                     | 0x                       | 0x                         |             0 |           0 |               0 |                    0 | mysql_native_password | *E40B3786EF40E9F655A5B213C0E2C4252D392FD3                              | N                | 2021-10-31 20:30:07   |              NULL | N              | Y                | Y              |                   NULL |                NULL | NULL                     | NULL            |
+-----------+------------------+-------------+-------------+-------------+-------------+-------------+-----------+-------------+---------------+--------------+-----------+------------+-----------------+------------+------------+--------------+------------+-----------------------+------------------+--------------+-----------------+------------------+------------------+----------------+---------------------+--------------------+------------------+------------+--------------+------------------------+----------+------------------------+--------------------------+----------------------------+---------------+-------------+-----------------+----------------------+-----------------------+------------------------------------------------------------------------+------------------+-----------------------+-------------------+----------------+------------------+----------------+------------------------+---------------------+--------------------------+-----------------+
5 rows in set (0.00 sec)

mysql> grant all privileges on *.* to 'kth'@'localhost' with grant option;
Query OK, 0 rows affected (0.01 sec)

mysql> select * from user;
+-----------+------------------+-------------+-------------+-------------+-------------+-------------+-----------+-------------+---------------+--------------+-----------+------------+-----------------+------------+------------+--------------+------------+-----------------------+------------------+--------------+-----------------+------------------+------------------+----------------+---------------------+--------------------+------------------+------------+--------------+------------------------+----------+------------------------+--------------------------+----------------------------+---------------+-------------+-----------------+----------------------+-----------------------+------------------------------------------------------------------------+------------------+-----------------------+-------------------+----------------+------------------+----------------+------------------------+---------------------+--------------------------+-----------------+
| Host      | User             | Select_priv | Insert_priv | Update_priv | Delete_priv | Create_priv | Drop_priv | Reload_priv | Shutdown_priv | Process_priv | File_priv | Grant_priv | References_priv | Index_priv | Alter_priv | Show_db_priv | Super_priv | Create_tmp_table_priv | Lock_tables_priv | Execute_priv | Repl_slave_priv | Repl_client_priv | Create_view_priv | Show_view_priv | Create_routine_priv | Alter_routine_priv | Create_user_priv | Event_priv | Trigger_priv | Create_tablespace_priv | ssl_type | ssl_cipher             | x509_issuer              | x509_subject               | max_questions | max_updates | max_connections | max_user_connections | plugin                | authentication_string                                                  | password_expired | password_last_changed | password_lifetime | account_locked | Create_role_priv | Drop_role_priv | Password_reuse_history | Password_reuse_time | Password_require_current | User_attributes |
+-----------+------------------+-------------+-------------+-------------+-------------+-------------+-----------+-------------+---------------+--------------+-----------+------------+-----------------+------------+------------+--------------+------------+-----------------------+------------------+--------------+-----------------+------------------+------------------+----------------+---------------------+--------------------+------------------+------------+--------------+------------------------+----------+------------------------+--------------------------+----------------------------+---------------+-------------+-----------------+----------------------+-----------------------+------------------------------------------------------------------------+------------------+-----------------------+-------------------+----------------+------------------+----------------+------------------------+---------------------+--------------------------+-----------------+
| localhost | kth              | Y           | Y           | Y           | Y           | Y           | Y         | Y           | Y             | Y            | Y         | Y          | Y               | Y          | Y          | Y            | Y          | Y                     | Y                | Y            | Y               | Y                | Y                | Y              | Y                   | Y                  | Y                | Y          | Y            | Y                      |          | 0x                     | 0x                       | 0x                         |             0 |           0 |               0 |                    0 | mysql_native_password | *A4B6157319038724E3560894F7F932C8886EBFCF                              | N                | 2021-10-31 20:47:09   |              NULL | N              | Y                | Y              |                   NULL |                NULL | NULL                     | NULL            |
| localhost | mysql.infoschema | Y           | N           | N           | N           | N           | N         | N           | N             | N            | N         | N          | N               | N          | N          | N            | N          | N                     | N                | N            | N               | N                | N                | N              | N                   | N                  | N                | N          | N            | N                      |          | 0x                     | 0x                       | 0x                         |             0 |           0 |               0 |                    0 | caching_sha2_password | $A$005$THISISACOMBINATIONOFINVALIDSALTANDPASSWORDTHATMUSTNEVERBRBEUSED | N                | 2021-10-31 20:30:00   |              NULL | Y              | N                | N              |                   NULL |                NULL | NULL                     | NULL            |
| localhost | mysql.session    | N           | N           | N           | N           | N           | N         | N           | Y             | N            | N         | N          | N               | N          | N          | N            | Y          | N                     | N                | N            | N               | N                | N                | N              | N                   | N                  | N                | N          | N            | N                      |          | 0x                     | 0x                       | 0x                         |             0 |           0 |               0 |                    0 | caching_sha2_password | $A$005$THISISACOMBINATIONOFINVALIDSALTANDPASSWORDTHATMUSTNEVERBRBEUSED | N                | 2021-10-31 20:29:59   |              NULL | Y              | N                | N              |                   NULL |                NULL | NULL                     | NULL            |
| localhost | mysql.sys        | N           | N           | N           | N           | N           | N         | N           | N             | N            | N         | N          | N               | N          | N          | N            | N          | N                     | N                | N            | N               | N                | N                | N              | N                   | N                  | N                | N          | N            | N                      |          | 0x                     | 0x                       | 0x                         |             0 |           0 |               0 |                    0 | caching_sha2_password | $A$005$THISISACOMBINATIONOFINVALIDSALTANDPASSWORDTHATMUSTNEVERBRBEUSED | N                | 2021-10-31 20:30:00   |              NULL | Y              | N                | N              |                   NULL |                NULL | NULL                     | NULL            |
| localhost | root             | Y           | Y           | Y           | Y           | Y           | Y         | Y           | Y             | Y            | Y         | Y          | Y               | Y          | Y          | Y            | Y          | Y                     | Y                | Y            | Y               | Y                | Y                | Y              | Y                   | Y                  | Y                | Y          | Y            | Y                      |          | 0x                     | 0x                       | 0x                         |             0 |           0 |               0 |                    0 | mysql_native_password | *E40B3786EF40E9F655A5B213C0E2C4252D392FD3                              | N                | 2021-10-31 20:30:07   |              NULL | N              | Y                | Y              |                   NULL |                NULL | NULL                     | NULL            |
+-----------+------------------+-------------+-------------+-------------+-------------+-------------+-----------+-------------+---------------+--------------+-----------+------------+-----------------+------------+------------+--------------+------------+-----------------------+------------------+--------------+-----------------+------------------+------------------+----------------+---------------------+--------------------+------------------+------------+--------------+------------------------+----------+------------------------+--------------------------+----------------------------+---------------+-------------+-----------------+----------------------+-----------------------+------------------------------------------------------------------------+------------------+-----------------------+-------------------+----------------+------------------+----------------+------------------------+---------------------+--------------------------+-----------------+
5 rows in set (0.00 sec)

mysql> flush privileges;
Query OK, 0 rows affected (0.01 sec)

mysql> select * from db;
+-----------+--------------------+---------------+-------------+-------------+-------------+-------------+-------------+-----------+------------+-----------------+------------+------------+-----------------------+------------------+------------------+----------------+---------------------+--------------------+--------------+------------+--------------+
| Host      | Db                 | User          | Select_priv | Insert_priv | Update_priv | Delete_priv | Create_priv | Drop_priv | Grant_priv | References_priv | Index_priv | Alter_priv | Create_tmp_table_priv | Lock_tables_priv | Create_view_priv | Show_view_priv | Create_routine_priv | Alter_routine_priv | Execute_priv | Event_priv | Trigger_priv |
+-----------+--------------------+---------------+-------------+-------------+-------------+-------------+-------------+-----------+------------+-----------------+------------+------------+-----------------------+------------------+------------------+----------------+---------------------+--------------------+--------------+------------+--------------+
| localhost | performance_schema | mysql.session | Y           | N           | N           | N           | N           | N         | N          | N               | N          | N          | N                     | N                | N                | N              | N                   | N                  | N            | N          | N            |
| localhost | sys                | mysql.sys     | N           | N           | N           | N           | N           | N         | N          | N               | N          | N          | N                     | N                | N                | N              | N                   | N                  | N            | N          | Y            |
+-----------+--------------------+---------------+-------------+-------------+-------------+-------------+-------------+-----------+------------+-----------------+------------+------------+-----------------------+------------------+------------------+----------------+---------------------+--------------------+--------------+------------+--------------+
2 rows in set (0.00 sec)

mysql> select * from user;
+-----------+------------------+-------------+-------------+-------------+-------------+-------------+-----------+-------------+---------------+--------------+-----------+------------+-----------------+------------+------------+--------------+------------+-----------------------+------------------+--------------+-----------------+------------------+------------------+----------------+---------------------+--------------------+------------------+------------+--------------+------------------------+----------+------------------------+--------------------------+----------------------------+---------------+-------------+-----------------+----------------------+-----------------------+------------------------------------------------------------------------+------------------+-----------------------+-------------------+----------------+------------------+----------------+------------------------+---------------------+--------------------------+-----------------+
| Host      | User             | Select_priv | Insert_priv | Update_priv | Delete_priv | Create_priv | Drop_priv | Reload_priv | Shutdown_priv | Process_priv | File_priv | Grant_priv | References_priv | Index_priv | Alter_priv | Show_db_priv | Super_priv | Create_tmp_table_priv | Lock_tables_priv | Execute_priv | Repl_slave_priv | Repl_client_priv | Create_view_priv | Show_view_priv | Create_routine_priv | Alter_routine_priv | Create_user_priv | Event_priv | Trigger_priv | Create_tablespace_priv | ssl_type | ssl_cipher             | x509_issuer              | x509_subject               | max_questions | max_updates | max_connections | max_user_connections | plugin                | authentication_string                                                  | password_expired | password_last_changed | password_lifetime | account_locked | Create_role_priv | Drop_role_priv | Password_reuse_history | Password_reuse_time | Password_require_current | User_attributes |
+-----------+------------------+-------------+-------------+-------------+-------------+-------------+-----------+-------------+---------------+--------------+-----------+------------+-----------------+------------+------------+--------------+------------+-----------------------+------------------+--------------+-----------------+------------------+------------------+----------------+---------------------+--------------------+------------------+------------+--------------+------------------------+----------+------------------------+--------------------------+----------------------------+---------------+-------------+-----------------+----------------------+-----------------------+------------------------------------------------------------------------+------------------+-----------------------+-------------------+----------------+------------------+----------------+------------------------+---------------------+--------------------------+-----------------+
| localhost | kth              | Y           | Y           | Y           | Y           | Y           | Y         | Y           | Y             | Y            | Y         | Y          | Y               | Y          | Y          | Y            | Y          | Y                     | Y                | Y            | Y               | Y                | Y                | Y              | Y                   | Y                  | Y                | Y          | Y            | Y                      |          | 0x                     | 0x                       | 0x                         |             0 |           0 |               0 |                    0 | mysql_native_password | *A4B6157319038724E3560894F7F932C8886EBFCF                              | N                | 2021-10-31 20:47:09   |              NULL | N              | Y                | Y              |                   NULL |                NULL | NULL                     | NULL            |
| localhost | mysql.infoschema | Y           | N           | N           | N           | N           | N         | N           | N             | N            | N         | N          | N               | N          | N          | N            | N          | N                     | N                | N            | N               | N                | N                | N              | N                   | N                  | N                | N          | N            | N                      |          | 0x                     | 0x                       | 0x                         |             0 |           0 |               0 |                    0 | caching_sha2_password | $A$005$THISISACOMBINATIONOFINVALIDSALTANDPASSWORDTHATMUSTNEVERBRBEUSED | N                | 2021-10-31 20:30:00   |              NULL | Y              | N                | N              |                   NULL |                NULL | NULL                     | NULL            |
| localhost | mysql.session    | N           | N           | N           | N           | N           | N         | N           | Y             | N            | N         | N          | N               | N          | N          | N            | Y          | N                     | N                | N            | N               | N                | N                | N              | N                   | N                  | N                | N          | N            | N                      |          | 0x                     | 0x                       | 0x                         |             0 |           0 |               0 |                    0 | caching_sha2_password | $A$005$THISISACOMBINATIONOFINVALIDSALTANDPASSWORDTHATMUSTNEVERBRBEUSED | N                | 2021-10-31 20:29:59   |              NULL | Y              | N                | N              |                   NULL |                NULL | NULL                     | NULL            |
| localhost | mysql.sys        | N           | N           | N           | N           | N           | N         | N           | N             | N            | N         | N          | N               | N          | N          | N            | N          | N                     | N                | N            | N               | N                | N                | N              | N                   | N                  | N                | N          | N            | N                      |          | 0x                     | 0x                       | 0x                         |             0 |           0 |               0 |                    0 | caching_sha2_password | $A$005$THISISACOMBINATIONOFINVALIDSALTANDPASSWORDTHATMUSTNEVERBRBEUSED | N                | 2021-10-31 20:30:00   |              NULL | Y              | N                | N              |                   NULL |                NULL | NULL                     | NULL            |
| localhost | root             | Y           | Y           | Y           | Y           | Y           | Y         | Y           | Y             | Y            | Y         | Y          | Y               | Y          | Y          | Y            | Y          | Y                     | Y                | Y            | Y               | Y                | Y                | Y              | Y                   | Y                  | Y                | Y          | Y            | Y                      |          | 0x                     | 0x                       | 0x                         |             0 |           0 |               0 |                    0 | mysql_native_password | *E40B3786EF40E9F655A5B213C0E2C4252D392FD3                              | N                | 2021-10-31 20:30:07   |              NULL | N              | Y                | Y              |                   NULL |                NULL | NULL                     | NULL            |
+-----------+------------------+-------------+-------------+-------------+-------------+-------------+-----------+-------------+---------------+--------------+-----------+------------+-----------------+------------+------------+--------------+------------+-----------------------+------------------+--------------+-----------------+------------------+------------------+----------------+---------------------+--------------------+------------------+------------+--------------+------------------------+----------+------------------------+--------------------------+----------------------------+---------------+-------------+-----------------+----------------------+-----------------------+------------------------------------------------------------------------+------------------+-----------------------+-------------------+----------------+------------------+----------------+------------------------+---------------------+--------------------------+-----------------+
5 rows in set (0.00 sec)

mysql> create user 'cskim'@'localhost';
Query OK, 0 rows affected (0.01 sec)

mysql> select * from user;
+-----------+------------------+-------------+-------------+-------------+-------------+-------------+-----------+-------------+---------------+--------------+-----------+------------+-----------------+------------+------------+--------------+------------+-----------------------+------------------+--------------+-----------------+------------------+------------------+----------------+---------------------+--------------------+------------------+------------+--------------+------------------------+----------+------------------------+--------------------------+----------------------------+---------------+-------------+-----------------+----------------------+-----------------------+------------------------------------------------------------------------+------------------+-----------------------+-------------------+----------------+------------------+----------------+------------------------+---------------------+--------------------------+-----------------+
| Host      | User             | Select_priv | Insert_priv | Update_priv | Delete_priv | Create_priv | Drop_priv | Reload_priv | Shutdown_priv | Process_priv | File_priv | Grant_priv | References_priv | Index_priv | Alter_priv | Show_db_priv | Super_priv | Create_tmp_table_priv | Lock_tables_priv | Execute_priv | Repl_slave_priv | Repl_client_priv | Create_view_priv | Show_view_priv | Create_routine_priv | Alter_routine_priv | Create_user_priv | Event_priv | Trigger_priv | Create_tablespace_priv | ssl_type | ssl_cipher             | x509_issuer              | x509_subject               | max_questions | max_updates | max_connections | max_user_connections | plugin                | authentication_string                                                  | password_expired | password_last_changed | password_lifetime | account_locked | Create_role_priv | Drop_role_priv | Password_reuse_history | Password_reuse_time | Password_require_current | User_attributes |
+-----------+------------------+-------------+-------------+-------------+-------------+-------------+-----------+-------------+---------------+--------------+-----------+------------+-----------------+------------+------------+--------------+------------+-----------------------+------------------+--------------+-----------------+------------------+------------------+----------------+---------------------+--------------------+------------------+------------+--------------+------------------------+----------+------------------------+--------------------------+----------------------------+---------------+-------------+-----------------+----------------------+-----------------------+------------------------------------------------------------------------+------------------+-----------------------+-------------------+----------------+------------------+----------------+------------------------+---------------------+--------------------------+-----------------+
| localhost | cskim            | N           | N           | N           | N           | N           | N         | N           | N             | N            | N         | N          | N               | N          | N          | N            | N          | N                     | N                | N            | N               | N                | N                | N              | N                   | N                  | N                | N          | N            | N                      |          | 0x                     | 0x                       | 0x                         |             0 |           0 |               0 |                    0 | mysql_native_password |                                                                        | N                | 2021-10-31 21:20:03   |              NULL | N              | N                | N              |                   NULL |                NULL | NULL                     | NULL            |
| localhost | kth              | Y           | Y           | Y           | Y           | Y           | Y         | Y           | Y             | Y            | Y         | Y          | Y               | Y          | Y          | Y            | Y          | Y                     | Y                | Y            | Y               | Y                | Y                | Y              | Y                   | Y                  | Y                | Y          | Y            | Y                      |          | 0x                     | 0x                       | 0x                         |             0 |           0 |               0 |                    0 | mysql_native_password | *A4B6157319038724E3560894F7F932C8886EBFCF                              | N                | 2021-10-31 20:47:09   |              NULL | N              | Y                | Y              |                   NULL |                NULL | NULL                     | NULL            |
| localhost | mysql.infoschema | Y           | N           | N           | N           | N           | N         | N           | N             | N            | N         | N          | N               | N          | N          | N            | N          | N                     | N                | N            | N               | N                | N                | N              | N                   | N                  | N                | N          | N            | N                      |          | 0x                     | 0x                       | 0x                         |             0 |           0 |               0 |                    0 | caching_sha2_password | $A$005$THISISACOMBINATIONOFINVALIDSALTANDPASSWORDTHATMUSTNEVERBRBEUSED | N                | 2021-10-31 20:30:00   |              NULL | Y              | N                | N              |                   NULL |                NULL | NULL                     | NULL            |
| localhost | mysql.session    | N           | N           | N           | N           | N           | N         | N           | Y             | N            | N         | N          | N               | N          | N          | N            | Y          | N                     | N                | N            | N               | N                | N                | N              | N                   | N                  | N                | N          | N            | N                      |          | 0x                     | 0x                       | 0x                         |             0 |           0 |               0 |                    0 | caching_sha2_password | $A$005$THISISACOMBINATIONOFINVALIDSALTANDPASSWORDTHATMUSTNEVERBRBEUSED | N                | 2021-10-31 20:29:59   |              NULL | Y              | N                | N              |                   NULL |                NULL | NULL                     | NULL            |
| localhost | mysql.sys        | N           | N           | N           | N           | N           | N         | N           | N             | N            | N         | N          | N               | N          | N          | N            | N          | N                     | N                | N            | N               | N                | N                | N              | N                   | N                  | N                | N          | N            | N                      |          | 0x                     | 0x                       | 0x                         |             0 |           0 |               0 |                    0 | caching_sha2_password | $A$005$THISISACOMBINATIONOFINVALIDSALTANDPASSWORDTHATMUSTNEVERBRBEUSED | N                | 2021-10-31 20:30:00   |              NULL | Y              | N                | N              |                   NULL |                NULL | NULL                     | NULL            |
| localhost | root             | Y           | Y           | Y           | Y           | Y           | Y         | Y           | Y             | Y            | Y         | Y          | Y               | Y          | Y          | Y            | Y          | Y                     | Y                | Y            | Y               | Y                | Y                | Y              | Y                   | Y                  | Y                | Y          | Y            | Y                      |          | 0x                     | 0x                       | 0x                         |             0 |           0 |               0 |                    0 | mysql_native_password | *E40B3786EF40E9F655A5B213C0E2C4252D392FD3                              | N                | 2021-10-31 20:30:07   |              NULL | N              | Y                | Y              |                   NULL |                NULL | NULL                     | NULL            |
+-----------+------------------+-------------+-------------+-------------+-------------+-------------+-----------+-------------+---------------+--------------+-----------+------------+-----------------+------------+------------+--------------+------------+-----------------------+------------------+--------------+-----------------+------------------+------------------+----------------+---------------------+--------------------+------------------+------------+--------------+------------------------+----------+------------------------+--------------------------+----------------------------+---------------+-------------+-----------------+----------------------+-----------------------+------------------------------------------------------------------------+------------------+-----------------------+-------------------+----------------+------------------+----------------+------------------------+---------------------+--------------------------+-----------------+
6 rows in set (0.00 sec)

mysql> drop user 'cskim'@'localhost';
Query OK, 0 rows affected (0.01 sec)

mysql> select * from user;
+-----------+------------------+-------------+-------------+-------------+-------------+-------------+-----------+-------------+---------------+--------------+-----------+------------+-----------------+------------+------------+--------------+------------+-----------------------+------------------+--------------+-----------------+------------------+------------------+----------------+---------------------+--------------------+------------------+------------+--------------+------------------------+----------+------------------------+--------------------------+----------------------------+---------------+-------------+-----------------+----------------------+-----------------------+------------------------------------------------------------------------+------------------+-----------------------+-------------------+----------------+------------------+----------------+------------------------+---------------------+--------------------------+-----------------+
| Host      | User             | Select_priv | Insert_priv | Update_priv | Delete_priv | Create_priv | Drop_priv | Reload_priv | Shutdown_priv | Process_priv | File_priv | Grant_priv | References_priv | Index_priv | Alter_priv | Show_db_priv | Super_priv | Create_tmp_table_priv | Lock_tables_priv | Execute_priv | Repl_slave_priv | Repl_client_priv | Create_view_priv | Show_view_priv | Create_routine_priv | Alter_routine_priv | Create_user_priv | Event_priv | Trigger_priv | Create_tablespace_priv | ssl_type | ssl_cipher             | x509_issuer              | x509_subject               | max_questions | max_updates | max_connections | max_user_connections | plugin                | authentication_string                                                  | password_expired | password_last_changed | password_lifetime | account_locked | Create_role_priv | Drop_role_priv | Password_reuse_history | Password_reuse_time | Password_require_current | User_attributes |
+-----------+------------------+-------------+-------------+-------------+-------------+-------------+-----------+-------------+---------------+--------------+-----------+------------+-----------------+------------+------------+--------------+------------+-----------------------+------------------+--------------+-----------------+------------------+------------------+----------------+---------------------+--------------------+------------------+------------+--------------+------------------------+----------+------------------------+--------------------------+----------------------------+---------------+-------------+-----------------+----------------------+-----------------------+------------------------------------------------------------------------+------------------+-----------------------+-------------------+----------------+------------------+----------------+------------------------+---------------------+--------------------------+-----------------+
| localhost | kth              | Y           | Y           | Y           | Y           | Y           | Y         | Y           | Y             | Y            | Y         | Y          | Y               | Y          | Y          | Y            | Y          | Y                     | Y                | Y            | Y               | Y                | Y                | Y              | Y                   | Y                  | Y                | Y          | Y            | Y                      |          | 0x                     | 0x                       | 0x                         |             0 |           0 |               0 |                    0 | mysql_native_password | *A4B6157319038724E3560894F7F932C8886EBFCF                              | N                | 2021-10-31 20:47:09   |              NULL | N              | Y                | Y              |                   NULL |                NULL | NULL                     | NULL            |
| localhost | mysql.infoschema | Y           | N           | N           | N           | N           | N         | N           | N             | N            | N         | N          | N               | N          | N          | N            | N          | N                     | N                | N            | N               | N                | N                | N              | N                   | N                  | N                | N          | N            | N                      |          | 0x                     | 0x                       | 0x                         |             0 |           0 |               0 |                    0 | caching_sha2_password | $A$005$THISISACOMBINATIONOFINVALIDSALTANDPASSWORDTHATMUSTNEVERBRBEUSED | N                | 2021-10-31 20:30:00   |              NULL | Y              | N                | N              |                   NULL |                NULL | NULL                     | NULL            |
| localhost | mysql.session    | N           | N           | N           | N           | N           | N         | N           | Y             | N            | N         | N          | N               | N          | N          | N            | Y          | N                     | N                | N            | N               | N                | N                | N              | N                   | N                  | N                | N          | N            | N                      |          | 0x                     | 0x                       | 0x                         |             0 |           0 |               0 |                    0 | caching_sha2_password | $A$005$THISISACOMBINATIONOFINVALIDSALTANDPASSWORDTHATMUSTNEVERBRBEUSED | N                | 2021-10-31 20:29:59   |              NULL | Y              | N                | N              |                   NULL |                NULL | NULL                     | NULL            |
| localhost | mysql.sys        | N           | N           | N           | N           | N           | N         | N           | N             | N            | N         | N          | N               | N          | N          | N            | N          | N                     | N                | N            | N               | N                | N                | N              | N                   | N                  | N                | N          | N            | N                      |          | 0x                     | 0x                       | 0x                         |             0 |           0 |               0 |                    0 | caching_sha2_password | $A$005$THISISACOMBINATIONOFINVALIDSALTANDPASSWORDTHATMUSTNEVERBRBEUSED | N                | 2021-10-31 20:30:00   |              NULL | Y              | N                | N              |                   NULL |                NULL | NULL                     | NULL            |
| localhost | root             | Y           | Y           | Y           | Y           | Y           | Y         | Y           | Y             | Y            | Y         | Y          | Y               | Y          | Y          | Y            | Y          | Y                     | Y                | Y            | Y               | Y                | Y                | Y              | Y                   | Y                  | Y                | Y          | Y            | Y                      |          | 0x                     | 0x                       | 0x                         |             0 |           0 |               0 |                    0 | mysql_native_password | *E40B3786EF40E9F655A5B213C0E2C4252D392FD3                              | N                | 2021-10-31 20:30:07   |              NULL | N              | Y                | Y              |                   NULL |                NULL | NULL                     | NULL            |
+-----------+------------------+-------------+-------------+-------------+-------------+-------------+-----------+-------------+---------------+--------------+-----------+------------+-----------------+------------+------------+--------------+------------+-----------------------+------------------+--------------+-----------------+------------------+------------------+----------------+---------------------+--------------------+------------------+------------+--------------+------------------------+----------+------------------------+--------------------------+----------------------------+---------------+-------------+-----------------+----------------------+-----------------------+------------------------------------------------------------------------+------------------+-----------------------+-------------------+----------------+------------------+----------------+------------------------+---------------------+--------------------------+-----------------+
5 rows in set (0.00 sec)

mysql> create user 'thkim'@'localhost';
Query OK, 0 rows affected (0.01 sec)

mysql> select * from user;
+-----------+------------------+-------------+-------------+-------------+-------------+-------------+-----------+-------------+---------------+--------------+-----------+------------+-----------------+------------+------------+--------------+------------+-----------------------+------------------+--------------+-----------------+------------------+------------------+----------------+---------------------+--------------------+------------------+------------+--------------+------------------------+----------+------------------------+--------------------------+----------------------------+---------------+-------------+-----------------+----------------------+-----------------------+------------------------------------------------------------------------+------------------+-----------------------+-------------------+----------------+------------------+----------------+------------------------+---------------------+--------------------------+-----------------+
| Host      | User             | Select_priv | Insert_priv | Update_priv | Delete_priv | Create_priv | Drop_priv | Reload_priv | Shutdown_priv | Process_priv | File_priv | Grant_priv | References_priv | Index_priv | Alter_priv | Show_db_priv | Super_priv | Create_tmp_table_priv | Lock_tables_priv | Execute_priv | Repl_slave_priv | Repl_client_priv | Create_view_priv | Show_view_priv | Create_routine_priv | Alter_routine_priv | Create_user_priv | Event_priv | Trigger_priv | Create_tablespace_priv | ssl_type | ssl_cipher             | x509_issuer              | x509_subject               | max_questions | max_updates | max_connections | max_user_connections | plugin                | authentication_string                                                  | password_expired | password_last_changed | password_lifetime | account_locked | Create_role_priv | Drop_role_priv | Password_reuse_history | Password_reuse_time | Password_require_current | User_attributes |
+-----------+------------------+-------------+-------------+-------------+-------------+-------------+-----------+-------------+---------------+--------------+-----------+------------+-----------------+------------+------------+--------------+------------+-----------------------+------------------+--------------+-----------------+------------------+------------------+----------------+---------------------+--------------------+------------------+------------+--------------+------------------------+----------+------------------------+--------------------------+----------------------------+---------------+-------------+-----------------+----------------------+-----------------------+------------------------------------------------------------------------+------------------+-----------------------+-------------------+----------------+------------------+----------------+------------------------+---------------------+--------------------------+-----------------+
| localhost | kth              | Y           | Y           | Y           | Y           | Y           | Y         | Y           | Y             | Y            | Y         | Y          | Y               | Y          | Y          | Y            | Y          | Y                     | Y                | Y            | Y               | Y                | Y                | Y              | Y                   | Y                  | Y                | Y          | Y            | Y                      |          | 0x                     | 0x                       | 0x                         |             0 |           0 |               0 |                    0 | mysql_native_password | *A4B6157319038724E3560894F7F932C8886EBFCF                              | N                | 2021-10-31 20:47:09   |              NULL | N              | Y                | Y              |                   NULL |                NULL | NULL                     | NULL            |
| localhost | mysql.infoschema | Y           | N           | N           | N           | N           | N         | N           | N             | N            | N         | N          | N               | N          | N          | N            | N          | N                     | N                | N            | N               | N                | N                | N              | N                   | N                  | N                | N          | N            | N                      |          | 0x                     | 0x                       | 0x                         |             0 |           0 |               0 |                    0 | caching_sha2_password | $A$005$THISISACOMBINATIONOFINVALIDSALTANDPASSWORDTHATMUSTNEVERBRBEUSED | N                | 2021-10-31 20:30:00   |              NULL | Y              | N                | N              |                   NULL |                NULL | NULL                     | NULL            |
| localhost | mysql.session    | N           | N           | N           | N           | N           | N         | N           | Y             | N            | N         | N          | N               | N          | N          | N            | Y          | N                     | N                | N            | N               | N                | N                | N              | N                   | N                  | N                | N          | N            | N                      |          | 0x                     | 0x                       | 0x                         |             0 |           0 |               0 |                    0 | caching_sha2_password | $A$005$THISISACOMBINATIONOFINVALIDSALTANDPASSWORDTHATMUSTNEVERBRBEUSED | N                | 2021-10-31 20:29:59   |              NULL | Y              | N                | N              |                   NULL |                NULL | NULL                     | NULL            |
| localhost | mysql.sys        | N           | N           | N           | N           | N           | N         | N           | N             | N            | N         | N          | N               | N          | N          | N            | N          | N                     | N                | N            | N               | N                | N                | N              | N                   | N                  | N                | N          | N            | N                      |          | 0x                     | 0x                       | 0x                         |             0 |           0 |               0 |                    0 | caching_sha2_password | $A$005$THISISACOMBINATIONOFINVALIDSALTANDPASSWORDTHATMUSTNEVERBRBEUSED | N                | 2021-10-31 20:30:00   |              NULL | Y              | N                | N              |                   NULL |                NULL | NULL                     | NULL            |
| localhost | root             | Y           | Y           | Y           | Y           | Y           | Y         | Y           | Y             | Y            | Y         | Y          | Y               | Y          | Y          | Y            | Y          | Y                     | Y                | Y            | Y               | Y                | Y                | Y              | Y                   | Y                  | Y                | Y          | Y            | Y                      |          | 0x                     | 0x                       | 0x                         |             0 |           0 |               0 |                    0 | mysql_native_password | *E40B3786EF40E9F655A5B213C0E2C4252D392FD3                              | N                | 2021-10-31 20:30:07   |              NULL | N              | Y                | Y              |                   NULL |                NULL | NULL                     | NULL            |
| localhost | thkim            | N           | N           | N           | N           | N           | N         | N           | N             | N            | N         | N          | N               | N          | N          | N            | N          | N                     | N                | N            | N               | N                | N                | N              | N                   | N                  | N                | N          | N            | N                      |          | 0x                     | 0x                       | 0x                         |             0 |           0 |               0 |                    0 | mysql_native_password |                                                                        | N                | 2021-10-31 21:21:31   |              NULL | N              | N                | N              |                   NULL |                NULL | NULL                     | NULL            |
+-----------+------------------+-------------+-------------+-------------+-------------+-------------+-----------+-------------+---------------+--------------+-----------+------------+-----------------+------------+------------+--------------+------------+-----------------------+------------------+--------------+-----------------+------------------+------------------+----------------+---------------------+--------------------+------------------+------------+--------------+------------------------+----------+------------------------+--------------------------+----------------------------+---------------+-------------+-----------------+----------------------+-----------------------+------------------------------------------------------------------------+------------------+-----------------------+-------------------+----------------+------------------+----------------+------------------------+---------------------+--------------------------+-----------------+
6 rows in set (0.00 sec)

mysql> grant all privileges on itbank.* to 'thkim'@'localhost' with grant option;
Query OK, 0 rows affected (0.01 sec)

mysql> show grants for 'thkim'@'localhost;
    '> show grants for 'thkim'@'localhost;
ERROR 1064 (42000): You have an error in your SQL syntax; check the manual that corresponds to your MySQL server version for the right syntax to use near 'thkim'@'localhost' at line 2
mysql> grant all privileges on itbank.* 'thkim'@'localhost' with grant option;
ERROR 1064 (42000): You have an error in your SQL syntax; check the manual that corresponds to your MySQL server version for the right syntax to use near ''thkim'@'localhost' with grant option' at line 1
mysql> show grants for 'thkim'@'localhost';
+-----------------------------------------------------------------------------+
| Grants for thkim@localhost                                                  |
+-----------------------------------------------------------------------------+
| GRANT USAGE ON *.* TO `thkim`@`localhost`                                   |
| GRANT ALL PRIVILEGES ON `itbank`.* TO `thkim`@`localhost` WITH GRANT OPTION |
+-----------------------------------------------------------------------------+
2 rows in set (0.00 sec)

mysql> select * from db;
+-----------+--------------------+---------------+-------------+-------------+-------------+-------------+-------------+-----------+------------+-----------------+------------+------------+-----------------------+------------------+------------------+----------------+---------------------+--------------------+--------------+------------+--------------+
| Host      | Db                 | User          | Select_priv | Insert_priv | Update_priv | Delete_priv | Create_priv | Drop_priv | Grant_priv | References_priv | Index_priv | Alter_priv | Create_tmp_table_priv | Lock_tables_priv | Create_view_priv | Show_view_priv | Create_routine_priv | Alter_routine_priv | Execute_priv | Event_priv | Trigger_priv |
+-----------+--------------------+---------------+-------------+-------------+-------------+-------------+-------------+-----------+------------+-----------------+------------+------------+-----------------------+------------------+------------------+----------------+---------------------+--------------------+--------------+------------+--------------+
| localhost | itbank             | thkim         | Y           | Y           | Y           | Y           | Y           | Y         | Y          | Y               | Y          | Y          | Y                     | Y                | Y                | Y              | Y                   | Y                  | Y            | Y          | Y            |
| localhost | performance_schema | mysql.session | Y           | N           | N           | N           | N           | N         | N          | N               | N          | N          | N                     | N                | N                | N              | N                   | N                  | N            | N          | N            |
| localhost | sys                | mysql.sys     | N           | N           | N           | N           | N           | N         | N          | N               | N          | N          | N                     | N                | N                | N              | N                   | N                  | N            | N          | Y            |
+-----------+--------------------+---------------+-------------+-------------+-------------+-------------+-------------+-----------+------------+-----------------+------------+------------+-----------------------+------------------+------------------+----------------+---------------------+--------------------+--------------+------------+--------------+
3 rows in set (0.00 sec)

mysql> grant all privileges on itbank.* to 'thkim'@'localhost' with grant option;
Query OK, 0 rows affected (0.01 sec)

mysql> sesct * from db;
ERROR 1064 (42000): You have an error in your SQL syntax; check the manual that corresponds to your MySQL server version for the right syntax to use near 'sesct * from db' at line 1
mysql> select * from db;
+-----------+--------------------+---------------+-------------+-------------+-------------+-------------+-------------+-----------+------------+-----------------+------------+------------+-----------------------+------------------+------------------+----------------+---------------------+--------------------+--------------+------------+--------------+
| Host      | Db                 | User          | Select_priv | Insert_priv | Update_priv | Delete_priv | Create_priv | Drop_priv | Grant_priv | References_priv | Index_priv | Alter_priv | Create_tmp_table_priv | Lock_tables_priv | Create_view_priv | Show_view_priv | Create_routine_priv | Alter_routine_priv | Execute_priv | Event_priv | Trigger_priv |
+-----------+--------------------+---------------+-------------+-------------+-------------+-------------+-------------+-----------+------------+-----------------+------------+------------+-----------------------+------------------+------------------+----------------+---------------------+--------------------+--------------+------------+--------------+
| localhost | itbank             | thkim         | Y           | Y           | Y           | Y           | Y           | Y         | Y          | Y               | Y          | Y          | Y                     | Y                | Y                | Y              | Y                   | Y                  | Y            | Y          | Y            |
| localhost | performance_schema | mysql.session | Y           | N           | N           | N           | N           | N         | N          | N               | N          | N          | N                     | N                | N                | N              | N                   | N                  | N            | N          | N            |
| localhost | sys                | mysql.sys     | N           | N           | N           | N           | N           | N         | N          | N               | N          | N          | N                     | N                | N                | N              | N                   | N                  | N            | N          | Y            |
+-----------+--------------------+---------------+-------------+-------------+-------------+-------------+-------------+-----------+------------+-----------------+------------+------------+-----------------------+------------------+------------------+----------------+---------------------+--------------------+--------------+------------+--------------+
3 rows in set (0.00 sec)

mysql> show variables like '%char%';
+--------------------------+---------------------------------------------------------+
| Variable_name            | Value                                                   |
+--------------------------+---------------------------------------------------------+
| character_set_client     | euckr                                                   |
| character_set_connection | euckr                                                   |
| character_set_database   | utf8mb4                                                 |
| character_set_filesystem | binary                                                  |
| character_set_results    | euckr                                                   |
| character_set_server     | utf8mb4                                                 |
| character_set_system     | utf8mb3                                                 |
| character_sets_dir       | C:\Program Files\MySQL\MySQL Server 8.0\share\charsets\ |
+--------------------------+---------------------------------------------------------+
8 rows in set, 1 warning (0.01 sec)

mysql> set names utf8;
Query OK, 0 rows affected, 1 warning (0.00 sec)

mysql> show variables like '%char%';
+--------------------------+---------------------------------------------------------+
| Variable_name            | Value                                                   |
+--------------------------+---------------------------------------------------------+
| character_set_client     | utf8mb3                                                 |
| character_set_connection | utf8mb3                                                 |
| character_set_database   | utf8mb4                                                 |
| character_set_filesystem | binary                                                  |
| character_set_results    | utf8mb3                                                 |
| character_set_server     | utf8mb4                                                 |
| character_set_system     | utf8mb3                                                 |
| character_sets_dir       | C:\Program Files\MySQL\MySQL Server 8.0\share\charsets\ |
+--------------------------+---------------------------------------------------------+
8 rows in set, 1 warning (0.00 sec)

mysql> quit
Bye

```