# 2021. 11. 19. (금)

## mysql

### 테이블 속성의 이름 변경, 데이터타입 수정




```

Microsoft Windows [Version 10.0.18362.356]
(c) 2019 Microsoft Corporation. All rights reserved.

C:\Users\user>cd sql

C:\Users\user\SQL>mysql -u thkim -p
Enter password:
Welcome to the MySQL monitor.  Commands end with ; or \g.
Your MySQL connection id is 11
Server version: 8.0.27 MySQL Community Server - GPL

Copyright (c) 2000, 2021, Oracle and/or its affiliates.

Oracle is a registered trademark of Oracle Corporation and/or its
affiliates. Other names may be trademarks of their respective
owners.

Type 'help;' or '\h' for help. Type '\c' to clear the current input statement.

mysql> use itbank
Database changed
mysql> desc customer.
    -> ;
ERROR 1064 (42000): You have an error in your SQL syntax; check the manual that corresponds to your MySQL server version for the right syntax to use near '' at line 1
mysql> desc customer;
+---------+--------------+------+-----+---------+-------+
| Field   | Type         | Null | Key | Default | Extra |
+---------+--------------+------+-----+---------+-------+
| account | varchar(10)  | NO   | PRI | NULL    |       |
| name    | varchar(10)  | NO   |     | NULL    |       |
| grade   | varchar(6)   | NO   |     | New     |       |
| credit  | int          | YES  |     | 0       |       |
| address | varchar(100) | YES  |     | NULL    |       |
+---------+--------------+------+-----+---------+-------+
5 rows in set (0.00 sec)

mysql> alter table customer maker int(11);
ERROR 1064 (42000): You have an error in your SQL syntax; check the manual that corresponds to your MySQL server version for the right syntax to use near 'maker int(11)' at line 1
mysql> alter table customer credit int(11);
ERROR 1064 (42000): You have an error in your SQL syntax; check the manual that corresponds to your MySQL server version for the right syntax to use near 'credit int(11)' at line 1
mysql> alter table customer modify credit int(11);
Query OK, 0 rows affected, 1 warning (0.03 sec)
Records: 0  Duplicates: 0  Warnings: 1

mysql> desc customer;
+---------+--------------+------+-----+---------+-------+
| Field   | Type         | Null | Key | Default | Extra |
+---------+--------------+------+-----+---------+-------+
| account | varchar(10)  | NO   | PRI | NULL    |       |
| name    | varchar(10)  | NO   |     | NULL    |       |
| grade   | varchar(6)   | NO   |     | New     |       |
| credit  | int          | YES  |     | NULL    |       |
| address | varchar(100) | YES  |     | NULL    |       |
+---------+--------------+------+-----+---------+-------+
5 rows in set (0.01 sec)

mysql> alter table customer change credit deposit char;
ERROR 1406 (22001): Data too long for column 'deposit' at row 1
mysql> alter table customer change credit deposit char(11);
Query OK, 7 rows affected (0.17 sec)
Records: 7  Duplicates: 0  Warnings: 0

mysql> desc customer;
+---------+--------------+------+-----+---------+-------+
| Field   | Type         | Null | Key | Default | Extra |
+---------+--------------+------+-----+---------+-------+
| account | varchar(10)  | NO   | PRI | NULL    |       |
| name    | varchar(10)  | NO   |     | NULL    |       |
| grade   | varchar(6)   | NO   |     | New     |       |
| deposit | char(11)     | YES  |     | NULL    |       |
| address | varchar(100) | YES  |     | NULL    |       |
+---------+--------------+------+-----+---------+-------+
5 rows in set (0.01 sec)

mysql> select * from customer;
+---------+--------+--------+---------+-------------+
| account | name   | grade  | deposit | address     |
+---------+--------+--------+---------+-------------+
| apple   | 이남이 | VIP    | 5000    | 경기 용인시 |
| bank    | 홍길동 | Gold   | 30000   | 서울 종로구 |
| bird    | 구선두 |        | 0       | 충남 천안시 |
| eagle   | 박세째 | Gold   | 2450    | 부산 남구   |
| king    | 오나라 | Gold   | 15000   | 서울 성북구 |
| pencil  | 김둘   | Silver | 350     | 경기 수원   |
| toms    | 노마진 | New    | 0       | NULL        |
+---------+--------+--------+---------+-------------+
7 rows in set (0.00 sec)

mysql> alter table customer change credit deposit char(4);
ERROR 1054 (42S22): Unknown column 'credit' in 'customer'
mysql> alter table customer change deposit char(4);
ERROR 1064 (42000): You have an error in your SQL syntax; check the manual that corresponds to your MySQL server version for the right syntax to use near 'char(4)' at line 1
mysql> alter table custoemr change credit deposit char(4);
ERROR 1146 (42S02): Table 'itbank.custoemr' doesn't exist
mysql> alter table customer change credit deposit char(4);
ERROR 1054 (42S22): Unknown column 'credit' in 'customer'
mysql> alter table customer modify deosit int;
ERROR 1054 (42S22): Unknown column 'deosit' in 'customer'
mysql> alter table customer modify deposit int;
Query OK, 7 rows affected (0.19 sec)
Records: 7  Duplicates: 0  Warnings: 0

mysql> desd customer;
ERROR 1064 (42000): You have an error in your SQL syntax; check the manual that corresponds to your MySQL server version for the right syntax to use near 'desd customer' at line 1
mysql> desc customer;
+---------+--------------+------+-----+---------+-------+
| Field   | Type         | Null | Key | Default | Extra |
+---------+--------------+------+-----+---------+-------+
| account | varchar(10)  | NO   | PRI | NULL    |       |
| name    | varchar(10)  | NO   |     | NULL    |       |
| grade   | varchar(6)   | NO   |     | New     |       |
| deposit | int          | YES  |     | NULL    |       |
| address | varchar(100) | YES  |     | NULL    |       |
+---------+--------------+------+-----+---------+-------+
5 rows in set (0.01 sec)

mysql> desc customer;
+---------+--------------+------+-----+---------+-------+
| Field   | Type         | Null | Key | Default | Extra |
+---------+--------------+------+-----+---------+-------+
| account | varchar(10)  | NO   | PRI | NULL    |       |
| name    | varchar(10)  | NO   |     | NULL    |       |
| grade   | varchar(6)   | NO   |     | New     |       |
| deposit | int          | YES  |     | NULL    |       |
| address | varchar(100) | YES  |     | NULL    |       |
+---------+--------------+------+-----+---------+-------+
5 rows in set (0.00 sec)

mysql> alter table customer change credit deposit int(11);
ERROR 1054 (42S22): Unknown column 'credit' in 'customer'
mysql> alter table customer change deposit int(!1);
ERROR 1064 (42000): You have an error in your SQL syntax; check the manual that corresponds to your MySQL server version for the right syntax to use near 'int(!1)' at line 1
mysql> alter table customer change deposit int(11);
ERROR 1064 (42000): You have an error in your SQL syntax; check the manual that corresponds to your MySQL server version for the right syntax to use near 'int(11)' at line 1
mysql> desc customer;
+---------+--------------+------+-----+---------+-------+
| Field   | Type         | Null | Key | Default | Extra |
+---------+--------------+------+-----+---------+-------+
| account | varchar(10)  | NO   | PRI | NULL    |       |
| name    | varchar(10)  | NO   |     | NULL    |       |
| grade   | varchar(6)   | NO   |     | New     |       |
| deposit | int          | YES  |     | NULL    |       |
| address | varchar(100) | YES  |     | NULL    |       |
+---------+--------------+------+-----+---------+-------+
5 rows in set (0.00 sec)

mysql> quit
Bye

```