# 2021. 11. 17. (수)

## mysql

### items 테이블의 code가 E03인 투플 삭제 및 전 후 테이블 확인
### 두 번째 외래키 제약조건(orders_ibfk_2)를 삭제하고 set default 제약 조건 추가



```

Microsoft Windows [Version 10.0.18362.356]
(c) 2019 Microsoft Corporation. All rights reserved.

C:\Users\user>cd sql

C:\Users\user\SQL>mysql -u thkim -p
Enter password:
Welcome to the MySQL monitor.  Commands end with ; or \g.
Your MySQL connection id is 8
Server version: 8.0.27 MySQL Community Server - GPL

Copyright (c) 2000, 2021, Oracle and/or its affiliates.

Oracle is a registered trademark of Oracle Corporation and/or its
affiliates. Other names may be trademarks of their respective
owners.

Type 'help;' or '\h' for help. Type '\c' to clear the current input statement.

mysql> use itbank
Database changed
mysql> desc orders;
+----------+--------------+------+-----+---------+-------+
| Field    | Type         | Null | Key | Default | Extra |
+----------+--------------+------+-----+---------+-------+
| num      | int          | NO   | PRI | NULL    |       |
| customer | varchar(10)  | NO   | MUL | NULL    |       |
| item     | char(3)      | YES  | MUL | NULL    |       |
| qty      | int          | NO   |     | 1       |       |
| date     | date         | YES  |     | NULL    |       |
| saddr    | varchar(100) | YES  |     | NULL    |       |
+----------+--------------+------+-----+---------+-------+
6 rows in set (0.05 sec)

mysql> select * from orders;
+-----+----------+------+-----+------------+-------------+
| num | customer | item | qty | date       | saddr       |
+-----+----------+------+-----+------------+-------------+
|   2 | apple    | E05  |   2 | 2015-06-01 | 경기 용인시 |
|   3 | eagle    | E01  |   3 | 2015-06-03 | 부산 남구   |
|   4 | bank     | E04  |   5 | 2012-06-03 | 서울 종로구 |
|   5 | bird     | E02  |  10 | 2012-06-04 | 충남 천안시 |
|   6 | bird     | E03  |   1 | 2012-06-04 | 충남 천안시 |
+-----+----------+------+-----+------------+-------------+
5 rows in set (0.02 sec)

mysql> selecst * from items;
ERROR 1064 (42000): You have an error in your SQL syntax; check the manual that corresponds to your MySQL server version for the right syntax to use near 'selecst * from items' at line 1
mysql> select * from items;
+------+----------+--------+-------+
| code | name     | stocks | price |
+------+----------+--------+-------+
| E01  | 김       |     30 |  1500 |
| E02  | 단무지   |     45 |  3250 |
| E03  | 햄       |     15 |  7000 |
| E04  | 우유     |     25 |  4560 |
| E05  | 주스     |     20 |  2300 |
| ZZZ  | 삭제상품 |      0 |     0 |
+------+----------+--------+-------+
6 rows in set (0.01 sec)

mysql> selete from items where code='E03';
ERROR 1064 (42000): You have an error in your SQL syntax; check the manual that corresponds to your MySQL server version for the right syntax to use near 'selete from items where code='E03'' at line 1
mysql> delete from items where code='E03';
Query OK, 1 row affected (0.03 sec)

mysql> select * from orders;
+-----+----------+------+-----+------------+-------------+
| num | customer | item | qty | date       | saddr       |
+-----+----------+------+-----+------------+-------------+
|   2 | apple    | E05  |   2 | 2015-06-01 | 경기 용인시 |
|   3 | eagle    | E01  |   3 | 2015-06-03 | 부산 남구   |
|   4 | bank     | E04  |   5 | 2012-06-03 | 서울 종로구 |
|   5 | bird     | E02  |  10 | 2012-06-04 | 충남 천안시 |
|   6 | bird     | NULL |   1 | 2012-06-04 | 충남 천안시 |
+-----+----------+------+-----+------------+-------------+
5 rows in set (0.00 sec)

mysql> select * from items;
+------+----------+--------+-------+
| code | name     | stocks | price |
+------+----------+--------+-------+
| E01  | 김       |     30 |  1500 |
| E02  | 단무지   |     45 |  3250 |
| E04  | 우유     |     25 |  4560 |
| E05  | 주스     |     20 |  2300 |
| ZZZ  | 삭제상품 |      0 |     0 |
+------+----------+--------+-------+
5 rows in set (0.00 sec)

mysql> alter table orders drop foreign key orders_ibfk_2;
Query OK, 0 rows affected (0.04 sec)
Records: 0  Duplicates: 0  Warnings: 0

mysql> alter table orders add foreign key (item) references items(code) on delete set default;
Query OK, 5 rows affected (0.43 sec)
Records: 5  Duplicates: 0  Warnings: 0

mysql> show create table orders;
+--------+-----------------------------------------------------------------------------------------------------------------------------------------------------------------------------------------------------------------------------------------------------------------------------------------------------------------------------------------------------------------------------------------------------------------------------------------------------------------------------------------------------------------------------------------------------------------+
| Table  | Create Table                                                                                                                                                                                                                                                                                                                                                                                                                                                                                                                                                    |
+--------+-----------------------------------------------------------------------------------------------------------------------------------------------------------------------------------------------------------------------------------------------------------------------------------------------------------------------------------------------------------------------------------------------------------------------------------------------------------------------------------------------------------------------------------------------------------------+
| orders | CREATE TABLE `orders` (
  `num` int NOT NULL,
  `customer` varchar(10) NOT NULL,
  `item` char(3) DEFAULT NULL,
  `qty` int NOT NULL DEFAULT '1',
  `date` date DEFAULT NULL,
  `saddr` varchar(100) DEFAULT NULL,
  PRIMARY KEY (`num`),
  KEY `customer` (`customer`),
  KEY `item` (`item`),
  CONSTRAINT `orders_ibfk_1` FOREIGN KEY (`customer`) REFERENCES `customer` (`account`),
  CONSTRAINT `orders_ibfk_2` FOREIGN KEY (`item`) REFERENCES `items` (`code`) ON DELETE SET DEFAULT
) ENGINE=InnoDB DEFAULT CHARSET=utf8mb4 COLLATE=utf8mb4_0900_ai_ci |
+--------+-----------------------------------------------------------------------------------------------------------------------------------------------------------------------------------------------------------------------------------------------------------------------------------------------------------------------------------------------------------------------------------------------------------------------------------------------------------------------------------------------------------------------------------------------------------------+
1 row in set (0.00 sec)

mysql> quit
Bye

```