# 2021. 11. 20. (토)

## mysql

### 제약 조건의 추가 및 삭제(ADD,DROP)



```

Microsoft Windows [Version 10.0.18362.356]
(c) 2019 Microsoft Corporation. All rights reserved.

C:\Users\user>cd sql

C:\Users\user\SQL>mysql -u thkim -p
Enter password:
Welcome to the MySQL monitor.  Commands end with ; or \g.
Your MySQL connection id is 12
Server version: 8.0.27 MySQL Community Server - GPL

Copyright (c) 2000, 2021, Oracle and/or its affiliates.

Oracle is a registered trademark of Oracle Corporation and/or its
affiliates. Other names may be trademarks of their respective
owners.

Type 'help;' or '\h' for help. Type '\c' to clear the current input statement.

mysql> use itbank
Database changed
mysql> show create table orders;
+--------+-----------------------------------------------------------------------------------------------------------------------------------------------------------------------------------------------------------------------------------------------------------------------------------------------------------------------------------------------------------------------------------------------------------------------------------------------------------------------------------------------------------------------------------------------------------------+
| Table  | Create Table                                                                                                                                                                                                                                                                                                                                                                                                                                                                                                                                                    |
+--------+-----------------------------------------------------------------------------------------------------------------------------------------------------------------------------------------------------------------------------------------------------------------------------------------------------------------------------------------------------------------------------------------------------------------------------------------------------------------------------------------------------------------------------------------------------------------+
| orders | CREATE TABLE `orders` (
  `num` int NOT NULL,
  `customer` varchar(10) NOT NULL,
  `item` char(3) DEFAULT NULL,
  `qty` int NOT NULL DEFAULT '1',
  `date` date DEFAULT NULL,
  `saddr` varchar(100) DEFAULT NULL,
  PRIMARY KEY (`num`),
  KEY `customer` (`customer`),
  KEY `item` (`item`),
  CONSTRAINT `orders_ibfk_1` FOREIGN KEY (`customer`) REFERENCES `customer` (`account`),
  CONSTRAINT `orders_ibfk_2` FOREIGN KEY (`item`) REFERENCES `items` (`code`) ON DELETE SET DEFAULT
) ENGINE=InnoDB DEFAULT CHARSET=utf8mb4 COLLATE=utf8mb4_0900_ai_ci |
+--------+-----------------------------------------------------------------------------------------------------------------------------------------------------------------------------------------------------------------------------------------------------------------------------------------------------------------------------------------------------------------------------------------------------------------------------------------------------------------------------------------------------------------------------------------------------------------+
1 row in set (0.01 sec)

mysql> alter table orders drop foreign key orders_ibfk_2;
Query OK, 0 rows affected (0.03 sec)
Records: 0  Duplicates: 0  Warnings: 0

mysql> alter table orders frop foreign key orders_ibfk_1;
ERROR 1064 (42000): You have an error in your SQL syntax; check the manual that corresponds to your MySQL server version for the right syntax to use near 'frop foreign key orders_ibfk_1' at line 1
mysql> alter table orders drop foreign key orders_ibfk_1;
Query OK, 0 rows affected (0.02 sec)
Records: 0  Duplicates: 0  Warnings: 0

mysql> show create table orders;
+--------+-------------------------------------------------------------------------------------------------------------------------------------------------------------------------------------------------------------------------------------------------------------------------------------------------------------------------------------------------------------------+
| Table  | Create Table                                                                                                                                                                                                                                                                                                                                                      |
+--------+-------------------------------------------------------------------------------------------------------------------------------------------------------------------------------------------------------------------------------------------------------------------------------------------------------------------------------------------------------------------+
| orders | CREATE TABLE `orders` (
  `num` int NOT NULL,
  `customer` varchar(10) NOT NULL,
  `item` char(3) DEFAULT NULL,
  `qty` int NOT NULL DEFAULT '1',
  `date` date DEFAULT NULL,
  `saddr` varchar(100) DEFAULT NULL,
  PRIMARY KEY (`num`),
  KEY `customer` (`customer`),
  KEY `item` (`item`)
) ENGINE=InnoDB DEFAULT CHARSET=utf8mb4 COLLATE=utf8mb4_0900_ai_ci |
+--------+-------------------------------------------------------------------------------------------------------------------------------------------------------------------------------------------------------------------------------------------------------------------------------------------------------------------------------------------------------------------+
1 row in set (0.00 sec)

mysql> alter table orders add foreign key(item) references items(code) on delete cascade;
Query OK, 5 rows affected (0.18 sec)
Records: 5  Duplicates: 0  Warnings: 0

mysql> alter table orders add foreign key (customer) references customer(account);
Query OK, 5 rows affected (0.21 sec)
Records: 5  Duplicates: 0  Warnings: 0

mysql> show create table orders;
+--------+-------------------------------------------------------------------------------------------------------------------------------------------------------------------------------------------------------------------------------------------------------------------------------------------------------------------------------------------------------------------------------------------------------------------------------------------------------------------------------------------------------------------------------------------------------------+
| Table  | Create Table                                                                                                                                                                                                                                                                                                                                                                                                                                                                                                                                                |
+--------+-------------------------------------------------------------------------------------------------------------------------------------------------------------------------------------------------------------------------------------------------------------------------------------------------------------------------------------------------------------------------------------------------------------------------------------------------------------------------------------------------------------------------------------------------------------+
| orders | CREATE TABLE `orders` (
  `num` int NOT NULL,
  `customer` varchar(10) NOT NULL,
  `item` char(3) DEFAULT NULL,
  `qty` int NOT NULL DEFAULT '1',
  `date` date DEFAULT NULL,
  `saddr` varchar(100) DEFAULT NULL,
  PRIMARY KEY (`num`),
  KEY `item` (`item`),
  KEY `customer` (`customer`),
  CONSTRAINT `orders_ibfk_1` FOREIGN KEY (`item`) REFERENCES `items` (`code`) ON DELETE CASCADE,
  CONSTRAINT `orders_ibfk_2` FOREIGN KEY (`customer`) REFERENCES `customer` (`account`)
) ENGINE=InnoDB DEFAULT CHARSET=utf8mb4 COLLATE=utf8mb4_0900_ai_ci |
+--------+-------------------------------------------------------------------------------------------------------------------------------------------------------------------------------------------------------------------------------------------------------------------------------------------------------------------------------------------------------------------------------------------------------------------------------------------------------------------------------------------------------------------------------------------------------------+
1 row in set (0.00 sec)

mysql> quit
Bye


```