# 2021. 11. 11. (목)

## mysql

### 외래키 실습실패.


#### ERROR 3780 (HY000): Referencing column 'customer' and referenced column 'account' in foreign key constraint 'orders_ibfk_1' are incompatible. 라는 오류코드 발생. 원인 아직 못찾음.

#### 번역하면

#### 오류 3780(HY000): 외래 키 제약 조건 'orders_ibfk_1'의 'customer' 열과 참조 열 'account'가 호환되지 않습니다.

#### 라고나옴


```

Microsoft Windows [Version 10.0.18362.356]
(c) 2019 Microsoft Corporation. All rights reserved.

C:\Users\user>cd sql

C:\Users\user\SQL>mysql -u thkim -p
Enter password:
Welcome to the MySQL monitor.  Commands end with ; or \g.
Your MySQL connection id is 20
Server version: 8.0.27 MySQL Community Server - GPL

Copyright (c) 2000, 2021, Oracle and/or its affiliates.

Oracle is a registered trademark of Oracle Corporation and/or its
affiliates. Other names may be trademarks of their respective
owners.

Type 'help;' or '\h' for help. Type '\c' to clear the current input statement.

mysql> use itbank
Database changed
mysql> alter table orders add foreign key(customer) references customer (account);
ERROR 3780 (HY000): Referencing column 'customer' and referenced column 'account' in foreign key constraint 'orders_ibfk_1' are incompatible.
mysql> alter table orders add foreign key (customer) references customer (account);
ERROR 3780 (HY000): Referencing column 'customer' and referenced column 'account' in foreign key constraint 'orders_ibfk_1' are incompatible.
mysql> desc customer.sql;
ERROR 1049 (42000): Unknown database 'customer'
mysql> desc customer;
+---------+--------------+------+-----+---------+-------+
| Field   | Type         | Null | Key | Default | Extra |
+---------+--------------+------+-----+---------+-------+
| account | varchar(10)  | NO   | PRI | NULL    |       |
| name    | varchar(10)  | NO   |     | NULL    |       |
| grade   | varchar(6)   | NO   |     | New     |       |
| credit  | int          | YES  |     | 0       |       |
| address | varchar(100) | YES  |     | NULL    |       |
+---------+--------------+------+-----+---------+-------+
5 rows in set (0.01 sec)

mysql> desc orders;
+----------+--------------+------+-----+---------+-------+
| Field    | Type         | Null | Key | Default | Extra |
+----------+--------------+------+-----+---------+-------+
| num      | int          | NO   | PRI | NULL    |       |
| customer | varchar(10)  | NO   |     | NULL    |       |
| item     | char(3)      | YES  |     | NULL    |       |
| qty      | int          | NO   |     | 1       |       |
| date     | date         | YES  |     | NULL    |       |
| saddr    | varchar(100) | YES  |     | NULL    |       |
+----------+--------------+------+-----+---------+-------+
6 rows in set (0.00 sec)

mysql> quit
Bye

C:\Users\user\SQL>mysql -u thkim -p
Enter password:
Welcome to the MySQL monitor.  Commands end with ; or \g.
Your MySQL connection id is 21
Server version: 8.0.27 MySQL Community Server - GPL

Copyright (c) 2000, 2021, Oracle and/or its affiliates.

Oracle is a registered trademark of Oracle Corporation and/or its
affiliates. Other names may be trademarks of their respective
owners.

Type 'help;' or '\h' for help. Type '\c' to clear the current input statement.

mysql> alter table orders add foreign key (customer) references customer (account);
ERROR 1046 (3D000): No database selected
mysql> use itbank
Database changed
mysql> alter table orders add foreign key (customer) references customer (account);
ERROR 3780 (HY000): Referencing column 'customer' and referenced column 'account' in foreign key constraint 'orders_ibfk_1' are incompatible.
mysql> alter table orders add foreign key (customer) references customer (account);
ERROR 3780 (HY000): Referencing column 'customer' and referenced column 'account' in foreign key constraint 'orders_ibfk_1' are incompatible.
mysql> use itbnak
ERROR 1049 (42000): Unknown database 'itbnak'
mysql> use itbank
Database changed
mysql> alter table orders add foreign key (customer) references customer (account);
ERROR 3780 (HY000): Referencing column 'customer' and referenced column 'account' in foreign key constraint 'orders_ibfk_1' are incompatible.
mysql> alter table Orders add foreign key (customer) references customer (account);
ERROR 3780 (HY000): Referencing column 'customer' and referenced column 'account' in foreign key constraint 'orders_ibfk_1' are incompatible.
mysql> select *from customer;
+---------+--------+--------+--------+-------------+
| account | name   | grade  | credit | address     |
+---------+--------+--------+--------+-------------+
| apple   | 이남이 | VIP    |   5000 | 경기 용인시 |
| bank    | 홍길동 | Gold   |  30000 | 서울 종로구 |
| bird    | 구선두 |        |      0 | 충남 천안시 |
| eagle   | 박세째 | Gold   |   2450 | 부산 남구   |
| king    | 오나라 | Gold   |  15000 | 서울 성북구 |
| pencil  | 김둘   | Silver |    350 | 경기 수원   |
| toms    | 노마진 | New    |      0 | NULL        |
+---------+--------+--------+--------+-------------+
7 rows in set (0.01 sec)

mysql> select * from orders;
Empty set (0.01 sec)

mysql> select * from order;
ERROR 1064 (42000): You have an error in your SQL syntax; check the manual that corresponds to your MySQL server version for the right syntax to use near 'order' at line 1
mysql> select * from orders;
Empty set (0.00 sec)

mysql> select *from orders;
Empty set (0.00 sec)

mysql> select * from items;
+------+----------+--------+-------+
| code | name     | stocks | price |
+------+----------+--------+-------+
| E01  | 김       |     30 |  1500 |
| E02  | 단무지   |     45 |  3250 |
| E03  | 햄       |     15 |  7000 |
| E04  | 우유     |     25 |  4560 |
| E05  | 주스     |     20 |  2300 |
| E06  | 라면     |     30 |  2560 |
| ZZZ  | 삭제상품 |      0 |     0 |
+------+----------+--------+-------+
7 rows in set (0.01 sec)

mysql> select * from customer_outo;
ERROR 1146 (42S02): Table 'itbank.customer_outo' doesn't exist
mysql> select * from customer_auto;
+-----+---------+--------+--------+--------+-------------+
| num | account | name   | grade  | credit | address     |
+-----+---------+--------+--------+--------+-------------+
|   1 | bank    | 홍길동 | Gold   |  30000 | 서울 종로구 |
|   2 | apple   | 이남이 | VIP    |   5000 | 경기 용인시 |
|   3 | pencil  | 김둘   | Silver |    350 | 경기 수원   |
| 100 | eagle   | 박세째 | Gold   |   2450 | 부산 남구   |
| 101 | bird    | 구선두 |        |      0 | 충남 천안시 |
| 102 | bank1   | 홍길서 | Gold   |  10000 | 서울 종로구 |
| 200 | bank2   | 홍길동 | Silver |   2000 | 서울 종로구 |
+-----+---------+--------+--------+--------+-------------+
7 rows in set (0.01 sec)

mysql> show create table orders;
+--------+-------------------------------------------------------------------------------------------------------------------------------------------------------------------------------------------------------------------------------------------------------------------------------------------------------------+
| Table  | Create Table                                                                                                                                                                                                                                                                                                |
+--------+-------------------------------------------------------------------------------------------------------------------------------------------------------------------------------------------------------------------------------------------------------------------------------------------------------------+
| orders | CREATE TABLE `orders` (
  `num` int NOT NULL,
  `customer` varchar(10) NOT NULL,
  `item` char(3) DEFAULT NULL,
  `qty` int NOT NULL DEFAULT '1',
  `date` date DEFAULT NULL,
  `saddr` varchar(100) DEFAULT NULL,
  PRIMARY KEY (`num`)
) ENGINE=InnoDB DEFAULT CHARSET=utf8mb4 COLLATE=utf8mb4_0900_ai_ci |
+--------+-------------------------------------------------------------------------------------------------------------------------------------------------------------------------------------------------------------------------------------------------------------------------------------------------------------+
1 row in set (0.00 sec)

mysql> alter table orders add foreign key (customer) references customer (account);
ERROR 3780 (HY000): Referencing column 'customer' and referenced column 'account' in foreign key constraint 'orders_ibfk_1' are incompatible.
mysql> quit
Bye

```