# 2021. 11. 12. (금)

## mysql

### orders 테이블은 utf8mb4로 설정되어 있었고

### customer, items 테이블들은 utf8mb3으로 설정되어 있었음.

### 때문에 호환불가로 외래키설정 불가하였음. 

### 하여 customer, items 테이블들을 utf8mb4로 설정하였고 이후에 정상적으로 외래키 설정 완료됨.

```

Microsoft Windows [Version 10.0.18362.356]
(c) 2019 Microsoft Corporation. All rights reserved.

C:\Users\user>cd sql

C:\Users\user\SQL>mysql -u thkim -p
Enter password:
Welcome to the MySQL monitor.  Commands end with ; or \g.
Your MySQL connection id is 23
Server version: 8.0.27 MySQL Community Server - GPL

Copyright (c) 2000, 2021, Oracle and/or its affiliates.

Oracle is a registered trademark of Oracle Corporation and/or its
affiliates. Other names may be trademarks of their respective
owners.

Type 'help;' or '\h' for help. Type '\c' to clear the current input statement.

mysql> show tables;
ERROR 1046 (3D000): No database selected
mysql> show dbs;
ERROR 1064 (42000): You have an error in your SQL syntax; check the manual that corresponds to your MySQL server version for the right syntax to use near 'dbs' at line 1
mysql> use itbank
Database changed
mysql> show tables;
+------------------+
| Tables_in_itbank |
+------------------+
| customer         |
| customer_auto    |
| items            |
| orders           |
| orders1          |
| orders3          |
| orders4          |
| orders5          |
+------------------+
8 rows in set (0.02 sec)

mysql> desc customer;
+---------+--------------+------+-----+---------+-------+
| Field   | Type         | Null | Key | Default | Extra |
+---------+--------------+------+-----+---------+-------+
| account | varchar(10)  | NO   | PRI | NULL    |       |
| name    | varchar(10)  | NO   |     | NULL    |       |
| grade   | varchar(6)   | NO   |     | New     |       |
| credit  | int          | YES  |     | 0       |       |
| address | varchar(100) | YES  |     | NULL    |       |
+---------+--------------+------+-----+---------+-------+
5 rows in set (0.01 sec)

mysql> desc orders;
+----------+--------------+------+-----+---------+-------+
| Field    | Type         | Null | Key | Default | Extra |
+----------+--------------+------+-----+---------+-------+
| num      | int          | NO   | PRI | NULL    |       |
| customer | varchar(10)  | NO   |     | NULL    |       |
| item     | char(3)      | YES  |     | NULL    |       |
| qty      | int          | NO   |     | 1       |       |
| date     | date         | YES  |     | NULL    |       |
| saddr    | varchar(100) | YES  |     | NULL    |       |
+----------+--------------+------+-----+---------+-------+
6 rows in set (0.00 sec)

mysql> alter table orders add foreign key (customer) references customer (account);
ERROR 3780 (HY000): Referencing column 'customer' and referenced column 'account' in foreign key constraint 'orders_ibfk_1' are incompatible.
mysql> show create table orders;
+--------+-------------------------------------------------------------------------------------------------------------------------------------------------------------------------------------------------------------------------------------------------------------------------------------------------------------+
| Table  | Create Table                                                                                                                                                                                                                                                                                                |
+--------+-------------------------------------------------------------------------------------------------------------------------------------------------------------------------------------------------------------------------------------------------------------------------------------------------------------+
| orders | CREATE TABLE `orders` (
  `num` int NOT NULL,
  `customer` varchar(10) NOT NULL,
  `item` char(3) DEFAULT NULL,
  `qty` int NOT NULL DEFAULT '1',
  `date` date DEFAULT NULL,
  `saddr` varchar(100) DEFAULT NULL,
  PRIMARY KEY (`num`)
) ENGINE=InnoDB DEFAULT CHARSET=utf8mb4 COLLATE=utf8mb4_0900_ai_ci |
+--------+-------------------------------------------------------------------------------------------------------------------------------------------------------------------------------------------------------------------------------------------------------------------------------------------------------------+
1 row in set (0.00 sec)

mysql> show create table customer;
+----------+------------------------------------------------------------------------------------------------------------------------------------------------------------------------------------------------------------------------------------------------------------------------------+
| Table    | Create Table                                                                                                                                                                                                                                                                 |
+----------+------------------------------------------------------------------------------------------------------------------------------------------------------------------------------------------------------------------------------------------------------------------------------+
| customer | CREATE TABLE `customer` (
  `account` varchar(10) NOT NULL,
  `name` varchar(10) NOT NULL,
  `grade` varchar(6) NOT NULL DEFAULT 'New',
  `credit` int DEFAULT '0',
  `address` varchar(100) DEFAULT NULL,
  PRIMARY KEY (`account`)
) ENGINE=InnoDB DEFAULT CHARSET=utf8mb3 |
+----------+------------------------------------------------------------------------------------------------------------------------------------------------------------------------------------------------------------------------------------------------------------------------------+
1 row in set (0.00 sec)

mysql> alter table customer convert to character set utf8mb4;
Query OK, 7 rows affected (0.33 sec)
Records: 7  Duplicates: 0  Warnings: 0

mysql> alter table orders add foreign key (customer) references customer (account);
Query OK, 0 rows affected (0.52 sec)
Records: 0  Duplicates: 0  Warnings: 0

mysql> alter table orders add foreign key (item) references items(code);
ERROR 3780 (HY000): Referencing column 'item' and referenced column 'code' in foreign key constraint 'orders_ibfk_2' are incompatible.
mysql> desc customer;
+---------+--------------+------+-----+---------+-------+
| Field   | Type         | Null | Key | Default | Extra |
+---------+--------------+------+-----+---------+-------+
| account | varchar(10)  | NO   | PRI | NULL    |       |
| name    | varchar(10)  | NO   |     | NULL    |       |
| grade   | varchar(6)   | NO   |     | New     |       |
| credit  | int          | YES  |     | 0       |       |
| address | varchar(100) | YES  |     | NULL    |       |
+---------+--------------+------+-----+---------+-------+
5 rows in set (0.00 sec)

mysql> desc orders;
+----------+--------------+------+-----+---------+-------+
| Field    | Type         | Null | Key | Default | Extra |
+----------+--------------+------+-----+---------+-------+
| num      | int          | NO   | PRI | NULL    |       |
| customer | varchar(10)  | NO   | MUL | NULL    |       |
| item     | char(3)      | YES  |     | NULL    |       |
| qty      | int          | NO   |     | 1       |       |
| date     | date         | YES  |     | NULL    |       |
| saddr    | varchar(100) | YES  |     | NULL    |       |
+----------+--------------+------+-----+---------+-------+
6 rows in set (0.00 sec)

mysql> desc items;
+--------+-------------+------+-----+---------+-------+
| Field  | Type        | Null | Key | Default | Extra |
+--------+-------------+------+-----+---------+-------+
| code   | char(3)     | NO   | PRI | NULL    |       |
| name   | varchar(20) | NO   |     | NULL    |       |
| stocks | int         | YES  |     | 0       |       |
| price  | int         | YES  |     | 0       |       |
+--------+-------------+------+-----+---------+-------+
4 rows in set (0.01 sec)

mysql> show create table items;
+-------+--------------------------------------------------------------------------------------------------------------------------------------------------------------------------------------------------------+
| Table | Create Table                                                                                                                                                                                           |
+-------+--------------------------------------------------------------------------------------------------------------------------------------------------------------------------------------------------------+
| items | CREATE TABLE `items` (
  `code` char(3) NOT NULL,
  `name` varchar(20) NOT NULL,
  `stocks` int DEFAULT '0',
  `price` int DEFAULT '0',
  PRIMARY KEY (`code`)
) ENGINE=InnoDB DEFAULT CHARSET=utf8mb3 |
+-------+--------------------------------------------------------------------------------------------------------------------------------------------------------------------------------------------------------+
1 row in set (0.00 sec)

mysql> alter table items convert to character set utf8mb4;
Query OK, 7 rows affected (0.22 sec)
Records: 7  Duplicates: 0  Warnings: 0

mysql> alter table items convert to character set utf8;
Query OK, 7 rows affected, 1 warning (0.24 sec)
Records: 7  Duplicates: 0  Warnings: 1

mysql> alter table customer convert to character set utf8;
ERROR 3780 (HY000): Referencing column 'customer' and referenced column 'account' in foreign key constraint 'orders_ibfk_1' are incompatible.
mysql> alter table items convert to character set utf8mb4;
Query OK, 7 rows affected (0.23 sec)
Records: 7  Duplicates: 0  Warnings: 0

mysql> alter table orders add foreign key (item) references items(code);
Query OK, 0 rows affected (0.33 sec)
Records: 0  Duplicates: 0  Warnings: 0

mysql> quit
Bye

```