# 2021. 11. 22. (월)

## mysql

### 테이블 이름변경 및 테이블 관련 기타질의



```

Microsoft Windows [Version 10.0.18362.356]
(c) 2019 Microsoft Corporation. All rights reserved.

C:\Users\user>cd sql

C:\Users\user\SQL>mysql -u thkim -p
Enter password:
Welcome to the MySQL monitor.  Commands end with ; or \g.
Your MySQL connection id is 14
Server version: 8.0.27 MySQL Community Server - GPL

Copyright (c) 2000, 2021, Oracle and/or its affiliates.

Oracle is a registered trademark of Oracle Corporation and/or its
affiliates. Other names may be trademarks of their respective
owners.

Type 'help;' or '\h' for help. Type '\c' to clear the current input statement.

mysql> use itbank
Database changed
mysql> show tables;
+------------------+
| Tables_in_itbank |
+------------------+
| customer         |
| items            |
| orders           |
+------------------+
3 rows in set (0.00 sec)

mysql> alter table customer rename customers;
Query OK, 0 rows affected (0.12 sec)

mysql> show tables;
+------------------+
| Tables_in_itbank |
+------------------+
| customers        |
| items            |
| orders           |
+------------------+
3 rows in set (0.01 sec)

mysql> show create table orders;
+--------+--------------------------------------------------------------------------------------------------------------------------------------------------------------------------------------------------------------------------------------------------------------------------------------------------------------------------------------------------------------------------------------------------------------------------------------------------------------------------------------------------------------------------------------------------------------+
| Table  | Create Table                                                                                                                                                                                                                                                                                                                                                                                                                                                                                                                                                 |
+--------+--------------------------------------------------------------------------------------------------------------------------------------------------------------------------------------------------------------------------------------------------------------------------------------------------------------------------------------------------------------------------------------------------------------------------------------------------------------------------------------------------------------------------------------------------------------+
| orders | CREATE TABLE `orders` (
  `num` int NOT NULL,
  `customer` varchar(10) NOT NULL,
  `item` char(3) DEFAULT NULL,
  `qty` int NOT NULL DEFAULT '1',
  `date` date DEFAULT NULL,
  `saddr` varchar(100) DEFAULT NULL,
  PRIMARY KEY (`num`),
  KEY `item` (`item`),
  KEY `customer` (`customer`),
  CONSTRAINT `orders_ibfk_1` FOREIGN KEY (`item`) REFERENCES `items` (`code`) ON DELETE CASCADE,
  CONSTRAINT `orders_ibfk_2` FOREIGN KEY (`customer`) REFERENCES `customers` (`account`)
) ENGINE=InnoDB DEFAULT CHARSET=utf8mb4 COLLATE=utf8mb4_0900_ai_ci |
+--------+--------------------------------------------------------------------------------------------------------------------------------------------------------------------------------------------------------------------------------------------------------------------------------------------------------------------------------------------------------------------------------------------------------------------------------------------------------------------------------------------------------------------------------------------------------------+
1 row in set (0.00 sec)

mysql> show table status from itbnak;
ERROR 1049 (42000): Unknown database 'itbnak'
mysql> show table status from itbank
    -> ;
+-----------+--------+---------+------------+------+----------------+-------------+-----------------+--------------+-----------+----------------+---------------------+---------------------+------------+--------------------+----------+----------------+---------+
| Name      | Engine | Version | Row_format | Rows | Avg_row_length | Data_length | Max_data_length | Index_length | Data_free | Auto_increment | Create_time         | Update_time         | Check_time | Collation          | Checksum | Create_options | Comment |
+-----------+--------+---------+------------+------+----------------+-------------+-----------------+--------------+-----------+----------------+---------------------+---------------------+------------+--------------------+----------+----------------+---------+
| customers | InnoDB |      10 | Dynamic    |    7 |           2340 |       16384 |               0 |            0 |         0 |           NULL | 2021-11-19 10:21:51 | NULL                | NULL       | utf8mb4_0900_ai_ci |     NULL |                |         |
| items     | InnoDB |      10 | Dynamic    |    7 |           2340 |       16384 |               0 |            0 |         0 |           NULL | 2021-11-11 22:16:57 | 2021-11-17 16:25:36 | NULL       | utf8mb4_0900_ai_ci |     NULL |                |         |
| orders    | InnoDB |      10 | Dynamic    |    5 |           3276 |       16384 |               0 |        32768 |         0 |           NULL | 2021-11-19 10:36:55 | NULL                | NULL       | utf8mb4_0900_ai_ci |     NULL |                |         |
+-----------+--------+---------+------------+------+----------------+-------------+-----------------+--------------+-----------+----------------+---------------------+---------------------+------------+--------------------+----------+----------------+---------+
3 rows in set (0.02 sec)

mysql> show table status from itbank;
+-----------+--------+---------+------------+------+----------------+-------------+-----------------+--------------+-----------+----------------+---------------------+---------------------+------------+--------------------+----------+----------------+---------+
| Name      | Engine | Version | Row_format | Rows | Avg_row_length | Data_length | Max_data_length | Index_length | Data_free | Auto_increment | Create_time         | Update_time         | Check_time | Collation          | Checksum | Create_options | Comment |
+-----------+--------+---------+------------+------+----------------+-------------+-----------------+--------------+-----------+----------------+---------------------+---------------------+------------+--------------------+----------+----------------+---------+
| customers | InnoDB |      10 | Dynamic    |    7 |           2340 |       16384 |               0 |            0 |         0 |           NULL | 2021-11-19 10:21:51 | NULL                | NULL       | utf8mb4_0900_ai_ci |     NULL |                |         |
| items     | InnoDB |      10 | Dynamic    |    7 |           2340 |       16384 |               0 |            0 |         0 |           NULL | 2021-11-11 22:16:57 | 2021-11-17 16:25:36 | NULL       | utf8mb4_0900_ai_ci |     NULL |                |         |
| orders    | InnoDB |      10 | Dynamic    |    5 |           3276 |       16384 |               0 |        32768 |         0 |           NULL | 2021-11-19 10:36:55 | NULL                | NULL       | utf8mb4_0900_ai_ci |     NULL |                |         |
+-----------+--------+---------+------------+------+----------------+-------------+-----------------+--------------+-----------+----------------+---------------------+---------------------+------------+--------------------+----------+----------------+---------+
3 rows in set (0.00 sec)

mysql> quit
Bye

```