# 2021. 11. 18. (목)

## mysql

### 테이블 속성 추가 및 위치 변경, 속성삭제



```

Microsoft Windows [Version 10.0.18362.356]
(c) 2019 Microsoft Corporation. All rights reserved.

C:\Users\user>cd
C:\Users\user

C:\Users\user>cd sql

C:\Users\user\SQL>mysql -u thkim -p
Enter password:
Welcome to the MySQL monitor.  Commands end with ; or \g.
Your MySQL connection id is 10
Server version: 8.0.27 MySQL Community Server - GPL

Copyright (c) 2000, 2021, Oracle and/or its affiliates.

Oracle is a registered trademark of Oracle Corporation and/or its
affiliates. Other names may be trademarks of their respective
owners.

Type 'help;' or '\h' for help. Type '\c' to clear the current input statement.

mysql> use itbank
Database changed
mysql> desc customer;
+---------+--------------+------+-----+---------+-------+
| Field   | Type         | Null | Key | Default | Extra |
+---------+--------------+------+-----+---------+-------+
| account | varchar(10)  | NO   | PRI | NULL    |       |
| name    | varchar(10)  | NO   |     | NULL    |       |
| grade   | varchar(6)   | NO   |     | New     |       |
| credit  | int          | YES  |     | 0       |       |
| address | varchar(100) | YES  |     | NULL    |       |
+---------+--------------+------+-----+---------+-------+
5 rows in set (0.01 sec)

mysql> alter table customer add joindate datetime not null;
Query OK, 0 rows affected (0.16 sec)
Records: 0  Duplicates: 0  Warnings: 0

mysql> desc customer;
+----------+--------------+------+-----+---------+-------+
| Field    | Type         | Null | Key | Default | Extra |
+----------+--------------+------+-----+---------+-------+
| account  | varchar(10)  | NO   | PRI | NULL    |       |
| name     | varchar(10)  | NO   |     | NULL    |       |
| grade    | varchar(6)   | NO   |     | New     |       |
| credit   | int          | YES  |     | 0       |       |
| address  | varchar(100) | YES  |     | NULL    |       |
| joindate | datetime     | NO   |     | NULL    |       |
+----------+--------------+------+-----+---------+-------+
6 rows in set (0.01 sec)

mysql> altertable customer add joindate datetime not null first;
ERROR 1064 (42000): You have an error in your SQL syntax; check the manual that corresponds to your MySQL server version for the right syntax to use near 'altertable customer add joindate datetime not null first' at line 1
mysql> alter table customer add joindate datetime not null first;
ERROR 1060 (42S21): Duplicate column name 'joindate'
mysql> alter table customer add joindate datetime not null first;
ERROR 1060 (42S21): Duplicate column name 'joindate'
mysql> ALTER TABLE customer ADD joinDate DATETIME not null FIRST;
ERROR 1060 (42S21): Duplicate column name 'joindate'
mysql> alter table customer add join date datetime not null first;
ERROR 1064 (42000): You have an error in your SQL syntax; check the manual that corresponds to your MySQL server version for the right syntax to use near 'join date datetime not null first' at line 1
mysql> alter table customer add joindate datetime not null first;
ERROR 1060 (42S21): Duplicate column name 'joindate'
mysql> alter table customer modify column joindate datetime not null first;
Query OK, 0 rows affected (0.13 sec)
Records: 0  Duplicates: 0  Warnings: 0

mysql> desc customer;
+----------+--------------+------+-----+---------+-------+
| Field    | Type         | Null | Key | Default | Extra |
+----------+--------------+------+-----+---------+-------+
| joindate | datetime     | NO   |     | NULL    |       |
| account  | varchar(10)  | NO   | PRI | NULL    |       |
| name     | varchar(10)  | NO   |     | NULL    |       |
| grade    | varchar(6)   | NO   |     | New     |       |
| credit   | int          | YES  |     | 0       |       |
| address  | varchar(100) | YES  |     | NULL    |       |
+----------+--------------+------+-----+---------+-------+
6 rows in set (0.01 sec)

mysql> alter table customer add joindate datetime not null after credit;
ERROR 1060 (42S21): Duplicate column name 'joindate'
mysql> alter table customer drop joind;
ERROR 1091 (42000): Can't DROP 'joind'; check that column/key exists
mysql> alter table customer drop joindate;
Query OK, 0 rows affected (0.15 sec)
Records: 0  Duplicates: 0  Warnings: 0

mysql> desc customer;
+---------+--------------+------+-----+---------+-------+
| Field   | Type         | Null | Key | Default | Extra |
+---------+--------------+------+-----+---------+-------+
| account | varchar(10)  | NO   | PRI | NULL    |       |
| name    | varchar(10)  | NO   |     | NULL    |       |
| grade   | varchar(6)   | NO   |     | New     |       |
| credit  | int          | YES  |     | 0       |       |
| address | varchar(100) | YES  |     | NULL    |       |
+---------+--------------+------+-----+---------+-------+
5 rows in set (0.01 sec)

mysql> quit
Bye

```